[2026-09-23T03:14:35.123Z] 版本：sycm-automation 1.0.0
[2026-09-23T03:14:35.124Z] === 分批跑开始：目标日 yesterday → 2026-09-22；每批 1 家；共 1 批；模式 rehearse（不写飞书） ===
[2026-09-23T03:14:35.124Z] 本批证据根：evidence/batches-2026-09-22
[2026-09-23T03:14:35.124Z] --- ensure-shared：C:\Users\Administrator\.workbuddy\binaries\node\versions\22.22.2-3\node.exe D:\Retire\sycm-automation\scripts\start-all.mjs --only dailyReport
[起齐] 目标 1 个实例（来源：runtime/browser-ports.mjs）
  · 商家浏览器（日报/周表/灰豚）  起前:browser-missing  代理在，浏览器没了
      已起 browser pid=31780  日志 runtime/start-stop-logs/2026-09-23T03-14-35/dailyReport-browser.log
      起后:ready
[判据] 目标全部就位
       复核：node runtime/browser-inventory.mjs
[2026-09-23T03:14:37.583Z] --- ensure-shared 退出码=0
[2026-09-23T03:14:37.583Z] --- 第 1/1 批：里可林淘宝 ---
[2026-09-23T03:14:37.584Z] --- start：C:\Users\Administrator\.workbuddy\binaries\node\versions\22.22.2-3\node.exe D:\Retire\sycm-automation\scripts\start-all.mjs --only 里可林淘宝
[起齐] 目标 1 个实例（来源：runtime/browser-ports.mjs）
  · 里可林淘宝  起前:browser-missing  代理在，浏览器没了
      已起 browser pid=63988  日志 runtime/start-stop-logs/2026-09-23T03-14-37/里可林淘宝-browser.log
      起后:ready
[判据] 目标全部就位
       复核：node runtime/browser-inventory.mjs
[2026-09-23T03:14:40.064Z] --- start 退出码=0
[2026-09-23T03:14:40.065Z] --- label:里可林淘宝：C:\Users\Administrator\.workbuddy\binaries\node\versions\22.22.2-3\node.exe D:\Retire\sycm-automation\runtime\shop-window-label.mjs --commit --front --only 里可林淘宝
{
 "commit": true,
 "prune": false,
 "label": true,
 "shops": {
  "里可林淘宝": {
   "browserPort": 19031,
   "proxyPort": 19041,
   "windowTitle": "里可林淘宝 · 日报采集窗口",
   "memberName": "里可林家居:阿彦",
   "labelTabs": 0,
   "tabs": [
    "工作页（链路要用）  https://one.alimama.com/index.html#!/login/index?mxredirectUrl=%23!%2Freport%2Faccount%3FrptType%3Daccount%26startTime%3D2026-09-21%26endTime%3D2026-09-21%26effectEqual%3D30%26bizCodeIn%3D%255B%2522onebpSearch%2522%252C%2522onebpDisplay%2522%255D%26granularity%3Dday   ← 这一页现在停在登录页，说明这家店还没登录",
    "工作页（链路要用）  https://sycm.taobao.com/custom/login.htm?_target=http://sycm.taobao.com/qos/service/frame/shop/performance/new#/shop   ← 这一页现在停在登录页，说明这家店还没登录",
    "空白页（残留）  about:blank"
   ],
   "leftover": [
    "空白页（残留）  about:blank"
   ],
   "loginHint": "这家店还没登录：看到登录页的是 one.alimama.com、sycm.taobao.com",
   "labelTab": {
    "ok": true,
    "reused": false,
    "adoptedBlank": true,
    "targetId": "9E8A9D5C689D331905D1823CC51120B2",
    "pinned": true
   },
   "labelState": "需要登录（来源：从页签 URL 读出来）",
   "labelMember": "里可林家居:阿彦",
   "labelActual": "没读到实际登录的会员名 ⇒ 标签页上不显示这一行（页面上没有「会员名 + ID」那一段（多半还停在登录页））",
   "fronted": true
  }
 },
 "failed": 0
}
[2026-09-23T03:14:40.528Z] --- label:里可林淘宝 退出码=0
[2026-09-23T03:14:40.529Z] --- chain：C:\Users\Administrator\.workbuddy\binaries\node\versions\22.22.2-3\node.exe D:\Retire\sycm-automation\skills\sycm-alimama-daily-report\scripts\run-multi-shop-day.mjs --date yesterday --shops 里可林淘宝 --notify-print --logs evidence\batches-2026-09-22\b1
[驱动] 目标日 2026-09-22｜模式 rehearse｜店铺 1 家：里可林淘宝
[驱动] （--date yesterday 按 Asia/Shanghai 解析成 2026-09-22）
[驱动] 日志根 D:\Retire\sycm-automation\evidence\batches-2026-09-22\b1
[驱动] 本机 DESKTOP-KJP4RA5
[驱动] 排练模式：采集是真的，两个写入方都是干跑，不写飞书。
[驱动] 出错时：--notify-print：只打印不投递
[驱动]   里可林淘宝 | 页头店名 里可林家居 | 会员 里可林家居:阿彦 2350600069
[一轮]   归位：有一项不敢动或没做成（生意参谋工作页:ambiguous-drift），交给体检去报
[一轮]     [归位] 生意参谋工作页：ambiguous-drift
[一轮]     [归位] 飞书底单页：create
[一轮]   体检未通过：阻断 1 项，告警 1 项
[一轮]     [阻断] TARGET_PAGE_MISSING：目标页面「生意参谋工作页」不在这个浏览器里（按片段 sycm.taobao.com/qos/service/frame/shop/performance 找到 0 个）；采集会从落位那一步就失败。
[一轮]     [告警] EGRESS_PROXY_NOT_DECLARED：没有声明出网代理，判不出浏览器走哪条路出网。浏览器默认跟随机器级系统代理，机器级代理不可达时**所有**页面都报 ERR_PROXY_CONNECTION_FAILED（2026-09-18 实测）。要么显式声明出网代理，要么启动浏览器时固定用 --no-proxy-server。
[一轮]     已跑 ENVIRONMENT:port/ENVIRONMENT:pages/ENVIRONMENT:egress；未通过 1 项：TARGET_PAGE_MISSING；未实现的层：IDENTITY/SESSION/END_TO_END（这几层**没有检查过**，不表示通过）
[驱动] 商家浏览器体检未通过 ⇒ 整轮不跑（推送段与回读段都要用它）。详见 evidence\batches-2026-09-22\b1\00-health-check-daily.txt
[驱动] 告警文案（收信人看到的）：
【需要处理】全部店铺的日报都没跑起来（统计日 2026-09-22）
对象：日报一轮 · 1 家店
数据周期：统计日 2026-09-22
任务：各店铺日报
原因：整轮没开跑：那个开着飞书「各店铺日报」的浏览器窗口里，页面不齐。
  目标页面「生意参谋工作页」不在这个浏览器里（按片段 sycm.taobao.com/qos/service/frame/shop/performance 找到 0 个）；采集会从落位那一步就失败。
下一步：打开那个开着飞书「各店铺日报」的浏览器窗口，把这两页各开一个（只留一个，多开同样会报错）：生意参谋的「店铺」工作页、飞书「各店铺日报」底单页。开好后告诉技术同学重跑一次。
时间：2026-09-23 11:14
告警编号：daily-round-20260922
[驱动] （--notify-print：只打印、不投递）
[2026-09-23T03:14:43.661Z] --- chain 退出码=1
[2026-09-23T03:14:43.661Z] --- stop：跳过 —— 这一批没跑成（链退出码 1）—— 窗口留着等人看；处理完后用 node scripts/stop-all.mjs --yes --only <本批店铺> 释放
[2026-09-23T03:14:43.661Z] [批次] 这一批的窗口**留着**：这一批没跑成（链退出码 1）—— 窗口留着等人看；处理完后用 node scripts/stop-all.mjs --yes --only <本批店铺> 释放
[2026-09-23T03:14:43.661Z] --- 第 1/1 批：里可林淘宝 小结：链退出码=1；释放=未做；这一批没跑成（链退出码 1）—— 窗口留着等人看；处理完后用 node scripts/stop-all.mjs --yes --only <本批店铺> 释放
[2026-09-23T03:14:43.700Z] === 分批跑结束：0/1 批成功；释放 0 批；明细 evidence/batches-2026-09-22/batches.json ===
[2026-09-23T05:29:24.763Z] 版本：sycm-automation 1.2.0
[2026-09-23T05:29:24.764Z] === 分批跑开始：目标日 yesterday → 2026-09-22；每批 5 家；共 1 批；模式 rehearse（不写飞书） ===
[2026-09-23T05:29:24.764Z] 本批证据根：evidence/batches-2026-09-22
[2026-09-23T05:29:24.764Z] --- ensure-shared：C:\Users\Administrator\.workbuddy\binaries\node\versions\22.22.2-3\node.exe D:\Retire\sycm-automation\scripts\start-all.mjs --only dailyReport
[起齐] 目标 1 个实例（来源：runtime/browser-ports.mjs）
  · 商家浏览器（日报/周表/灰豚）  起前:browser-missing  代理在，浏览器没了
      已起 browser pid=43756  日志 runtime/start-stop-logs/2026-09-23T05-29-24/dailyReport-browser.log
      起后:ready
[判据] 目标全部就位
       复核：node runtime/browser-inventory.mjs
[2026-09-23T05:29:27.136Z] --- ensure-shared 退出码=0
[2026-09-23T05:29:27.137Z] --- login-preflight：C:\Users\Administrator\.workbuddy\binaries\node\versions\22.22.2-3\node.exe D:\Retire\sycm-automation\skills\sycm-alimama-daily-report\scripts\check-login-shops.mjs --login --shops 里可林淘宝,网林天猫,盖文淘宝,盖文天猫,科塔淘宝 --json
{
 "machine": "DESKTOP-KJP4RA5",
 "verdict": "INCONCLUSIVE",
 "autoLogin": true,
 "needHuman": [],
 "unknown": [
  {
   "shop": "里可林淘宝",
   "sites": [
    "sycm",
    "alimama"
   ]
  },
  {
   "shop": "网林天猫",
   "sites": [
    "sycm",
    "alimama"
   ]
  },
  {
   "shop": "盖文淘宝",
   "sites": [
    "sycm",
    "alimama"
   ]
  },
  {
   "shop": "盖文天猫",
   "sites": [
    "sycm",
    "alimama"
   ]
  },
  {
   "shop": "科塔淘宝",
   "sites": [
    "sycm",
    "alimama"
   ]
  }
 ],
 "checked": 5,
 "rows": [
  {
   "shop": "里可林淘宝",
   "verdict": "UNKNOWN",
   "sites": {
    "sycm": "UNREADABLE",
    "alimama": "UNREADABLE"
   },
   "needsLogin": [],
   "unreadable": [
    "sycm",
    "alimama"
   ],
   "href": {
    "sycm": null,
    "alimama": null
   },
   "scriptVerdict": "STOP_AND_ALERT",
   "detail": "http://127.0.0.1:19041/targets → HTTP 500 {\"error\":\"连不上浏览器调试端口 19031（本次进程自报的身份是 edge-shop-likelin-home）：fetch failed\\n本项目请用启动器起专用浏览器，端口与 profile 的唯一来源是 runtime/browser-ports.mjs：\\n  竞品/买家链: node runtime",
   "childExitCode": 3,
   "probeError": null
  },
  {
   "shop": "网林天猫",
   "verdict": "UNKNOWN",
   "sites": {
    "sycm": "UNREADABLE",
    "alimama": "UNREADABLE"
   },
   "needsLogin": [],
   "unreadable": [
    "sycm",
    "alimama"
   ],
   "href": {
    "sycm": null,
    "alimama": null
   },
   "scriptVerdict": "STOP_AND_ALERT",
   "detail": "http://127.0.0.1:19042/targets → HTTP 500 {\"error\":\"连不上浏览器调试端口 19032（本次进程自报的身份是 edge-shop-wanglin-flagship）：fetch failed\\n本项目请用启动器起专用浏览器，端口与 profile 的唯一来源是 runtime/browser-ports.mjs：\\n  竞品/买家链: node run",
   "childExitCode": 3,
   "probeError": null
  },
  {
   "shop": "盖文淘宝",
   "verdict": "UNKNOWN",
   "sites": {
    "sycm": "UNREADABLE",
    "alimama": "UNREADABLE"
   },
   "needsLogin": [],
   "unreadable": [
    "sycm",
    "alimama"
   ],
   "href": {
    "sycm": null,
    "alimama": null
   },
   "scriptVerdict": "STOP_AND_ALERT",
   "detail": "http://127.0.0.1:19043/targets → HTTP 500 {\"error\":\"连不上浏览器调试端口 19033（本次进程自报的身份是 edge-shop-suixin-custom）：fetch failed\\n本项目请用启动器起专用浏览器，端口与 profile 的唯一来源是 runtime/browser-ports.mjs：\\n  竞品/买家链: node runtim",
   "childExitCode": 3,
   "probeError": null
  },
  {
   "shop": "盖文天猫",
   "verdict": "UNKNOWN",
   "sites": {
    "sycm": "UNREADABLE",
    "alimama": "UNREADABLE"
   },
   "needsLogin": [],
   "unreadable": [
    "sycm",
    "alimama"
   ],
   "href": {
    "sycm": null,
    "alimama": null
   },
   "scriptVerdict": "STOP_AND_ALERT",
   "detail": "http://127.0.0.1:19045/targets → HTTP 500 {\"error\":\"连不上浏览器调试端口 19035（本次进程自报的身份是 edge-shop-gaiwen-flagship）：fetch failed\\n本项目请用启动器起专用浏览器，端口与 profile 的唯一来源是 runtime/browser-ports.mjs：\\n  竞品/买家链: node runt",
   "childExitCode": 3,
   "probeError": null
  },
  {
   "shop": "科塔淘宝",
   "verdict": "UNKNOWN",
   "sites": {
    "sycm": "UNREADABLE",
    "alimama": "UNREADABLE"
   },
   "needsLogin": [],
   "unreadable": [
    "sycm",
    "alimama"
   ],
   "href": {
    "sycm": null,
    "alimama": null
   },
   "scriptVerdict": "STOP_AND_ALERT",
   "detail": "http://127.0.0.1:19044/targets → HTTP 500 {\"error\":\"连不上浏览器调试端口 19034（本次进程自报的身份是 edge-shop-j873522735）：fetch failed\\n本项目请用启动器起专用浏览器，端口与 profile 的唯一来源是 runtime/browser-ports.mjs：\\n  竞品/买家链: node runtime/s",
   "childExitCode": 3,
   "probeError": null
  }
 ]
}
[2026-09-23T05:30:48.838Z] --- login-preflight 结论已落 evidence/batches-2026-09-22/login-preflight.json（3952 字节；每一批的链都会读它）
[2026-09-23T05:30:48.838Z] --- login-preflight 退出码=3
[2026-09-23T05:30:48.838Z] [批次] 注意：login-preflight 不是「全在登录态」（退出码 3）—— 不阻断，链的告警会点名是哪家店的哪个后台。
[2026-09-23T05:30:48.838Z] --- 第 1/1 批：里可林淘宝、网林天猫、盖文淘宝、盖文天猫、科塔淘宝 ---
[2026-09-23T05:30:48.838Z] --- start：C:\Users\Administrator\.workbuddy\binaries\node\versions\22.22.2-3\node.exe D:\Retire\sycm-automation\scripts\start-all.mjs --only 里可林淘宝,网林天猫,盖文淘宝,盖文天猫,科塔淘宝
[起齐] 目标 5 个实例（来源：runtime/browser-ports.mjs）
  · 里可林淘宝  起前:browser-missing  代理在，浏览器没了
      已起 browser pid=34744  日志 runtime/start-stop-logs/2026-09-23T05-30-49/里可林淘宝-browser.log
      起后:ready
  · 网林天猫  起前:browser-missing  代理在，浏览器没了
      已起 browser pid=19732  日志 runtime/start-stop-logs/2026-09-23T05-30-49/网林天猫-browser.log
      起后:ready
  · 盖文淘宝  起前:browser-missing  代理在，浏览器没了
      已起 browser pid=55048  日志 runtime/start-stop-logs/2026-09-23T05-30-49/盖文淘宝-browser.log
      起后:ready
  · 盖文天猫  起前:browser-missing  代理在，浏览器没了
      已起 browser pid=63380  日志 runtime/start-stop-logs/2026-09-23T05-30-49/盖文天猫-browser.log
      起后:ready
  · 科塔淘宝  起前:browser-missing  代理在，浏览器没了
      已起 browser pid=47004  日志 runtime/start-stop-logs/2026-09-23T05-30-49/科塔淘宝-browser.log
      起后:ready
[判据] 目标全部就位
       复核：node runtime/browser-inventory.mjs
[2026-09-23T05:30:59.426Z] --- start 退出码=0
[2026-09-23T05:30:59.427Z] --- label:里可林淘宝：C:\Users\Administrator\.workbuddy\binaries\node\versions\22.22.2-3\node.exe D:\Retire\sycm-automation\runtime\shop-window-label.mjs --commit --front --only 里可林淘宝
{
 "commit": true,
 "prune": false,
 "label": true,
 "shops": {
  "里可林淘宝": {
   "browserPort": 19031,
   "proxyPort": 19041,
   "windowTitle": "里可林淘宝 · 日报采集窗口",
   "memberName": "里可林家居:阿彦",
   "labelTabs": 0,
   "tabs": [
    "工作页（链路要用）  https://one.alimama.com/index.html#!/login/index?mxredirectUrl=%23!%2Freport%2Faccount%3FrptType%3Daccount%26startTime%3D2026-09-21%26endTime%3D2026-09-21%26effectEqual%3D30%26bizCodeIn%3D%255B%2522onebpSearch%2522%252C%2522onebpDisplay%2522%255D%26granularity%3Dday   ← 这一页现在停在登录页，说明这家店还没登录",
    "空白页（残留）  about:blank",
    "空白页（残留）  about:blank",
    "工作页（链路要用）  https://sycm.taobao.com/custom/login.htm?_target=http://sycm.taobao.com/qos/service/frame/shop/performance/new#/shop   ← 这一页现在停在登录页，说明这家店还没登录"
   ],
   "leftover": [
    "空白页（残留）  about:blank",
    "空白页（残留）  about:blank"
   ],
   "loginHint": "这家店还没登录：看到登录页的是 one.alimama.com、sycm.taobao.com",
   "labelTab": {
    "ok": true,
    "reused": false,
    "adoptedBlank": true,
    "extraBlanks": 1,
    "hint": "窗口里还剩 1 个空白页，加 --prune 一并关掉",
    "targetId": "0FCE610912CE45C452D3E417C3B62311",
    "pinned": true
   },
   "labelState": "需要登录（来源：从页签 URL 读出来）",
   "labelMember": "里可林家居:阿彦",
   "labelActual": "没读到实际登录的会员名 ⇒ 标签页上不显示这一行（页面上没有「会员名 + ID」那一段（多半还停在登录页））",
   "fronted": true
  }
 },
 "failed": 0
}
[2026-09-23T05:31:00.286Z] --- label:里可林淘宝 退出码=0
[2026-09-23T05:31:00.286Z] --- label:网林天猫：C:\Users\Administrator\.workbuddy\binaries\node\versions\22.22.2-3\node.exe D:\Retire\sycm-automation\runtime\shop-window-label.mjs --commit --front --only 网林天猫
{
 "commit": true,
 "prune": false,
 "label": true,
 "shops": {
  "网林天猫": {
   "browserPort": 19032,
   "proxyPort": 19042,
   "windowTitle": "网林天猫 · 日报采集窗口",
   "memberName": "网林家居旗舰店:阿彦",
   "labelTabs": 1,
   "tabs": [
    "窗口标签页（写着这是哪家店）  file:///D:/Retire/sycm-automation/runtime/shop-window-label.html?shop=%E7%BD%91%E6%9E%97%E5%A4%A9%E7%8C%AB&port=19032&member=%E7%BD%91%E6%9E%97%E5%AE%B6%E5%B1%85%E6%97%97%E8%88%B0%E5%BA%97%3A%E9%98%BF%E5%BD%A6&actual=%E7%BD%91%E6%9E%97%E5%AE%B6%E5%B1%85%E6%97%97%E8%88%B0%E5%BA%97%3A%E9%98%BF%E5%BD%A6",
    "工作页（链路要用）  https://sycm.taobao.com/custom/login.htm?_target=http://sycm.taobao.com/qos/service/frame/shop/performance/new#/shop   ← 这一页现在停在登录页，说明这家店还没登录",
    "空白页（残留）  about:blank",
    "工作页（链路要用）  https://one.alimama.com/index.html#!/login/index?mxredirectUrl=%23!%2Freport%2Fdownload-list   ← 这一页现在停在登录页，说明这家店还没登录"
   ],
   "leftover": [
    "空白页（残留）  about:blank"
   ],
   "loginHint": "这家店还没登录：看到登录页的是 sycm.taobao.com、one.alimama.com",
   "labelTab": {
    "ok": true,
    "reused": true,
    "targetId": "F2E0E1333982D94E97A4E3104C6FAD5D",
    "pinned": true
   },
   "labelState": "需要登录（来源：从页签 URL 读出来）",
   "labelMember": "网林家居旗舰店:阿彦",
   "labelActual": "没读到实际登录的会员名 ⇒ 标签页上不显示这一行（页面上没有「会员名 + ID」那一段（多半还停在登录页））",
   "fronted": true
  }
 },
 "failed": 0
}
[2026-09-23T05:31:01.069Z] --- label:网林天猫 退出码=0
[2026-09-23T05:31:01.070Z] --- label:盖文淘宝：C:\Users\Administrator\.workbuddy\binaries\node\versions\22.22.2-3\node.exe D:\Retire\sycm-automation\runtime\shop-window-label.mjs --commit --front --only 盖文淘宝
{
 "commit": true,
 "prune": false,
 "label": true,
 "shops": {
  "盖文淘宝": {
   "browserPort": 19033,
   "proxyPort": 19043,
   "windowTitle": "盖文淘宝 · 日报采集窗口",
   "memberName": "随心品质定制:阿彦",
   "labelTabs": 1,
   "tabs": [
    "窗口标签页（写着这是哪家店）  file:///D:/Retire/sycm-automation/runtime/shop-window-label.html?shop=%E7%9B%96%E6%96%87%E6%B7%98%E5%AE%9D&port=19033&member=%E9%9A%8F%E5%BF%83%E5%93%81%E8%B4%A8%E5%AE%9A%E5%88%B6%3A%E9%98%BF%E5%BD%A6&actual=%E9%9A%8F%E5%BF%83%E5%93%81%E8%B4%A8%E5%AE%9A%E5%88%B6%3A%E9%98%BF%E5%BD%A6",
    "工作页（链路要用）  https://sycm.taobao.com/custom/login.htm?_target=http://sycm.taobao.com/qos/service/frame/shop/performance/new#/shop   ← 这一页现在停在登录页，说明这家店还没登录",
    "空白页（残留）  about:blank",
    "工作页（链路要用）  https://one.alimama.com/index.html#!/login/index?mxredirectUrl=%23!%2Freport%2Fdownload-list   ← 这一页现在停在登录页，说明这家店还没登录"
   ],
   "leftover": [
    "空白页（残留）  about:blank"
   ],
   "loginHint": "这家店还没登录：看到登录页的是 sycm.taobao.com、one.alimama.com",
   "labelTab": {
    "ok": true,
    "reused": true,
    "targetId": "A75D673B04AF89FA7CAFD99E7F2E494D",
    "pinned": true
   },
   "labelState": "需要登录（来源：从页签 URL 读出来）",
   "labelMember": "随心品质定制:阿彦",
   "labelActual": "没读到实际登录的会员名 ⇒ 标签页上不显示这一行（页面上没有「会员名 + ID」那一段（多半还停在登录页））",
   "fronted": true
  }
 },
 "failed": 0
}
[2026-09-23T05:31:02.202Z] --- label:盖文淘宝 退出码=0
[2026-09-23T05:31:02.202Z] --- label:盖文天猫：C:\Users\Administrator\.workbuddy\binaries\node\versions\22.22.2-3\node.exe D:\Retire\sycm-automation\runtime\shop-window-label.mjs --commit --front --only 盖文天猫
{
 "commit": true,
 "prune": false,
 "label": true,
 "shops": {
  "盖文天猫": {
   "browserPort": 19035,
   "proxyPort": 19045,
   "windowTitle": "盖文天猫 · 日报采集窗口",
   "memberName": "盖文旗舰店:阿彦",
   "labelTabs": 1,
   "tabs": [
    "工作页（链路要用）  https://sycm.taobao.com/custom/login.htm?_target=http://sycm.taobao.com/qos/service/frame/shop/performance/new#/shop   ← 这一页现在停在登录页，说明这家店还没登录",
    "空白页（残留）  about:blank",
    "窗口标签页（写着这是哪家店）  file:///D:/Retire/sycm-automation/runtime/shop-window-label.html?shop=%E7%9B%96%E6%96%87%E5%A4%A9%E7%8C%AB&port=19035&member=%E7%9B%96%E6%96%87%E6%97%97%E8%88%B0%E5%BA%97%3A%E9%98%BF%E5%BD%A6&actual=%E7%9B%96%E6%96%87%E6%97%97%E8%88%B0%E5%BA%97%3A%E9%98%BF%E5%BD%A6",
    "工作页（链路要用）  https://one.alimama.com/index.html#!/login/index?mxredirectUrl=%23!%2Freport%2Fdownload-list   ← 这一页现在停在登录页，说明这家店还没登录"
   ],
   "leftover": [
    "空白页（残留）  about:blank"
   ],
   "loginHint": "这家店还没登录：看到登录页的是 sycm.taobao.com、one.alimama.com",
   "labelTab": {
    "ok": true,
    "reused": true,
    "targetId": "05B0A211CA6E340855952E3E83D1786C",
    "pinned": true
   },
   "labelState": "需要登录（来源：从页签 URL 读出来）",
   "labelMember": "盖文旗舰店:阿彦",
   "labelActual": "没读到实际登录的会员名 ⇒ 标签页上不显示这一行（页面上没有「会员名 + ID」那一段（多半还停在登录页））",
   "fronted": true
  }
 },
 "failed": 0
}
[2026-09-23T05:31:03.094Z] --- label:盖文天猫 退出码=0
[2026-09-23T05:31:03.094Z] --- label:科塔淘宝：C:\Users\Administrator\.workbuddy\binaries\node\versions\22.22.2-3\node.exe D:\Retire\sycm-automation\runtime\shop-window-label.mjs --commit --front --only 科塔淘宝
{
 "commit": true,
 "prune": false,
 "label": true,
 "shops": {
  "科塔淘宝": {
   "browserPort": 19034,
   "proxyPort": 19044,
   "windowTitle": "科塔淘宝 · 日报采集窗口",
   "memberName": "j873522735:阿彦",
   "labelTabs": 0,
   "tabs": [
    "空白页（残留）  about:blank",
    "工作页（链路要用）  https://sycm.taobao.com/custom/login.htm?_target=http://sycm.taobao.com/mc/free/sycm   ← 这一页现在停在登录页，说明这家店还没登录"
   ],
   "leftover": [
    "空白页（残留）  about:blank"
   ],
   "loginHint": "这家店还没登录：看到登录页的是 sycm.taobao.com",
   "labelTab": {
    "ok": true,
    "reused": false,
    "adoptedBlank": true,
    "targetId": "1D7AC798F6EEB5DFED35904A40426133",
    "pinned": true
   },
   "labelState": "需要登录（来源：从页签 URL 读出来）",
   "labelMember": "j873522735:阿彦",
   "labelActual": "没读到实际登录的会员名 ⇒ 标签页上不显示这一行（这个窗口里没有阿里妈妈页签（还停在登录页时就是这样））",
   "fronted": true
  }
 },
 "failed": 0
}
[2026-09-23T05:31:03.886Z] --- label:科塔淘宝 退出码=0
[2026-09-23T05:31:03.887Z] --- chain：C:\Users\Administrator\.workbuddy\binaries\node\versions\22.22.2-3\node.exe D:\Retire\sycm-automation\skills\sycm-alimama-daily-report\scripts\run-multi-shop-day.mjs --date yesterday --shops 里可林淘宝,网林天猫,盖文淘宝,盖文天猫,科塔淘宝 --notify-print --login-preflight D:\Retire\sycm-automation\evidence\batches-2026-09-22\login-preflight.json --logs evidence\batches-2026-09-22\b1
[驱动] 目标日 2026-09-22｜模式 rehearse｜店铺 5 家：里可林淘宝 / 网林天猫 / 盖文淘宝 / 盖文天猫 / 科塔淘宝
[驱动] （--date yesterday 按 Asia/Shanghai 解析成 2026-09-22）
[驱动] 日志根 D:\Retire\sycm-automation\evidence\batches-2026-09-22\b1
[驱动] 跑前登录态结论 D:\Retire\sycm-automation\evidence\batches-2026-09-22\login-preflight.json ⇒ INCONCLUSIVE（掉登录 0 家／没结论 5 家）
[驱动] 本机 DESKTOP-KJP4RA5
[驱动] 排练模式：采集是真的，两个写入方都是干跑，不写飞书。
[驱动] 出错时：--notify-print：只打印不投递
[驱动]   里可林淘宝 | 页头店名 里可林家居 | 会员 里可林家居:阿彦 2350600069
[驱动]   网林天猫 | 页头店名 网林家居旗舰店 | 会员 网林家居旗舰店:阿彦 7314426323
[驱动]   盖文淘宝 | 页头店名 盖文全卫定制 | 会员 随心品质定制:阿彦 887360146
[驱动]   盖文天猫 | 页头店名 盖文旗舰店 | 会员 盖文旗舰店:阿彦 2995200080
[驱动]   科塔淘宝 | 页头店名 科塔全卫定制 | 会员 j873522735:阿彦 412070158
[一轮]   归位：有一项不敢动或没做成（生意参谋工作页:ambiguous-drift），交给体检去报
[一轮]     [归位] 生意参谋工作页：ambiguous-drift
[一轮]   体检未通过：阻断 1 项，告警 1 项
[一轮]     [阻断] TARGET_PAGE_MISSING：目标页面「生意参谋工作页」不在这个浏览器里（按片段 sycm.taobao.com/qos/service/frame/shop/performance 找到 0 个）；采集会从落位那一步就失败。
[一轮]     [告警] EGRESS_PROXY_NOT_DECLARED：没有声明出网代理，判不出浏览器走哪条路出网。浏览器默认跟随机器级系统代理，机器级代理不可达时**所有**页面都报 ERR_PROXY_CONNECTION_FAILED（2026-09-18 实测）。要么显式声明出网代理，要么启动浏览器时固定用 --no-proxy-server。
[一轮]     已跑 ENVIRONMENT:port/ENVIRONMENT:pages/ENVIRONMENT:egress；未通过 1 项：TARGET_PAGE_MISSING；未实现的层：IDENTITY/SESSION/END_TO_END（这几层**没有检查过**，不表示通过）
[驱动] 商家浏览器体检未通过 ⇒ 整轮不跑（推送段与回读段都要用它）。详见 evidence\batches-2026-09-22\b1\00-health-check-daily.txt
[驱动] 告警文案（收信人看到的）：
【需要处理】全部店铺的日报都没跑起来（统计日 2026-09-22）
对象：日报一轮 · 5 家店
数据周期：统计日 2026-09-22
任务：各店铺日报
原因：整轮没开跑：那个开着飞书「各店铺日报」的浏览器窗口里，页面不齐。
  目标页面「生意参谋工作页」不在这个浏览器里（按片段 sycm.taobao.com/qos/service/frame/shop/performance 找到 0 个）；采集会从落位那一步就失败。
（跑前先查过登录态，但这些店没读出结论：里可林淘宝（生意参谋、阿里妈妈）、网林天猫（生意参谋、阿里妈妈）、盖文淘宝（生意参谋、阿里妈妈）、盖文天猫（生意参谋、阿里妈妈）、科塔淘宝（生意参谋、阿里妈妈） —— 它们的登录态没法确认。）
下一步：打开那个开着飞书「各店铺日报」的浏览器窗口，把这两页各开一个（只留一个，多开同样会报错）：生意参谋的「店铺」工作页、飞书「各店铺日报」底单页。开好后告诉技术同学重跑一次。
时间：2026-09-23 13:31
告警编号：daily-round-20260922
[驱动] （--notify-print：只打印、不投递）
[2026-09-23T05:31:05.776Z] --- chain 退出码=1
[2026-09-23T05:31:05.776Z] --- stop：跳过 —— 这一批没跑成（链退出码 1）—— 不主动释放（失败优先解决问题）；处理完后用 node scripts/stop-all.mjs --yes --only <本批店铺> 释放
[2026-09-23T05:31:05.776Z]     （留窗口的前提：本批的 start 是 scripts/start-all.mjs（起完就退）：宿主要在命令结束时回收整棵进程树，所以**这批窗口活不过本轮命令**，「不释放」只是「我不去停它」。要让窗口真的留到人来看，得用 scripts/start-all-hold.mjs 在后台把本批实例托住再排查；人不在现场时，可查的证据在证据目录里（batches.log ＋ 链自己的体检原始输出）。）
[2026-09-23T05:31:05.776Z] [批次] 这一批不主动释放：这一批没跑成（链退出码 1）—— 不主动释放（失败优先解决问题）；处理完后用 node scripts/stop-all.mjs --yes --only <本批店铺> 释放
[2026-09-23T05:31:05.776Z] --- 第 1/1 批：里可林淘宝、网林天猫、盖文淘宝、盖文天猫、科塔淘宝 小结：链退出码=1；释放=未做；这一批没跑成（链退出码 1）—— 不主动释放（失败优先解决问题）；处理完后用 node scripts/stop-all.mjs --yes --only <本批店铺> 释放
[2026-09-23T05:31:05.779Z] === 分批跑结束：0/1 批成功；释放 0 批；明细 evidence/batches-2026-09-22/batches.json ===
