[驱动] 目标日 2026-09-20｜模式 rehearse｜店铺 5 家：里可林淘宝 / 网林天猫 / 盖文淘宝 / 盖文天猫 / 科塔淘宝
[驱动] 日志根 D:\Retire\sycm-automation\evidence\multi-shop-2026-09-20
[驱动] 本机 DESKTOP-KJP4RA5
[驱动] 排练模式：采集是真的，两个写入方都是干跑，不写飞书。
[驱动] 出错时：--notify-print：只打印不投递
[驱动]   里可林淘宝 | 页头店名 里可林家居 | 会员 里可林家居:阿彦 2350600069
[驱动]   网林天猫 | 页头店名 网林家居旗舰店 | 会员 网林家居旗舰店:阿彦 7314426323
[驱动]   盖文淘宝 | 页头店名 盖文全卫定制 | 会员 随心品质定制:阿彦 887360146
[驱动]   盖文天猫 | 页头店名 盖文旗舰店 | 会员 盖文旗舰店:阿彦 2995200080
[驱动]   科塔淘宝 | 页头店名 科塔全卫定制 | 会员 j873522735:阿彦 412070158
[一轮]   归位：本来就在位（生意参谋工作页=1  飞书底单页=1）
[一轮]   体检通过：阻断 0 项，告警 1 项
[一轮]     [告警] EGRESS_PROXY_NOT_DECLARED：没有声明出网代理，判不出浏览器走哪条路出网。浏览器默认跟随机器级系统代理，机器级代理不可达时**所有**页面都报 ERR_PROXY_CONNECTION_FAILED（2026-09-18 实测）。要么显式声明出网代理，要么启动浏览器时固定用 --no-proxy-server。
[一轮]     已跑 ENVIRONMENT:port/ENVIRONMENT:pages/ENVIRONMENT:egress；通过（另有 1 项不阻断的告警）；未实现的层：IDENTITY/SESSION/END_TO_END（这几层**没有检查过**，不表示通过）
[里可林淘宝] 1. health-check —— 体检：这家店的浏览器在不在、profile 对不对、两个必需页面各恰好一个
[里可林淘宝]   归位：本来就在位（生意参谋工作页=1  阿里妈妈报表页=1）
[里可林淘宝]   体检通过：阻断 0 项，告警 1 项
[里可林淘宝]     [告警] EGRESS_PROXY_NOT_DECLARED：没有声明出网代理，判不出浏览器走哪条路出网。浏览器默认跟随机器级系统代理，机器级代理不可达时**所有**页面都报 ERR_PROXY_CONNECTION_FAILED（2026-09-18 实测）。要么显式声明出网代理，要么启动浏览器时固定用 --no-proxy-server。
[里可林淘宝]     已跑 ENVIRONMENT:port/ENVIRONMENT:pages/ENVIRONMENT:egress；通过（另有 1 项不阻断的告警）；未实现的层：IDENTITY/SESSION/END_TO_END（这几层**没有检查过**，不表示通过）
[里可林淘宝] 2. alimama-date —— 阿里妈妈落位（日期全在 URL hash 里，navigate 即落位）
[里可林淘宝] 3. promotion-submit —— 提交推广报表生成任务（之后平台要生成几分钟，中途用第 3/4 步填掉）
[里可林淘宝] 4. sycm-date —— 生意参谋落位（切页签到 询单到付款 再定日期）
[里可林淘宝] 5. shop-report —— 点开日报预览并下载店铺工作簿（会把这个页签留在预览页）
[里可林淘宝] shopXlsxPath = C:\Users\Administrator\Downloads\日报_20260921_b3de46ced2634ef20c9372b4caf00736 (2).xlsx
[里可林淘宝]   店铺工作簿 = C:\Users\Administrator\Downloads\日报_20260921_b3de46ced2634ef20c9372b4caf00736 (2).xlsx
[里可林淘宝] 6. promotion-fetch —— 取推广 zip（先断言任务行是「生成成功」，再真实点复选框）
[里可林淘宝] [fetch] promotionZipPath = C:\Users\Administrator\Downloads\营销场景报表_20260921_172436.zip
[里可林淘宝]   推广 zip = C:\Users\Administrator\Downloads\营销场景报表_20260921_172436.zip
[里可林淘宝] 7. push —— 推送干跑（落 plan.json，不写）
[里可林淘宝] [shop-key] 里可林淘宝 ↔ 源产物店名 里可林家居 一致（证据目录 daily-report-2026-09-20-里可林淘宝-rerun2）
[里可林淘宝]   stderr 尾部：
      [留空] 无线端UV价值：数据源给的是文本标记 NULL，数字字段存不下 ⇒ 该格留空（不是 0）
      Error: duplicate daily report row exists: recvvQ3wXzejAG
          at main (file:///D:/Retire/sycm-automation/skills/sycm-alimama-daily-report/scripts/run-daily-report.mjs:444:32)
          at process.processTicksAndRejections (node:internal/process/task_queues:103:5)
[里可林淘宝] 停在这一步：阶段 push 失败（exit 1）
[代理] 连接层失败（第 1/3 次）：fetch failed｜cause=ECONNRESET → 1.5s 后重发 http://127.0.0.1:19041/targets
[代理] 第 2 次才通：http://127.0.0.1:19041/targets
[里可林淘宝]   停手时页面停在：生意参谋工作页=0  阿里妈妈报表页=1（共 3 个页签）
[里可林淘宝]     · 不属于期望清单：edge://downloads-hub/
[里可林淘宝]     · 不属于期望清单：https://sycm.taobao.com/lyone/auto_analysis/datafetch/report_generation?insertType=sycm&layoutHide=1&useDebug=
[里可林淘宝]   回位：把 https://sycm.taobao.com/lyone/auto_analysis/datafetch/report_generation?insertType=sycm&la 送回 https://sycm.taobao.com/qos/service/frame/shop/performance/new#/shop
[里可林淘宝]   回位后 生意参谋工作页 恰好一个
[驱动] 按默认策略停整轮（要看完全部店加 --keep-going）。已跑的店记在 evidence\multi-shop-2026-09-20。

[驱动] 汇总：
  里可林淘宝：failed（停在 push） —— 阶段 push 失败（exit 1）
[驱动] 明细 evidence\multi-shop-2026-09-20\summary.json
[驱动] 告警文案（收信人看到的）：
【需要处理】里可林淘宝的日报没收完（统计日 2026-09-20）
对象：日报一轮 · 5 家店
店铺：里可林淘宝
数据周期：统计日 2026-09-20
任务：各店铺日报
原因：没跑完 1 家：
· 里可林淘宝—— 停在第 7 步（写进飞书）。这一天飞书里已经有数据了，脚本按「不许写第二遍」停住了。
· 另外 4 家今天一步都没跑（有一家停住后，整轮就停了）：网林天猫、盖文淘宝、盖文天猫、科塔淘宝
下一步：不用处理：2026-09-20 的数据已经在飞书里了。只有确实要重写时才需要先删掉那一天的记录再跑。
时间：2026-09-21 17:25
告警编号：daily-round-20260920
[驱动] （--notify-print：只打印、不投递）
