[2026-09-27T14:30:05.209Z] 商品数据自动采集开始：yesterday → 2026-09-26；5 店；底单串行、询单/推广并行；模式 commit
[2026-09-27T14:32:48.807Z] [底单] 里可林淘宝 已采集 C:\Users\Administrator\Downloads\【生意参谋平台】商品_全部_2026-09-26_2026-09-26 (8).xls
[2026-09-27T14:32:55.202Z] [底单] 网林天猫 已采集 C:\Users\Administrator\Downloads\【生意参谋平台】商品_全部_2026-09-26_2026-09-26 (9).xls
[2026-09-27T14:33:01.799Z] [底单] 盖文淘宝 已采集 C:\Users\Administrator\Downloads\【生意参谋平台】商品_全部_2026-09-26_2026-09-26 (10).xls
[2026-09-27T14:33:07.255Z] [底单] 盖文天猫 已采集 C:\Users\Administrator\Downloads\【生意参谋平台】商品_全部_2026-09-26_2026-09-26 (11).xls
[2026-09-27T14:33:13.675Z] [底单] 科塔淘宝 已采集 C:\Users\Administrator\Downloads\【生意参谋平台】商品_全部_2026-09-26_2026-09-26 (12).xls
[2026-09-27T14:33:22.282Z] [询单] 里可林淘宝 已落盘 D:\Retire\sycm-automation\evidence\product-data-job-2026-09-26\2026-09-26-20260927143005074-73809ec6\里可林淘宝\inquiry.xls
[2026-09-27T14:33:54.927Z] [推广] 里可林淘宝 已采集 C:\Users\Administrator\Downloads\商品报表_20260927_223337.zip
[2026-09-27T14:34:04.779Z] [询单] 网林天猫 已落盘 D:\Retire\sycm-automation\evidence\product-data-job-2026-09-26\2026-09-26-20260927143005074-73809ec6\网林天猫\inquiry.xls
[2026-09-27T14:34:22.773Z] [推广] 网林天猫 失败：采集失败：商品报表下载弹窗没有可点击确定（exit 1）
[2026-09-27T14:34:32.359Z] [询单] 盖文淘宝 已落盘 D:\Retire\sycm-automation\evidence\product-data-job-2026-09-26\2026-09-26-20260927143005074-73809ec6\盖文淘宝\inquiry.xls
[2026-09-27T14:35:06.312Z] [推广] 盖文淘宝 已采集 C:\Users\Administrator\Downloads\商品报表_20260927_223448.zip
[2026-09-27T14:35:13.976Z] [询单] 盖文天猫 已落盘 D:\Retire\sycm-automation\evidence\product-data-job-2026-09-26\2026-09-26-20260927143005074-73809ec6\盖文天猫\inquiry.xls
[2026-09-27T14:35:53.949Z] [推广] 盖文天猫 已采集 C:\Users\Administrator\Downloads\商品报表_20260927_223530.zip
[2026-09-27T14:36:01.907Z] [询单] 科塔淘宝 已落盘 D:\Retire\sycm-automation\evidence\product-data-job-2026-09-26\2026-09-26-20260927143005074-73809ec6\科塔淘宝\inquiry.xls
[2026-09-27T14:36:43.281Z] [推广] 科塔淘宝 已采集 C:\Users\Administrator\Downloads\商品报表_20260927_223617.zip
[2026-09-27T14:36:43.302Z] 失败：网林天猫 商品推广采集失败：采集失败：商品报表下载弹窗没有可点击确定
（TRANSIENT_EXTERNAL/EXTERNAL_RETRYABLE；停在哪一段=promotion）
[2026-09-27T14:36:45.429Z] 浏览器已释放并完成端口二次回读
[2026-09-27T14:36:47.801Z] 告警投递：SENT（exit 0）
[2026-09-27T14:36:47.802Z] 商品数据自动采集结束：退出码 1
