[2026-09-27T14:59:27.988Z] 商品数据自动采集开始：yesterday → 2026-09-26；5 店；底单串行、询单/推广并行；模式 commit
[2026-09-27T15:02:07.861Z] [底单] 里可林淘宝 已采集 C:\Users\Administrator\Downloads\【生意参谋平台】商品_全部_2026-09-26_2026-09-26 (18).xls
[2026-09-27T15:02:14.893Z] [底单] 网林天猫 已采集 C:\Users\Administrator\Downloads\【生意参谋平台】商品_全部_2026-09-26_2026-09-26 (19).xls
[2026-09-27T15:02:21.304Z] [底单] 盖文淘宝 已采集 C:\Users\Administrator\Downloads\【生意参谋平台】商品_全部_2026-09-26_2026-09-26 (20).xls
[2026-09-27T15:02:27.963Z] [底单] 盖文天猫 已采集 C:\Users\Administrator\Downloads\【生意参谋平台】商品_全部_2026-09-26_2026-09-26 (21).xls
[2026-09-27T15:02:35.099Z] [底单] 科塔淘宝 已采集 C:\Users\Administrator\Downloads\【生意参谋平台】商品_全部_2026-09-26_2026-09-26 (22).xls
[2026-09-27T15:02:43.333Z] [询单] 里可林淘宝 已落盘 D:\Retire\sycm-automation\evidence\product-data-job-2026-09-26\2026-09-26-20260927145927861-03ec0bd9\里可林淘宝\inquiry.xls
[2026-09-27T15:03:16.916Z] [推广] 里可林淘宝 已采集 C:\Users\Administrator\Downloads\商品报表_20260927_230259.zip
[2026-09-27T15:03:26.007Z] [询单] 网林天猫 已落盘 D:\Retire\sycm-automation\evidence\product-data-job-2026-09-26\2026-09-26-20260927145927861-03ec0bd9\网林天猫\inquiry.xls
[2026-09-27T15:03:59.356Z] [推广] 网林天猫 已采集 C:\Users\Administrator\Downloads\商品报表_20260927_230341.zip
[2026-09-27T15:04:08.304Z] [询单] 盖文淘宝 已落盘 D:\Retire\sycm-automation\evidence\product-data-job-2026-09-26\2026-09-26-20260927145927861-03ec0bd9\盖文淘宝\inquiry.xls
[2026-09-27T15:04:43.348Z] [推广] 盖文淘宝 已采集 C:\Users\Administrator\Downloads\商品报表_20260927_230423.zip
[2026-09-27T15:04:51.148Z] [询单] 盖文天猫 已落盘 D:\Retire\sycm-automation\evidence\product-data-job-2026-09-26\2026-09-26-20260927145927861-03ec0bd9\盖文天猫\inquiry.xls
[2026-09-27T15:05:23.993Z] [推广] 盖文天猫 已采集 C:\Users\Administrator\Downloads\商品报表_20260927_230506.zip
[2026-09-27T15:05:32.089Z] [询单] 科塔淘宝 已落盘 D:\Retire\sycm-automation\evidence\product-data-job-2026-09-26\2026-09-26-20260927145927861-03ec0bd9\科塔淘宝\inquiry.xls
[2026-09-27T15:06:04.772Z] [推广] 科塔淘宝 已采集 C:\Users\Administrator\Downloads\商品报表_20260927_230547.zip
[2026-09-27T15:06:38.839Z] [导入] 里可林淘宝 底单已写入
[2026-09-27T15:06:48.402Z] [导入] 里可林淘宝 询单已写入
[2026-09-27T15:07:20.382Z] [导入] 网林天猫 底单已写入
[2026-09-27T15:07:32.968Z] [导入] 网林天猫 询单已写入
[2026-09-27T15:08:04.983Z] [导入] 盖文淘宝 底单已写入
[2026-09-27T15:08:17.678Z] [导入] 盖文淘宝 询单已写入
[2026-09-27T15:08:50.224Z] [导入] 盖文天猫 底单已写入
[2026-09-27T15:09:04.022Z] [导入] 盖文天猫 询单已写入
[2026-09-27T15:09:36.908Z] [导入] 科塔淘宝 底单已写入
[2026-09-27T15:09:49.440Z] [导入] 科塔淘宝 询单已写入
[2026-09-27T15:10:10.265Z] [导入] 推广五家已批量写入
[2026-09-27T15:10:10.299Z] 商品三类数据采集与导入完成
[2026-09-27T15:11:18.734Z] 浏览器已释放并完成端口二次回读
[2026-09-27T15:11:19.842Z] 商品数据自动采集结束：退出码 0
