[2026-09-25T00:14:27.730Z] 版本：sycm-automation 1.7.0
[2026-09-25T00:14:27.731Z] === 定时任务开始（目标日字面量 yesterday → 2026-09-24）===
[2026-09-25T00:14:27.731Z] 日志：D:\Retire\sycm-automation\evidence\daily-job-2026-09-24\job.log
[2026-09-25T00:14:27.731Z] --- ensure-instances：C:\Users\Administrator\.workbuddy\binaries\node\versions\22.22.2-3\node.exe D:\Retire\sycm-automation\scripts\start-all.mjs
[起齐] 目标 7 个实例（来源：runtime/browser-ports.mjs）
  · 竞品链（买家号 ＋ 小旺神）  起前:missing  两样都没有，起一整套
      已起 browser pid=50676  日志 runtime/start-stop-logs/2026-09-25T00-14-27/competitor-browser.log
      已起 proxy pid=41036  日志 runtime/start-stop-logs/2026-09-25T00-14-27/competitor-proxy.log
      起后:ready
  · 商家浏览器（日报/周表/灰豚）  起前:missing  两样都没有，起一整套
      已起 browser pid=38608  日志 runtime/start-stop-logs/2026-09-25T00-14-27/dailyReport-browser.log
      已起 proxy pid=42592  日志 runtime/start-stop-logs/2026-09-25T00-14-27/dailyReport-proxy.log
      起后:ready
  · 里可林淘宝  起前:missing  两样都没有，起一整套
      已起 browser pid=6532  日志 runtime/start-stop-logs/2026-09-25T00-14-27/里可林淘宝-browser.log
      已起 proxy pid=23644  日志 runtime/start-stop-logs/2026-09-25T00-14-27/里可林淘宝-proxy.log
      起后:ready
  · 网林天猫  起前:missing  两样都没有，起一整套
      已起 browser pid=36432  日志 runtime/start-stop-logs/2026-09-25T00-14-27/网林天猫-browser.log
      已起 proxy pid=41116  日志 runtime/start-stop-logs/2026-09-25T00-14-27/网林天猫-proxy.log
      起后:ready
  · 盖文淘宝  起前:missing  两样都没有，起一整套
      已起 browser pid=31348  日志 runtime/start-stop-logs/2026-09-25T00-14-27/盖文淘宝-browser.log
      已起 proxy pid=59016  日志 runtime/start-stop-logs/2026-09-25T00-14-27/盖文淘宝-proxy.log
      起后:ready
  · 盖文天猫  起前:proxy-missing  浏览器在，代理没起（不用碰浏览器）
      已起 proxy pid=61872  日志 runtime/start-stop-logs/2026-09-25T00-14-27/盖文天猫-proxy.log
      起后:ready
  · 科塔淘宝  起前:missing  两样都没有，起一整套
      已起 browser pid=45952  日志 runtime/start-stop-logs/2026-09-25T00-14-27/科塔淘宝-browser.log
      已起 proxy pid=55728  日志 runtime/start-stop-logs/2026-09-25T00-14-27/科塔淘宝-proxy.log
      起后:ready
[判据] 目标全部就位
       复核：node runtime/browser-inventory.mjs
[2026-09-25T00:14:42.452Z] --- ensure-instances 退出码=0
[2026-09-25T00:14:42.452Z] --- login-preflight：C:\Users\Administrator\.workbuddy\binaries\node\versions\22.22.2-3\node.exe D:\Retire\sycm-automation\skills\sycm-alimama-daily-report\scripts\check-login-shops.mjs --login --json
[归位] 里可林淘宝（代理 19041）：已归位（生意参谋工作页=0  阿里妈妈报表页=0 → 生意参谋工作页=1  阿里妈妈报表页=1）　动作 生意参谋工作页:create 阿里妈妈报表页:create
[归位] 网林天猫（代理 19042）：已归位（生意参谋工作页=0  阿里妈妈报表页=0 → 生意参谋工作页=1  阿里妈妈报表页=1）　动作 生意参谋工作页:create 阿里妈妈报表页:create
[归位] 盖文淘宝（代理 19043）：已归位（生意参谋工作页=1  阿里妈妈报表页=0 → 生意参谋工作页=1  阿里妈妈报表页=1）　动作 阿里妈妈报表页:create
[归位] 盖文天猫（代理 19045）：本来就在位（生意参谋工作页=1  阿里妈妈报表页=1）
[归位] 科塔淘宝（代理 19044）：已归位（生意参谋工作页=0  阿里妈妈报表页=0 → 生意参谋工作页=1  阿里妈妈报表页=1）　动作 生意参谋工作页:create 阿里妈妈报表页:create
{
 "machine": "DESKTOP-KJP4RA5",
 "verdict": "INCONCLUSIVE",
 "autoLogin": true,
 "normalize": {
  "asked": true,
  "shops": [
   {
    "shop": "里可林淘宝",
    "proxyPort": 19041,
    "ok": true,
    "changed": true,
    "detail": "已归位（生意参谋工作页=0  阿里妈妈报表页=0 → 生意参谋工作页=1  阿里妈妈报表页=1）",
    "actions": [
     "生意参谋工作页:create",
     "阿里妈妈报表页:create"
    ]
   },
   {
    "shop": "网林天猫",
    "proxyPort": 19042,
    "ok": true,
    "changed": true,
    "detail": "已归位（生意参谋工作页=0  阿里妈妈报表页=0 → 生意参谋工作页=1  阿里妈妈报表页=1）",
    "actions": [
     "生意参谋工作页:create",
     "阿里妈妈报表页:create"
    ]
   },
   {
    "shop": "盖文淘宝",
    "proxyPort": 19043,
    "ok": true,
    "changed": true,
    "detail": "已归位（生意参谋工作页=1  阿里妈妈报表页=0 → 生意参谋工作页=1  阿里妈妈报表页=1）",
    "actions": [
     "阿里妈妈报表页:create"
    ]
   },
   {
    "shop": "盖文天猫",
    "proxyPort": 19045,
    "ok": true,
    "changed": false,
    "detail": "本来就在位（生意参谋工作页=1  阿里妈妈报表页=1）",
    "actions": []
   },
   {
    "shop": "科塔淘宝",
    "proxyPort": 19044,
    "ok": true,
    "changed": true,
    "detail": "已归位（生意参谋工作页=0  阿里妈妈报表页=0 → 生意参谋工作页=1  阿里妈妈报表页=1）",
    "actions": [
     "生意参谋工作页:create",
     "阿里妈妈报表页:create"
    ]
   }
  ]
 },
 "roundNotify": {
  "status": "SKIPPED",
  "reason": "这一轮没有「确定要人处理」的店（读不到不算要人；链的第 0 步会先补页面）"
 },
 "needHuman": [],
 "unknown": [
  {
   "shop": "盖文淘宝",
   "sites": [
    "sycm"
   ]
  },
  {
   "shop": "盖文天猫",
   "sites": [
    "sycm"
   ]
  }
 ],
 "checked": 5,
 "rows": [
  {
   "shop": "里可林淘宝",
   "verdict": "OK",
   "sites": {
    "sycm": "LOGGED_IN",
    "alimama": "LOGGED_IN"
   },
   "needsLogin": [],
   "unreadable": [],
   "href": {
    "sycm": "https://sycm.taobao.com/qos/service/frame/shop/performance/new#/shop",
    "alimama": "https://one.alimama.com/index.html"
   },
   "scriptVerdict": "ALREADY_LOGGED_IN",
   "detail": null,
   "notify": {
    "mode": "off",
    "status": "SKIPPED",
    "reason": "verdict_needs_no_human"
   },
   "childExitCode": 0,
   "probeError": null
  },
  {
   "shop": "网林天猫",
   "verdict": "OK",
   "sites": {
    "sycm": "LOGGED_IN",
    "alimama": "LOGGED_IN"
   },
   "needsLogin": [],
   "unreadable": [],
   "href": {
    "sycm": "https://sycm.taobao.com/qos/service/frame/shop/performance/new#/shop",
    "alimama": "https://one.alimama.com/index.html"
   },
   "scriptVerdict": "ALREADY_LOGGED_IN",
   "detail": null,
   "notify": {
    "mode": "off",
    "status": "SKIPPED",
    "reason": "verdict_needs_no_human"
   },
   "childExitCode": 0,
   "probeError": null
  },
  {
   "shop": "盖文淘宝",
   "verdict": "UNKNOWN",
   "sites": {
    "sycm": "UNREADABLE",
    "alimama": "LOGGED_IN"
   },
   "needsLogin": [],
   "unreadable": [
    "sycm"
   ],
   "href": {
    "sycm": null,
    "alimama": "https://one.alimama.com/index.html"
   },
   "scriptVerdict": "PAGES_ABSENT",
   "detail": "读不到的是「生意参谋」—— 这个窗口里现在没有它们的页面（浏览器刚起、页面还没归位时就是这样）。这一次没有开登录页、也没有判「掉登录」；链的第 0 步会先把页面补齐再体检。",
   "notify": {
    "mode": "off",
    "status": "SKIPPED",
    "reason": "verdict_needs_no_human"
   },
   "childExitCode": 3,
   "probeError": null
  },
  {
   "shop": "盖文天猫",
   "verdict": "UNKNOWN",
   "sites": {
    "sycm": "UNREADABLE",
    "alimama": "LOGGED_IN"
   },
   "needsLogin": [],
   "unreadable": [
    "sycm"
   ],
   "href": {
    "sycm": null,
    "alimama": "https://one.alimama.com/index.html"
   },
   "scriptVerdict": "PAGES_ABSENT",
   "detail": "读不到的是「生意参谋」—— 这个窗口里现在没有它们的页面（浏览器刚起、页面还没归位时就是这样）。这一次没有开登录页、也没有判「掉登录」；链的第 0 步会先把页面补齐再体检。",
   "notify": {
    "mode": "off",
    "status": "SKIPPED",
    "reason": "verdict_needs_no_human"
   },
   "childExitCode": 3,
   "probeError": null
  },
  {
   "shop": "科塔淘宝",
   "verdict": "OK",
   "sites": {
    "sycm": "LOGGED_IN",
    "alimama": "LOGGED_IN"
   },
   "needsLogin": [],
   "unreadable": [],
   "href": {
    "sycm": "https://sycm.taobao.com/qos/service/frame/shop/performance/new#/shop",
    "alimama": "https://one.alimama.com/index.html"
   },
   "scriptVerdict": "ALREADY_LOGGED_IN",
   "detail": null,
   "notify": {
    "mode": "off",
    "status": "SKIPPED",
    "reason": "verdict_needs_no_human"
   },
   "childExitCode": 0,
   "probeError": null
  }
 ]
}
[2026-09-25T00:16:56.518Z] --- login-preflight 结论已落 evidence/daily-job-2026-09-24/login-preflight.json（5057 字节；链那一步会读它）
[2026-09-25T00:16:56.518Z] --- login-preflight 退出码=3
[2026-09-25T00:16:56.518Z] [定时] 注意：login-preflight 没成功（退出码 3）—— 不阻断下一步，因为链的第 0 步体检是「今天能不能写」的权威判据，它会给出更准的告警。
[2026-09-25T00:16:56.518Z] --- chain：C:\Users\Administrator\.workbuddy\binaries\node\versions\22.22.2-3\node.exe D:\Retire\sycm-automation\skills\sycm-alimama-daily-report\scripts\run-multi-shop-day.mjs --date yesterday --commit --notify --login-preflight D:\Retire\sycm-automation\evidence\daily-job-2026-09-24\login-preflight.json
[驱动] 目标日 2026-09-24｜模式 commit｜店铺 5 家：里可林淘宝 / 网林天猫 / 盖文淘宝 / 盖文天猫 / 科塔淘宝
[驱动] （--date yesterday 按 Asia/Shanghai 解析成 2026-09-24）
[驱动] 日志根 D:\Retire\sycm-automation\evidence\multi-shop-2026-09-24
[驱动] 跑前登录态结论 D:\Retire\sycm-automation\evidence\daily-job-2026-09-24\login-preflight.json ⇒ INCONCLUSIVE（掉登录 0 家／没结论 2 家）
[驱动] 本机 DESKTOP-KJP4RA5
[驱动] --commit：会真的写飞书。目标日已有行会硬重复停止（先按 §9.3 删那天）。
[驱动] 出错时：--notify 且 --commit
[驱动]   里可林淘宝 | 页头店名 里可林家居 | 会员 里可林家居:阿彦 2350600069
[驱动]   网林天猫 | 页头店名 网林家居旗舰店 | 会员 网林家居旗舰店:阿彦 7314426323
[驱动]   盖文淘宝 | 页头店名 盖文全卫定制 | 会员 随心品质定制:阿彦 887360146
[驱动]   盖文天猫 | 页头店名 盖文旗舰店 | 会员 盖文旗舰店:阿彦 2995200080
[驱动]   科塔淘宝 | 页头店名 科塔全卫定制 | 会员 j873522735:阿彦 412070158
[一轮]   归位：归位后仍不齐（生意参谋工作页=0  飞书底单页=1）
[一轮]     [归位] 生意参谋工作页：reclaim
[一轮]     [归位] 飞书底单页：create
[一轮]   体检未通过：阻断 1 项，告警 1 项
[一轮]     [阻断] TARGET_PAGE_MISSING：目标页面「生意参谋工作页」不在这个浏览器里（按片段 sycm.taobao.com/qos/service/frame/shop/performance 找到 0 个）；采集会从落位那一步就失败。
[一轮]     [告警] EGRESS_PROXY_NOT_DECLARED：没有声明出网代理，判不出浏览器走哪条路出网。浏览器默认跟随机器级系统代理，机器级代理不可达时**所有**页面都报 ERR_PROXY_CONNECTION_FAILED（2026-09-18 实测）。要么显式声明出网代理，要么启动浏览器时固定用 --no-proxy-server。
[一轮]     已跑 ENVIRONMENT:port/ENVIRONMENT:pages/ENVIRONMENT:egress；未通过 1 项：TARGET_PAGE_MISSING；未实现的层：IDENTITY/SESSION/END_TO_END（这几层**没有检查过**，不表示通过）
[驱动] 商家浏览器体检未通过 ⇒ 整轮不跑（推送段与回读段都要用它）。详见 evidence\multi-shop-2026-09-24\00-health-check-daily.txt
[驱动] 告警文案（收信人看到的）：
【需要处理】全部店铺的日报都没跑起来（统计日 2026-09-24）
对象：日报一轮 · 5 家店
数据周期：统计日 2026-09-24
任务：各店铺日报
原因：整轮没开跑：那个开着飞书「各店铺日报」的浏览器窗口里，页面不齐。
  目标页面「生意参谋工作页」不在这个浏览器里（按片段 sycm.taobao.com/qos/service/frame/shop/performance 找到 0 个）；采集会从落位那一步就失败。
（跑前先查过登录态，但这些店没读出结论：盖文淘宝（生意参谋）、盖文天猫（生意参谋） —— 它们的登录态没法确认。）
下一步：打开那个开着飞书「各店铺日报」的浏览器窗口，把这两页各开一个（只留一个，多开同样会报错）：生意参谋的「店铺」工作页、飞书「各店铺日报」底单页。开好后告诉技术同学重跑一次。
时间：2026-09-25 08:16
告警编号：daily-round-20260924
[驱动] 告警投递退出码=0：{
  "version": "feishu-notify-receipt-v1",
  "status": "SENT",
  "channel": "app",
  "alertId": "daily-round-20260924",
  "sentAt": "2026-09-25T00:16:58.982Z",
  "attempts": [
    {
      "channel": "app",
      "ok": true,
      "target": "ou_e254f8d7d91a042b31fcd59299a1a4a9",
      "messageId": "o
[2026-09-25T00:16:59.950Z] --- chain 退出码=1
[2026-09-25T00:16:59.950Z] === 定时任务结束：全链退出码=1；证据目录 evidence/multi-shop-2026-09-24/ ===
[2026-09-25T00:32:38.085Z] 版本：sycm-automation 1.7.0
[2026-09-25T00:32:38.086Z] === 定时任务开始（目标日字面量 yesterday → 2026-09-24）===
[2026-09-25T00:32:38.086Z] 日志：D:\Retire\sycm-automation\evidence\daily-job-2026-09-24\job.log
[2026-09-25T00:32:38.086Z] --- ensure-instances：C:\Users\Administrator\.workbuddy\binaries\node\versions\22.22.2-3\node.exe D:\Retire\sycm-automation\scripts\start-all.mjs
[起齐] 目标 7 个实例（来源：runtime/browser-ports.mjs）
  · 竞品链（买家号 ＋ 小旺神）  起前:ready  已就位，不动
  · 商家浏览器（日报/周表/灰豚）  起前:ready  已就位，不动
  · 里可林淘宝  起前:ready  已就位，不动
  · 网林天猫  起前:ready  已就位，不动
  · 盖文淘宝  起前:ready  已就位，不动
  · 盖文天猫  起前:ready  已就位，不动
  · 科塔淘宝  起前:ready  已就位，不动
[判据] 目标全部就位
       复核：node runtime/browser-inventory.mjs
[2026-09-25T00:32:38.432Z] --- ensure-instances 退出码=0
[2026-09-25T00:32:38.433Z] --- login-preflight：C:\Users\Administrator\.workbuddy\binaries\node\versions\22.22.2-3\node.exe D:\Retire\sycm-automation\skills\sycm-alimama-daily-report\scripts\check-login-shops.mjs --login --json
[归位] 里可林淘宝（代理 19041）：已归位（生意参谋工作页=0  阿里妈妈报表页=0 → 生意参谋工作页=1  阿里妈妈报表页=1）　动作 生意参谋工作页:create 阿里妈妈报表页:create
[归位] 网林天猫（代理 19042）：已归位（生意参谋工作页=0  阿里妈妈报表页=0 → 生意参谋工作页=1  阿里妈妈报表页=1）　动作 生意参谋工作页:create 阿里妈妈报表页:create
[归位] 盖文淘宝（代理 19043）：已归位（生意参谋工作页=0  阿里妈妈报表页=0 → 生意参谋工作页=1  阿里妈妈报表页=1）　动作 生意参谋工作页:create 阿里妈妈报表页:create
[归位] 盖文天猫（代理 19045）：已归位（生意参谋工作页=0  阿里妈妈报表页=1 → 生意参谋工作页=1  阿里妈妈报表页=1）　动作 生意参谋工作页:create
[归位] 科塔淘宝（代理 19044）：已归位（生意参谋工作页=0  阿里妈妈报表页=0 → 生意参谋工作页=1  阿里妈妈报表页=1）　动作 生意参谋工作页:create 阿里妈妈报表页:create
{
 "machine": "DESKTOP-KJP4RA5",
 "verdict": "ALL_IN",
 "autoLogin": true,
 "normalize": {
  "asked": true,
  "shops": [
   {
    "shop": "里可林淘宝",
    "proxyPort": 19041,
    "ok": true,
    "changed": true,
    "detail": "已归位（生意参谋工作页=0  阿里妈妈报表页=0 → 生意参谋工作页=1  阿里妈妈报表页=1）",
    "actions": [
     "生意参谋工作页:create",
     "阿里妈妈报表页:create"
    ]
   },
   {
    "shop": "网林天猫",
    "proxyPort": 19042,
    "ok": true,
    "changed": true,
    "detail": "已归位（生意参谋工作页=0  阿里妈妈报表页=0 → 生意参谋工作页=1  阿里妈妈报表页=1）",
    "actions": [
     "生意参谋工作页:create",
     "阿里妈妈报表页:create"
    ]
   },
   {
    "shop": "盖文淘宝",
    "proxyPort": 19043,
    "ok": true,
    "changed": true,
    "detail": "已归位（生意参谋工作页=0  阿里妈妈报表页=0 → 生意参谋工作页=1  阿里妈妈报表页=1）",
    "actions": [
     "生意参谋工作页:create",
     "阿里妈妈报表页:create"
    ]
   },
   {
    "shop": "盖文天猫",
    "proxyPort": 19045,
    "ok": true,
    "changed": true,
    "detail": "已归位（生意参谋工作页=0  阿里妈妈报表页=1 → 生意参谋工作页=1  阿里妈妈报表页=1）",
    "actions": [
     "生意参谋工作页:create"
    ]
   },
   {
    "shop": "科塔淘宝",
    "proxyPort": 19044,
    "ok": true,
    "changed": true,
    "detail": "已归位（生意参谋工作页=0  阿里妈妈报表页=0 → 生意参谋工作页=1  阿里妈妈报表页=1）",
    "actions": [
     "生意参谋工作页:create",
     "阿里妈妈报表页:create"
    ]
   }
  ]
 },
 "roundNotify": {
  "status": "SKIPPED",
  "reason": "这一轮没有「确定要人处理」的店（读不到不算要人；链的第 0 步会先补页面）"
 },
 "needHuman": [],
 "unknown": [],
 "checked": 5,
 "rows": [
  {
   "shop": "里可林淘宝",
   "verdict": "OK",
   "sites": {
    "sycm": "LOGGED_IN",
    "alimama": "LOGGED_IN"
   },
   "needsLogin": [],
   "unreadable": [],
   "href": {
    "sycm": "https://sycm.taobao.com/qos/service/frame/shop/performance/new#/shop",
    "alimama": "https://one.alimama.com/index.html"
   },
   "scriptVerdict": "ALREADY_LOGGED_IN",
   "detail": null,
   "notify": {
    "mode": "off",
    "status": "SKIPPED",
    "reason": "verdict_needs_no_human"
   },
   "childExitCode": 0,
   "probeError": null
  },
  {
   "shop": "网林天猫",
   "verdict": "OK",
   "sites": {
    "sycm": "LOGGED_IN",
    "alimama": "LOGGED_IN"
   },
   "needsLogin": [],
   "unreadable": [],
   "href": {
    "sycm": "https://sycm.taobao.com/qos/service/frame/shop/performance/new#/shop",
    "alimama": "https://one.alimama.com/index.html"
   },
   "scriptVerdict": "ALREADY_LOGGED_IN",
   "detail": null,
   "notify": {
    "mode": "off",
    "status": "SKIPPED",
    "reason": "verdict_needs_no_human"
   },
   "childExitCode": 0,
   "probeError": null
  },
  {
   "shop": "盖文淘宝",
   "verdict": "OK",
   "sites": {
    "sycm": "LOGGED_IN",
    "alimama": "LOGGED_IN"
   },
   "needsLogin": [],
   "unreadable": [],
   "href": {
    "sycm": "https://sycm.taobao.com/qos/service/frame/shop/performance/new#/shop",
    "alimama": "https://one.alimama.com/index.html"
   },
   "scriptVerdict": "ALREADY_LOGGED_IN",
   "detail": null,
   "notify": {
    "mode": "off",
    "status": "SKIPPED",
    "reason": "verdict_needs_no_human"
   },
   "childExitCode": 0,
   "probeError": null
  },
  {
   "shop": "盖文天猫",
   "verdict": "OK",
   "sites": {
    "sycm": "LOGGED_IN",
    "alimama": "LOGGED_IN"
   },
   "needsLogin": [],
   "unreadable": [],
   "href": {
    "sycm": "https://sycm.taobao.com/qos/service/frame/shop/performance/new#/shop",
    "alimama": "https://one.alimama.com/index.html"
   },
   "scriptVerdict": "ALREADY_LOGGED_IN",
   "detail": null,
   "notify": {
    "mode": "off",
    "status": "SKIPPED",
    "reason": "verdict_needs_no_human"
   },
   "childExitCode": 0,
   "probeError": null
  },
  {
   "shop": "科塔淘宝",
   "verdict": "OK",
   "sites": {
    "sycm": "LOGGED_IN",
    "alimama": "LOGGED_IN"
   },
   "needsLogin": [],
   "unreadable": [],
   "href": {
    "sycm": "https://sycm.taobao.com/qos/service/frame/shop/performance/new#/shop",
    "alimama": "https://one.alimama.com/index.html"
   },
   "scriptVerdict": "ALREADY_LOGGED_IN",
   "detail": null,
   "notify": {
    "mode": "off",
    "status": "SKIPPED",
    "reason": "verdict_needs_no_human"
   },
   "childExitCode": 0,
   "probeError": null
  }
 ]
}
[2026-09-25T00:35:02.268Z] --- login-preflight 结论已落 evidence/daily-job-2026-09-24/login-preflight.json（4646 字节；链那一步会读它）
[2026-09-25T00:35:02.268Z] --- login-preflight 退出码=0
[2026-09-25T00:35:02.268Z] --- chain：C:\Users\Administrator\.workbuddy\binaries\node\versions\22.22.2-3\node.exe D:\Retire\sycm-automation\skills\sycm-alimama-daily-report\scripts\run-multi-shop-day.mjs --date yesterday --commit --notify --login-preflight D:\Retire\sycm-automation\evidence\daily-job-2026-09-24\login-preflight.json
[驱动] 目标日 2026-09-24｜模式 commit｜店铺 5 家：里可林淘宝 / 网林天猫 / 盖文淘宝 / 盖文天猫 / 科塔淘宝
[驱动] （--date yesterday 按 Asia/Shanghai 解析成 2026-09-24）
[驱动] 日志根 D:\Retire\sycm-automation\evidence\multi-shop-2026-09-24
[驱动] 跑前登录态结论 D:\Retire\sycm-automation\evidence\daily-job-2026-09-24\login-preflight.json ⇒ ALL_IN（掉登录 0 家／没结论 0 家）
[驱动] 本机 DESKTOP-KJP4RA5
[驱动] --commit：会真的写飞书。目标日已有行会硬重复停止（先按 §9.3 删那天）。
[驱动] 出错时：--notify 且 --commit
[驱动]   里可林淘宝 | 页头店名 里可林家居 | 会员 里可林家居:阿彦 2350600069
[驱动]   网林天猫 | 页头店名 网林家居旗舰店 | 会员 网林家居旗舰店:阿彦 7314426323
[驱动]   盖文淘宝 | 页头店名 盖文全卫定制 | 会员 随心品质定制:阿彦 887360146
[驱动]   盖文天猫 | 页头店名 盖文旗舰店 | 会员 盖文旗舰店:阿彦 2995200080
[驱动]   科塔淘宝 | 页头店名 科塔全卫定制 | 会员 j873522735:阿彦 412070158
[一轮]   归位：已归位（生意参谋工作页=1  飞书底单页=0 → 生意参谋工作页=1  飞书底单页=1）
[一轮]     [归位] 飞书底单页：create
[一轮]   体检通过：阻断 0 项，告警 1 项
[一轮]     [告警] EGRESS_PROXY_NOT_DECLARED：没有声明出网代理，判不出浏览器走哪条路出网。浏览器默认跟随机器级系统代理，机器级代理不可达时**所有**页面都报 ERR_PROXY_CONNECTION_FAILED（2026-09-18 实测）。要么显式声明出网代理，要么启动浏览器时固定用 --no-proxy-server。
[一轮]     已跑 ENVIRONMENT:port/ENVIRONMENT:pages/ENVIRONMENT:egress；通过（另有 1 项不阻断的告警）；未实现的层：IDENTITY/SESSION/END_TO_END（这几层**没有检查过**，不表示通过）
[里可林淘宝] 1. health-check —— 体检：这家店的浏览器在不在、profile 对不对、两个必需页面各恰好一个
[里可林淘宝]   归位：本来就在位（生意参谋工作页=1  阿里妈妈报表页=1）
[里可林淘宝]   体检通过：阻断 0 项，告警 1 项
[里可林淘宝]     [告警] EGRESS_PROXY_NOT_DECLARED：没有声明出网代理，判不出浏览器走哪条路出网。浏览器默认跟随机器级系统代理，机器级代理不可达时**所有**页面都报 ERR_PROXY_CONNECTION_FAILED（2026-09-18 实测）。要么显式声明出网代理，要么启动浏览器时固定用 --no-proxy-server。
[里可林淘宝]     已跑 ENVIRONMENT:port/ENVIRONMENT:pages/ENVIRONMENT:egress；通过（另有 1 项不阻断的告警）；未实现的层：IDENTITY/SESSION/END_TO_END（这几层**没有检查过**，不表示通过）
[里可林淘宝] 2. alimama-date —— 阿里妈妈落位（日期全在 URL hash 里，navigate 即落位）
[里可林淘宝] 停在这一步：阶段 alimama-date 失败（exit null）
[里可林淘宝]   停手时页面停在：生意参谋工作页=1  阿里妈妈报表页=1（共 3 个页签）
[里可林淘宝]     · 不属于期望清单：file:///D:/Retire/sycm-automation/runtime/shop-window-label.html?shop=%E9%87%8C%E5%8F%AF%E6%9E%97%E6%B7%98%E5%
[里可林淘宝]   回位：不需要 —— 已经恰好一个性能页（https://sycm.taobao.com/qos/service/frame/shop/performance/new#/shop）
[里可林淘宝]   回位后 生意参谋工作页 恰好一个
[驱动] 按默认策略停整轮（要看完全部店加 --keep-going）。已跑的店记在 evidence\multi-shop-2026-09-24。

[驱动] 汇总：
  里可林淘宝：failed（停在 alimama-date） —— 阶段 alimama-date 失败（exit null）
[驱动] 明细 evidence\multi-shop-2026-09-24\summary.json
[驱动] 告警文案（收信人看到的）：
【需要处理】里可林淘宝的日报没收完（统计日 2026-09-24）
对象：日报一轮 · 5 家店
店铺：里可林淘宝
数据周期：统计日 2026-09-24
任务：各店铺日报
原因：（跑前先查过登录态：这一轮的店后台都在登录态 —— 所以问题不在登录上，按上面的下一步做。）
没跑完 1 家：
· 里可林淘宝—— 停在第 2 步（阿里妈妈切到那一天）。这家店跑到一半停住了，这一天的数据没进飞书。
· 另外 4 家今天一步都没跑（有一家停住后，整轮就停了）：网林天猫、盖文淘宝、盖文天猫、科塔淘宝
下一步：这一轮不需要你在浏览器里做什么。如果到今天下班前飞书里还是缺这一天的数据，就把这条消息转给技术同学，让他去看。
时间：2026-09-25 08:35
告警编号：daily-round-20260924
[驱动] 告警投递退出码=null：
[驱动] 告警没送出去 —— 现在只有屏幕知道这一轮失败了，必须有人接手（见上面的投递收据）。日志在 evidence\multi-shop-2026-09-24
[2026-09-25T00:35:04.452Z] --- chain 退出码=1
[2026-09-25T00:35:04.452Z] === 定时任务结束：全链退出码=1；证据目录 evidence/multi-shop-2026-09-24/ ===
[2026-09-25T00:55:57.159Z] 版本：sycm-automation 1.7.0
[2026-09-25T00:55:57.161Z] === 定时任务开始（目标日字面量 2026-09-24 → 2026-09-24）===
[2026-09-25T00:55:57.161Z] 日志：D:\Retire\sycm-automation\evidence\daily-job-2026-09-24\job.log
[2026-09-25T00:55:57.161Z] --- ensure-instances：C:\Users\Administrator\.workbuddy\binaries\node\versions\22.22.2-3\node.exe D:\Retire\sycm-automation\scripts\start-all.mjs
[起齐] 目标 7 个实例（来源：runtime/browser-ports.mjs）
  · 竞品链（买家号 ＋ 小旺神）  起前:ready  已就位，不动
  · 商家浏览器（日报/周表/灰豚）  起前:ready  已就位，不动
  · 里可林淘宝  起前:ready  已就位，不动
  · 网林天猫  起前:ready  已就位，不动
  · 盖文淘宝  起前:ready  已就位，不动
  · 盖文天猫  起前:ready  已就位，不动
  · 科塔淘宝  起前:ready  已就位，不动
[判据] 目标全部就位
       复核：node runtime/browser-inventory.mjs
[2026-09-25T00:55:57.392Z] --- ensure-instances 退出码=0
[2026-09-25T00:55:57.393Z] --- login-preflight：C:\Users\Administrator\.workbuddy\binaries\node\versions\22.22.2-3\node.exe D:\Retire\sycm-automation\skills\sycm-alimama-daily-report\scripts\check-login-shops.mjs --login --json
[归位] 里可林淘宝（代理 19041）：本来就在位（生意参谋工作页=1  阿里妈妈报表页=1）
[归位] 网林天猫（代理 19042）：本来就在位（生意参谋工作页=1  阿里妈妈报表页=1）
[归位] 盖文淘宝（代理 19043）：本来就在位（生意参谋工作页=1  阿里妈妈报表页=1）
[归位] 盖文天猫（代理 19045）：本来就在位（生意参谋工作页=1  阿里妈妈报表页=1）
[归位] 科塔淘宝（代理 19044）：本来就在位（生意参谋工作页=1  阿里妈妈报表页=1）
{
 "machine": "DESKTOP-KJP4RA5",
 "verdict": "ALL_IN",
 "autoLogin": true,
 "normalize": {
  "asked": true,
  "shops": [
   {
    "shop": "里可林淘宝",
    "proxyPort": 19041,
    "ok": true,
    "changed": false,
    "detail": "本来就在位（生意参谋工作页=1  阿里妈妈报表页=1）",
    "actions": []
   },
   {
    "shop": "网林天猫",
    "proxyPort": 19042,
    "ok": true,
    "changed": false,
    "detail": "本来就在位（生意参谋工作页=1  阿里妈妈报表页=1）",
    "actions": []
   },
   {
    "shop": "盖文淘宝",
    "proxyPort": 19043,
    "ok": true,
    "changed": false,
    "detail": "本来就在位（生意参谋工作页=1  阿里妈妈报表页=1）",
    "actions": []
   },
   {
    "shop": "盖文天猫",
    "proxyPort": 19045,
    "ok": true,
    "changed": false,
    "detail": "本来就在位（生意参谋工作页=1  阿里妈妈报表页=1）",
    "actions": []
   },
   {
    "shop": "科塔淘宝",
    "proxyPort": 19044,
    "ok": true,
    "changed": false,
    "detail": "本来就在位（生意参谋工作页=1  阿里妈妈报表页=1）",
    "actions": []
   }
  ]
 },
 "roundNotify": {
  "status": "SKIPPED",
  "reason": "这一轮没有「确定要人处理」的店（读不到不算要人；链的第 0 步会先补页面）"
 },
 "needHuman": [],
 "unknown": [],
 "checked": 5,
 "rows": [
  {
   "shop": "里可林淘宝",
   "verdict": "OK",
   "sites": {
    "sycm": "LOGGED_IN",
    "alimama": "LOGGED_IN"
   },
   "needsLogin": [],
   "unreadable": [],
   "href": {
    "sycm": "https://sycm.taobao.com/qos/service/frame/shop/performance/new#/shop",
    "alimama": "https://one.alimama.com/index.html"
   },
   "scriptVerdict": "ALREADY_LOGGED_IN",
   "detail": null,
   "notify": {
    "mode": "off",
    "status": "SKIPPED",
    "reason": "verdict_needs_no_human"
   },
   "childExitCode": 0,
   "probeError": null
  },
  {
   "shop": "网林天猫",
   "verdict": "OK",
   "sites": {
    "sycm": "LOGGED_IN",
    "alimama": "LOGGED_IN"
   },
   "needsLogin": [],
   "unreadable": [],
   "href": {
    "sycm": "https://sycm.taobao.com/qos/service/frame/shop/performance/new#/shop",
    "alimama": "https://one.alimama.com/index.html"
   },
   "scriptVerdict": "ALREADY_LOGGED_IN",
   "detail": null,
   "notify": {
    "mode": "off",
    "status": "SKIPPED",
    "reason": "verdict_needs_no_human"
   },
   "childExitCode": 0,
   "probeError": null
  },
  {
   "shop": "盖文淘宝",
   "verdict": "OK",
   "sites": {
    "sycm": "LOGGED_IN",
    "alimama": "LOGGED_IN"
   },
   "needsLogin": [],
   "unreadable": [],
   "href": {
    "sycm": "https://sycm.taobao.com/qos/service/frame/shop/performance/new#/shop",
    "alimama": "https://one.alimama.com/index.html"
   },
   "scriptVerdict": "ALREADY_LOGGED_IN",
   "detail": null,
   "notify": {
    "mode": "off",
    "status": "SKIPPED",
    "reason": "verdict_needs_no_human"
   },
   "childExitCode": 0,
   "probeError": null
  },
  {
   "shop": "盖文天猫",
   "verdict": "OK",
   "sites": {
    "sycm": "LOGGED_IN",
    "alimama": "LOGGED_IN"
   },
   "needsLogin": [],
   "unreadable": [],
   "href": {
    "sycm": "https://sycm.taobao.com/qos/service/frame/shop/performance/new#/shop",
    "alimama": "https://one.alimama.com/index.html"
   },
   "scriptVerdict": "ALREADY_LOGGED_IN",
   "detail": null,
   "notify": {
    "mode": "off",
    "status": "SKIPPED",
    "reason": "verdict_needs_no_human"
   },
   "childExitCode": 0,
   "probeError": null
  },
  {
   "shop": "科塔淘宝",
   "verdict": "OK",
   "sites": {
    "sycm": "LOGGED_IN",
    "alimama": "LOGGED_IN"
   },
   "needsLogin": [],
   "unreadable": [],
   "href": {
    "sycm": "https://sycm.taobao.com/qos/service/frame/shop/performance/new#/shop",
    "alimama": "https://one.alimama.com/index.html"
   },
   "scriptVerdict": "ALREADY_LOGGED_IN",
   "detail": null,
   "notify": {
    "mode": "off",
    "status": "SKIPPED",
    "reason": "verdict_needs_no_human"
   },
   "childExitCode": 0,
   "probeError": null
  }
 ]
}
[2026-09-25T00:58:10.789Z] --- login-preflight 结论已落 evidence/daily-job-2026-09-24/login-preflight.json（4063 字节；链那一步会读它）
[2026-09-25T00:58:10.790Z] --- login-preflight 退出码=0
[2026-09-25T00:58:10.790Z] --- chain：C:\Users\Administrator\.workbuddy\binaries\node\versions\22.22.2-3\node.exe D:\Retire\sycm-automation\skills\sycm-alimama-daily-report\scripts\run-multi-shop-day.mjs --date 2026-09-24 --commit --notify --login-preflight D:\Retire\sycm-automation\evidence\daily-job-2026-09-24\login-preflight.json
[驱动] 目标日 2026-09-24｜模式 commit｜店铺 5 家：里可林淘宝 / 网林天猫 / 盖文淘宝 / 盖文天猫 / 科塔淘宝
[驱动] 日志根 D:\Retire\sycm-automation\evidence\multi-shop-2026-09-24
[驱动] 跑前登录态结论 D:\Retire\sycm-automation\evidence\daily-job-2026-09-24\login-preflight.json ⇒ ALL_IN（掉登录 0 家／没结论 0 家）
[驱动] 本机 DESKTOP-KJP4RA5
[驱动] --commit：会真的写飞书。目标日已有行会硬重复停止（先按 §9.3 删那天）。
[驱动] 出错时：--notify 且 --commit
[驱动]   里可林淘宝 | 页头店名 里可林家居 | 会员 里可林家居:阿彦 2350600069
[驱动]   网林天猫 | 页头店名 网林家居旗舰店 | 会员 网林家居旗舰店:阿彦 7314426323
[驱动]   盖文淘宝 | 页头店名 盖文全卫定制 | 会员 随心品质定制:阿彦 887360146
[驱动]   盖文天猫 | 页头店名 盖文旗舰店 | 会员 盖文旗舰店:阿彦 2995200080
[驱动]   科塔淘宝 | 页头店名 科塔全卫定制 | 会员 j873522735:阿彦 412070158
[一轮]   归位：本来就在位（生意参谋工作页=1  飞书底单页=1）
[一轮]   体检通过：阻断 0 项，告警 1 项
[一轮]     [告警] EGRESS_PROXY_NOT_DECLARED：没有声明出网代理，判不出浏览器走哪条路出网。浏览器默认跟随机器级系统代理，机器级代理不可达时**所有**页面都报 ERR_PROXY_CONNECTION_FAILED（2026-09-18 实测）。要么显式声明出网代理，要么启动浏览器时固定用 --no-proxy-server。
[一轮]     已跑 ENVIRONMENT:port/ENVIRONMENT:pages/ENVIRONMENT:egress；通过（另有 1 项不阻断的告警）；未实现的层：IDENTITY/SESSION/END_TO_END（这几层**没有检查过**，不表示通过）
[里可林淘宝] 1. health-check —— 体检：这家店的浏览器在不在、profile 对不对、两个必需页面各恰好一个
[里可林淘宝]   归位：本来就在位（生意参谋工作页=1  阿里妈妈报表页=1）
[里可林淘宝]   体检通过：阻断 0 项，告警 1 项
[里可林淘宝]     [告警] EGRESS_PROXY_NOT_DECLARED：没有声明出网代理，判不出浏览器走哪条路出网。浏览器默认跟随机器级系统代理，机器级代理不可达时**所有**页面都报 ERR_PROXY_CONNECTION_FAILED（2026-09-18 实测）。要么显式声明出网代理，要么启动浏览器时固定用 --no-proxy-server。
[里可林淘宝]     已跑 ENVIRONMENT:port/ENVIRONMENT:pages/ENVIRONMENT:egress；通过（另有 1 项不阻断的告警）；未实现的层：IDENTITY/SESSION/END_TO_END（这几层**没有检查过**，不表示通过）
[里可林淘宝] 2. alimama-date —— 阿里妈妈落位（日期全在 URL hash 里，navigate 即落位）
[里可林淘宝] 3. promotion-submit —— 提交推广报表生成任务（之后平台要生成几分钟，中途用第 3/4 步填掉）
[里可林淘宝] 4. sycm-date —— 生意参谋落位（切页签到 询单到付款 再定日期）
[里可林淘宝] 5. shop-report —— 点开日报预览并下载店铺工作簿（会把这个页签留在预览页）
[里可林淘宝] shopXlsxPath = C:\Users\Administrator\Downloads\日报_20260925_b3de46ced2634ef20c9372b4caf00736.xlsx
[里可林淘宝]   店铺工作簿 = C:\Users\Administrator\Downloads\日报_20260925_b3de46ced2634ef20c9372b4caf00736.xlsx
[里可林淘宝] 6. promotion-fetch —— 取推广 zip（先断言任务行是「生成成功」，再真实点复选框）
[里可林淘宝] [fetch] promotionZipPath = C:\Users\Administrator\Downloads\营销场景报表_20260925_085826.zip
[里可林淘宝]   推广 zip = C:\Users\Administrator\Downloads\营销场景报表_20260925_085826.zip
[里可林淘宝] 7. push —— 推送（会写底单新增一行）
[里可林淘宝] [shop-key] 里可林淘宝 ↔ 源产物店名 里可林家居 一致（证据目录 daily-report-2026-09-24-里可林淘宝）
[里可林淘宝] 8. sycm-reset —— 生意参谋回位：把被第 4 步带走的那个页签送回 qos/.../shop/performance（驱动自己导航）
[代理] 连接层失败（第 1/3 次）：fetch failed｜cause=ECONNRESET → 1.5s 后重发 http://127.0.0.1:19041/targets
[代理] 第 2 次才通：http://127.0.0.1:19041/targets
[里可林淘宝]   回位：把 https://sycm.taobao.com/lyone/auto_analysis/datafetch/report_generation?insertType=sycm&la 送回 https://sycm.taobao.com/qos/service/frame/shop/performance/new#/shop
[里可林淘宝] 9. sycm-date-again —— 回位会重置页签与日期 ⇒ 必须重跑落位，否则回填报 expected one 当日询单人数 table, got 0
[里可林淘宝] 10. backfill —— 询单回填（写两个字段）
[里可林淘宝] 11. readback —— 独立回读 + 截图（换一条通路读同一个事实）
[网林天猫] 1. health-check —— 体检：这家店的浏览器在不在、profile 对不对、两个必需页面各恰好一个
[网林天猫]   归位：本来就在位（生意参谋工作页=1  阿里妈妈报表页=1）
[网林天猫]   体检通过：阻断 0 项，告警 1 项
[网林天猫]     [告警] EGRESS_PROXY_NOT_DECLARED：没有声明出网代理，判不出浏览器走哪条路出网。浏览器默认跟随机器级系统代理，机器级代理不可达时**所有**页面都报 ERR_PROXY_CONNECTION_FAILED（2026-09-18 实测）。要么显式声明出网代理，要么启动浏览器时固定用 --no-proxy-server。
[网林天猫]     已跑 ENVIRONMENT:port/ENVIRONMENT:pages/ENVIRONMENT:egress；通过（另有 1 项不阻断的告警）；未实现的层：IDENTITY/SESSION/END_TO_END（这几层**没有检查过**，不表示通过）
[网林天猫] 2. alimama-date —— 阿里妈妈落位（日期全在 URL hash 里，navigate 即落位）
[网林天猫] 3. promotion-submit —— 提交推广报表生成任务（之后平台要生成几分钟，中途用第 3/4 步填掉）
[网林天猫]   stderr 尾部：
      采集失败：「下载报表」复核未通过（not-hit，y=212，视口内=true，视口内采样=25/25，命中自己=0，rect=[836,212,48,12]，视口=[938,442]，遮挡物={"tag":"DIV","cls":""}）（检出了全屏遮挡层但没能关掉：全屏层 DIV#wrapper_dlg_1969(data-owner-id=app) z=99999，rect=[0,0,938,436]，层内可点小控件 2/2 个，选中 SPAN#mx_1972「」于 (797,32)）
[网林天猫] 停在这一步：阶段 promotion-submit 失败（exit 1）
[代理] 连接层失败（第 1/3 次）：fetch failed｜cause=ECONNRESET → 1.5s 后重发 http://127.0.0.1:19042/targets
[代理] 第 2 次才通：http://127.0.0.1:19042/targets
[网林天猫]   停手时页面停在：生意参谋工作页=1  阿里妈妈报表页=1（共 3 个页签）
[网林天猫]     · 不属于期望清单：file:///D:/Retire/sycm-automation/runtime/shop-window-label.html?shop=%E7%BD%91%E6%9E%97%E5%A4%A9%E7%8C%AB&por
[网林天猫]   回位：不需要 —— 已经恰好一个性能页（https://sycm.taobao.com/qos/service/frame/shop/performance/new#/shop）
[网林天猫]   回位后 生意参谋工作页 恰好一个
[驱动] 按默认策略停整轮（要看完全部店加 --keep-going）。已跑的店记在 evidence\multi-shop-2026-09-24。

[驱动] 汇总：
  里可林淘宝：ok
  网林天猫：failed（停在 promotion-submit） —— 阶段 promotion-submit 失败（exit 1）
[驱动] 明细 evidence\multi-shop-2026-09-24\summary.json
[驱动] 告警文案（收信人看到的）：
【需要处理】网林天猫的日报没收完（统计日 2026-09-24）
对象：日报一轮 · 5 家店
店铺：网林天猫
数据周期：统计日 2026-09-24
任务：各店铺日报
原因：（跑前先查过登录态：这一轮的店后台都在登录态 —— 所以问题不在登录上，按上面的下一步做。）
没跑完 1 家：
· 网林天猫—— 停在第 3 步（提交推广报表生成）。这家店跑到一半停住了，这一天的数据没进飞书。
· 另外 3 家今天一步都没跑（有一家停住后，整轮就停了）：盖文淘宝、盖文天猫、科塔淘宝
已收完 1 家：里可林淘宝
下一步：这一轮不需要你在浏览器里做什么。如果到今天下班前飞书里还是缺这一天的数据，就把这条消息转给技术同学，让他去看。
时间：2026-09-25 09:01
告警编号：daily-round-20260924
[驱动] 告警投递退出码=0：{
  "version": "feishu-notify-receipt-v1",
  "status": "SENT",
  "channel": "app",
  "alertId": "daily-round-20260924",
  "sentAt": "2026-09-25T01:01:09.483Z",
  "attempts": [
    {
      "channel": "app",
      "ok": true,
      "target": "ou_e254f8d7d91a042b31fcd59299a1a4a9",
      "messageId": "o
[2026-09-25T01:01:10.269Z] --- chain 退出码=1
[2026-09-25T01:01:10.269Z] === 定时任务结束：全链退出码=1；证据目录 evidence/multi-shop-2026-09-24/ ===
[2026-09-25T01:26:10.251Z] 版本：sycm-automation 1.7.0
[2026-09-25T01:26:10.253Z] === 定时任务开始（目标日字面量 2026-09-24 → 2026-09-24）===
[2026-09-25T01:26:10.253Z] 日志：D:\Retire\sycm-automation\evidence\daily-job-2026-09-24\job.log
[2026-09-25T01:26:10.253Z] --- ensure-instances：C:\Users\Administrator\.workbuddy\binaries\node\versions\22.22.2-3\node.exe D:\Retire\sycm-automation\scripts\start-all.mjs
[起齐] 目标 7 个实例（来源：runtime/browser-ports.mjs）
  · 竞品链（买家号 ＋ 小旺神）  起前:ready  已就位，不动
  · 商家浏览器（日报/周表/灰豚）  起前:ready  已就位，不动
  · 里可林淘宝  起前:ready  已就位，不动
  · 网林天猫  起前:ready  已就位，不动
  · 盖文淘宝  起前:ready  已就位，不动
  · 盖文天猫  起前:ready  已就位，不动
  · 科塔淘宝  起前:ready  已就位，不动
[判据] 目标全部就位
       复核：node runtime/browser-inventory.mjs
[2026-09-25T01:26:10.626Z] --- ensure-instances 退出码=0
[2026-09-25T01:26:10.626Z] --- login-preflight：C:\Users\Administrator\.workbuddy\binaries\node\versions\22.22.2-3\node.exe D:\Retire\sycm-automation\skills\sycm-alimama-daily-report\scripts\check-login-shops.mjs --login --json
[归位] 里可林淘宝（代理 19041）：本来就在位（生意参谋工作页=1  阿里妈妈报表页=1）
[归位] 网林天猫（代理 19042）：本来就在位（生意参谋工作页=1  阿里妈妈报表页=1）
[归位] 盖文淘宝（代理 19043）：本来就在位（生意参谋工作页=1  阿里妈妈报表页=1）
[归位] 盖文天猫（代理 19045）：本来就在位（生意参谋工作页=1  阿里妈妈报表页=1）
[归位] 科塔淘宝（代理 19044）：本来就在位（生意参谋工作页=1  阿里妈妈报表页=1）
{
 "machine": "DESKTOP-KJP4RA5",
 "verdict": "ALL_IN",
 "autoLogin": true,
 "normalize": {
  "asked": true,
  "shops": [
   {
    "shop": "里可林淘宝",
    "proxyPort": 19041,
    "ok": true,
    "changed": false,
    "detail": "本来就在位（生意参谋工作页=1  阿里妈妈报表页=1）",
    "actions": []
   },
   {
    "shop": "网林天猫",
    "proxyPort": 19042,
    "ok": true,
    "changed": false,
    "detail": "本来就在位（生意参谋工作页=1  阿里妈妈报表页=1）",
    "actions": []
   },
   {
    "shop": "盖文淘宝",
    "proxyPort": 19043,
    "ok": true,
    "changed": false,
    "detail": "本来就在位（生意参谋工作页=1  阿里妈妈报表页=1）",
    "actions": []
   },
   {
    "shop": "盖文天猫",
    "proxyPort": 19045,
    "ok": true,
    "changed": false,
    "detail": "本来就在位（生意参谋工作页=1  阿里妈妈报表页=1）",
    "actions": []
   },
   {
    "shop": "科塔淘宝",
    "proxyPort": 19044,
    "ok": true,
    "changed": false,
    "detail": "本来就在位（生意参谋工作页=1  阿里妈妈报表页=1）",
    "actions": []
   }
  ]
 },
 "roundNotify": {
  "status": "SKIPPED",
  "reason": "这一轮没有「确定要人处理」的店（读不到不算要人；链的第 0 步会先补页面）"
 },
 "needHuman": [],
 "unknown": [],
 "checked": 5,
 "rows": [
  {
   "shop": "里可林淘宝",
   "verdict": "OK",
   "sites": {
    "sycm": "LOGGED_IN",
    "alimama": "LOGGED_IN"
   },
   "needsLogin": [],
   "unreadable": [],
   "href": {
    "sycm": "https://sycm.taobao.com/qos/service/frame/shop/performance/new#/shop",
    "alimama": "https://one.alimama.com/index.html"
   },
   "scriptVerdict": "ALREADY_LOGGED_IN",
   "detail": null,
   "notify": {
    "mode": "off",
    "status": "SKIPPED",
    "reason": "verdict_needs_no_human"
   },
   "childExitCode": 0,
   "probeError": null
  },
  {
   "shop": "网林天猫",
   "verdict": "OK",
   "sites": {
    "sycm": "LOGGED_IN",
    "alimama": "LOGGED_IN"
   },
   "needsLogin": [],
   "unreadable": [],
   "href": {
    "sycm": "https://sycm.taobao.com/qos/service/frame/shop/performance/new#/shop",
    "alimama": "https://one.alimama.com/index.html"
   },
   "scriptVerdict": "ALREADY_LOGGED_IN",
   "detail": null,
   "notify": {
    "mode": "off",
    "status": "SKIPPED",
    "reason": "verdict_needs_no_human"
   },
   "childExitCode": 0,
   "probeError": null
  },
  {
   "shop": "盖文淘宝",
   "verdict": "OK",
   "sites": {
    "sycm": "LOGGED_IN",
    "alimama": "LOGGED_IN"
   },
   "needsLogin": [],
   "unreadable": [],
   "href": {
    "sycm": "https://sycm.taobao.com/qos/service/frame/shop/performance/new#/shop",
    "alimama": "https://one.alimama.com/index.html"
   },
   "scriptVerdict": "ALREADY_LOGGED_IN",
   "detail": null,
   "notify": {
    "mode": "off",
    "status": "SKIPPED",
    "reason": "verdict_needs_no_human"
   },
   "childExitCode": 0,
   "probeError": null
  },
  {
   "shop": "盖文天猫",
   "verdict": "OK",
   "sites": {
    "sycm": "LOGGED_IN",
    "alimama": "LOGGED_IN"
   },
   "needsLogin": [],
   "unreadable": [],
   "href": {
    "sycm": "https://sycm.taobao.com/qos/service/frame/shop/performance/new#/shop",
    "alimama": "https://one.alimama.com/index.html"
   },
   "scriptVerdict": "ALREADY_LOGGED_IN",
   "detail": null,
   "notify": {
    "mode": "off",
    "status": "SKIPPED",
    "reason": "verdict_needs_no_human"
   },
   "childExitCode": 0,
   "probeError": null
  },
  {
   "shop": "科塔淘宝",
   "verdict": "OK",
   "sites": {
    "sycm": "LOGGED_IN",
    "alimama": "LOGGED_IN"
   },
   "needsLogin": [],
   "unreadable": [],
   "href": {
    "sycm": "https://sycm.taobao.com/qos/service/frame/shop/performance/new#/shop",
    "alimama": "https://one.alimama.com/index.html"
   },
   "scriptVerdict": "ALREADY_LOGGED_IN",
   "detail": null,
   "notify": {
    "mode": "off",
    "status": "SKIPPED",
    "reason": "verdict_needs_no_human"
   },
   "childExitCode": 0,
   "probeError": null
  }
 ]
}
[2026-09-25T01:28:26.077Z] --- login-preflight 结论已落 evidence/daily-job-2026-09-24/login-preflight.json（4063 字节；链那一步会读它）
[2026-09-25T01:28:26.077Z] --- login-preflight 退出码=0
[2026-09-25T01:28:26.078Z] --- chain：C:\Users\Administrator\.workbuddy\binaries\node\versions\22.22.2-3\node.exe D:\Retire\sycm-automation\skills\sycm-alimama-daily-report\scripts\run-multi-shop-day.mjs --date 2026-09-24 --commit --notify --keep-going --login-preflight D:\Retire\sycm-automation\evidence\daily-job-2026-09-24\login-preflight.json
[驱动] 目标日 2026-09-24｜模式 commit｜店铺 5 家：里可林淘宝 / 网林天猫 / 盖文淘宝 / 盖文天猫 / 科塔淘宝
[驱动] 日志根 D:\Retire\sycm-automation\evidence\multi-shop-2026-09-24
[驱动] 跑前登录态结论 D:\Retire\sycm-automation\evidence\daily-job-2026-09-24\login-preflight.json ⇒ ALL_IN（掉登录 0 家／没结论 0 家）
[驱动] 本机 DESKTOP-KJP4RA5
[驱动] --commit：会真的写飞书。目标日已有行会硬重复停止（先按 §9.3 删那天）。
[驱动] 出错时：--notify 且 --commit
[驱动]   里可林淘宝 | 页头店名 里可林家居 | 会员 里可林家居:阿彦 2350600069
[驱动]   网林天猫 | 页头店名 网林家居旗舰店 | 会员 网林家居旗舰店:阿彦 7314426323
[驱动]   盖文淘宝 | 页头店名 盖文全卫定制 | 会员 随心品质定制:阿彦 887360146
[驱动]   盖文天猫 | 页头店名 盖文旗舰店 | 会员 盖文旗舰店:阿彦 2995200080
[驱动]   科塔淘宝 | 页头店名 科塔全卫定制 | 会员 j873522735:阿彦 412070158
[一轮]   归位：本来就在位（生意参谋工作页=1  飞书底单页=1）
[一轮]   体检通过：阻断 0 项，告警 1 项
[一轮]     [告警] EGRESS_PROXY_NOT_DECLARED：没有声明出网代理，判不出浏览器走哪条路出网。浏览器默认跟随机器级系统代理，机器级代理不可达时**所有**页面都报 ERR_PROXY_CONNECTION_FAILED（2026-09-18 实测）。要么显式声明出网代理，要么启动浏览器时固定用 --no-proxy-server。
[一轮]     已跑 ENVIRONMENT:port/ENVIRONMENT:pages/ENVIRONMENT:egress；通过（另有 1 项不阻断的告警）；未实现的层：IDENTITY/SESSION/END_TO_END（这几层**没有检查过**，不表示通过）
[里可林淘宝] 1. health-check —— 体检：这家店的浏览器在不在、profile 对不对、两个必需页面各恰好一个
[里可林淘宝]   归位：本来就在位（生意参谋工作页=1  阿里妈妈报表页=1）
[里可林淘宝]   体检通过：阻断 0 项，告警 1 项
[里可林淘宝]     [告警] EGRESS_PROXY_NOT_DECLARED：没有声明出网代理，判不出浏览器走哪条路出网。浏览器默认跟随机器级系统代理，机器级代理不可达时**所有**页面都报 ERR_PROXY_CONNECTION_FAILED（2026-09-18 实测）。要么显式声明出网代理，要么启动浏览器时固定用 --no-proxy-server。
[里可林淘宝]     已跑 ENVIRONMENT:port/ENVIRONMENT:pages/ENVIRONMENT:egress；通过（另有 1 项不阻断的告警）；未实现的层：IDENTITY/SESSION/END_TO_END（这几层**没有检查过**，不表示通过）
[里可林淘宝] 2. alimama-date —— 阿里妈妈落位（日期全在 URL hash 里，navigate 即落位）
[里可林淘宝] 停在这一步：阶段 alimama-date 失败（exit null）
[里可林淘宝]   停手时页面停在：生意参谋工作页=1  阿里妈妈报表页=1（共 4 个页签）
[里可林淘宝]     · 不属于期望清单：file:///D:/Retire/sycm-automation/runtime/shop-window-label.html?shop=%E9%87%8C%E5%8F%AF%E6%9E%97%E6%B7%98%E5%
[里可林淘宝]     · 不属于期望清单：edge://downloads-hub/
[里可林淘宝]   回位：不需要 —— 已经恰好一个性能页（https://sycm.taobao.com/qos/service/frame/shop/performance/new#/shop）
[里可林淘宝]   回位后 生意参谋工作页 恰好一个
[网林天猫] 1. health-check —— 体检：这家店的浏览器在不在、profile 对不对、两个必需页面各恰好一个
[网林天猫]   归位：本来就在位（生意参谋工作页=1  阿里妈妈报表页=1）
[网林天猫]   体检通过：阻断 0 项，告警 1 项
[网林天猫]     [告警] EGRESS_PROXY_NOT_DECLARED：没有声明出网代理，判不出浏览器走哪条路出网。浏览器默认跟随机器级系统代理，机器级代理不可达时**所有**页面都报 ERR_PROXY_CONNECTION_FAILED（2026-09-18 实测）。要么显式声明出网代理，要么启动浏览器时固定用 --no-proxy-server。
[网林天猫]     已跑 ENVIRONMENT:port/ENVIRONMENT:pages/ENVIRONMENT:egress；通过（另有 1 项不阻断的告警）；未实现的层：IDENTITY/SESSION/END_TO_END（这几层**没有检查过**，不表示通过）
[网林天猫] 2. alimama-date —— 阿里妈妈落位（日期全在 URL hash 里，navigate 即落位）
[网林天猫] 停在这一步：阶段 alimama-date 失败（exit null）
[网林天猫]   停手时页面停在：生意参谋工作页=1  阿里妈妈报表页=1（共 3 个页签）
[网林天猫]     · 不属于期望清单：file:///D:/Retire/sycm-automation/runtime/shop-window-label.html?shop=%E7%BD%91%E6%9E%97%E5%A4%A9%E7%8C%AB&por
[网林天猫]   回位：不需要 —— 已经恰好一个性能页（https://sycm.taobao.com/qos/service/frame/shop/performance/new#/shop）
[网林天猫]   回位后 生意参谋工作页 恰好一个
[盖文淘宝] 1. health-check —— 体检：这家店的浏览器在不在、profile 对不对、两个必需页面各恰好一个
[盖文淘宝]   归位：本来就在位（生意参谋工作页=1  阿里妈妈报表页=1）
[盖文淘宝]   体检通过：阻断 0 项，告警 1 项
[盖文淘宝]     [告警] EGRESS_PROXY_NOT_DECLARED：没有声明出网代理，判不出浏览器走哪条路出网。浏览器默认跟随机器级系统代理，机器级代理不可达时**所有**页面都报 ERR_PROXY_CONNECTION_FAILED（2026-09-18 实测）。要么显式声明出网代理，要么启动浏览器时固定用 --no-proxy-server。
[盖文淘宝]     已跑 ENVIRONMENT:port/ENVIRONMENT:pages/ENVIRONMENT:egress；通过（另有 1 项不阻断的告警）；未实现的层：IDENTITY/SESSION/END_TO_END（这几层**没有检查过**，不表示通过）
[盖文淘宝] 2. alimama-date —— 阿里妈妈落位（日期全在 URL hash 里，navigate 即落位）
[盖文淘宝] 停在这一步：阶段 alimama-date 失败（exit null）
[盖文淘宝]   停手时页面停在：生意参谋工作页=1  阿里妈妈报表页=1（共 3 个页签）
[盖文淘宝]     · 不属于期望清单：file:///D:/Retire/sycm-automation/runtime/shop-window-label.html?shop=%E7%9B%96%E6%96%87%E6%B7%98%E5%AE%9D&por
[盖文淘宝]   回位：不需要 —— 已经恰好一个性能页（https://sycm.taobao.com/qos/service/frame/shop/performance/new#/shop）
[盖文淘宝]   回位后 生意参谋工作页 恰好一个
[盖文天猫] 1. health-check —— 体检：这家店的浏览器在不在、profile 对不对、两个必需页面各恰好一个
[盖文天猫]   归位：本来就在位（生意参谋工作页=1  阿里妈妈报表页=1）
[盖文天猫]   体检通过：阻断 0 项，告警 1 项
[盖文天猫]     [告警] EGRESS_PROXY_NOT_DECLARED：没有声明出网代理，判不出浏览器走哪条路出网。浏览器默认跟随机器级系统代理，机器级代理不可达时**所有**页面都报 ERR_PROXY_CONNECTION_FAILED（2026-09-18 实测）。要么显式声明出网代理，要么启动浏览器时固定用 --no-proxy-server。
[盖文天猫]     已跑 ENVIRONMENT:port/ENVIRONMENT:pages/ENVIRONMENT:egress；通过（另有 1 项不阻断的告警）；未实现的层：IDENTITY/SESSION/END_TO_END（这几层**没有检查过**，不表示通过）
[盖文天猫] 2. alimama-date —— 阿里妈妈落位（日期全在 URL hash 里，navigate 即落位）
[盖文天猫] 停在这一步：阶段 alimama-date 失败（exit null）
[盖文天猫]   停手时页面停在：生意参谋工作页=1  阿里妈妈报表页=1（共 3 个页签）
[盖文天猫]     · 不属于期望清单：file:///D:/Retire/sycm-automation/runtime/shop-window-label.html?shop=%E7%9B%96%E6%96%87%E5%A4%A9%E7%8C%AB&por
[盖文天猫]   回位：不需要 —— 已经恰好一个性能页（https://sycm.taobao.com/qos/service/frame/shop/performance/new#/shop）
[盖文天猫]   回位后 生意参谋工作页 恰好一个
[科塔淘宝] 1. health-check —— 体检：这家店的浏览器在不在、profile 对不对、两个必需页面各恰好一个
[科塔淘宝]   归位：本来就在位（生意参谋工作页=1  阿里妈妈报表页=1）
[科塔淘宝]   体检通过：阻断 0 项，告警 1 项
[科塔淘宝]     [告警] EGRESS_PROXY_NOT_DECLARED：没有声明出网代理，判不出浏览器走哪条路出网。浏览器默认跟随机器级系统代理，机器级代理不可达时**所有**页面都报 ERR_PROXY_CONNECTION_FAILED（2026-09-18 实测）。要么显式声明出网代理，要么启动浏览器时固定用 --no-proxy-server。
[科塔淘宝]     已跑 ENVIRONMENT:port/ENVIRONMENT:pages/ENVIRONMENT:egress；通过（另有 1 项不阻断的告警）；未实现的层：IDENTITY/SESSION/END_TO_END（这几层**没有检查过**，不表示通过）
[科塔淘宝] 2. alimama-date —— 阿里妈妈落位（日期全在 URL hash 里，navigate 即落位）
[科塔淘宝] 停在这一步：阶段 alimama-date 失败（exit null）
[科塔淘宝]   停手时页面停在：生意参谋工作页=1  阿里妈妈报表页=1（共 3 个页签）
[科塔淘宝]     · 不属于期望清单：file:///D:/Retire/sycm-automation/runtime/shop-window-label.html?shop=%E7%A7%91%E5%A1%94%E6%B7%98%E5%AE%9D&por
[科塔淘宝]   回位：不需要 —— 已经恰好一个性能页（https://sycm.taobao.com/qos/service/frame/shop/performance/new#/shop）
[科塔淘宝]   回位后 生意参谋工作页 恰好一个

[驱动] 汇总：
  里可林淘宝：failed（停在 alimama-date） —— 阶段 alimama-date 失败（exit null）
  网林天猫：failed（停在 alimama-date） —— 阶段 alimama-date 失败（exit null）
  盖文淘宝：failed（停在 alimama-date） —— 阶段 alimama-date 失败（exit null）
  盖文天猫：failed（停在 alimama-date） —— 阶段 alimama-date 失败（exit null）
  科塔淘宝：failed（停在 alimama-date） —— 阶段 alimama-date 失败（exit null）
[驱动] 明细 evidence\multi-shop-2026-09-24\summary.json
[驱动] 告警文案（收信人看到的）：
【需要处理】5 家店的日报没收完（统计日 2026-09-24）
对象：日报一轮 · 5 家店
店铺：里可林淘宝、网林天猫、盖文淘宝、盖文天猫、科塔淘宝
数据周期：统计日 2026-09-24
任务：各店铺日报
原因：（跑前先查过登录态：这一轮的店后台都在登录态 —— 所以问题不在登录上，按上面的下一步做。）
没跑完 5 家：
· 里可林淘宝—— 停在第 2 步（阿里妈妈切到那一天）。这家店跑到一半停住了，这一天的数据没进飞书。
· 网林天猫—— 停在第 2 步（阿里妈妈切到那一天）。这家店跑到一半停住了，这一天的数据没进飞书。
· 盖文淘宝—— 停在第 2 步（阿里妈妈切到那一天）。这家店跑到一半停住了，这一天的数据没进飞书。
· 盖文天猫—— 停在第 2 步（阿里妈妈切到那一天）。这家店跑到一半停住了，这一天的数据没进飞书。
· 科塔淘宝—— 停在第 2 步（阿里妈妈切到那一天）。这家店跑到一半停住了，这一天的数据没进飞书。
下一步：这一轮不需要你在浏览器里做什么。如果到今天下班前飞书里还是缺这一天的数据，就把这条消息转给技术同学，让他去看。
时间：2026-09-25 09:28
告警编号：daily-round-20260924
[驱动] 告警投递退出码=null：
[驱动] 告警没送出去 —— 现在只有屏幕知道这一轮失败了，必须有人接手（见上面的投递收据）。日志在 evidence\multi-shop-2026-09-24
[2026-09-25T01:28:26.598Z] --- chain 退出码=1
[2026-09-25T01:28:26.598Z] === 定时任务结束：全链退出码=1；证据目录 evidence/multi-shop-2026-09-24/ ===
[2026-09-25T01:28:53.819Z] 版本：sycm-automation 1.7.0
[2026-09-25T01:28:53.824Z] === 定时任务开始（目标日字面量 2026-09-24 → 2026-09-24）===
[2026-09-25T01:28:53.824Z] 日志：D:\Retire\sycm-automation\evidence\daily-job-2026-09-24\job.log
[2026-09-25T01:28:53.824Z] --- ensure-instances：C:\Users\Administrator\.workbuddy\binaries\node\versions\22.22.2-3\node.exe D:\Retire\sycm-automation\scripts\start-all.mjs
[起齐] 目标 7 个实例（来源：runtime/browser-ports.mjs）
  · 竞品链（买家号 ＋ 小旺神）  起前:ready  已就位，不动
  · 商家浏览器（日报/周表/灰豚）  起前:ready  已就位，不动
  · 里可林淘宝  起前:ready  已就位，不动
  · 网林天猫  起前:ready  已就位，不动
  · 盖文淘宝  起前:ready  已就位，不动
  · 盖文天猫  起前:ready  已就位，不动
  · 科塔淘宝  起前:ready  已就位，不动
[判据] 目标全部就位
       复核：node runtime/browser-inventory.mjs
[2026-09-25T01:28:54.178Z] --- ensure-instances 退出码=0
[2026-09-25T01:28:54.179Z] --- login-preflight：C:\Users\Administrator\.workbuddy\binaries\node\versions\22.22.2-3\node.exe D:\Retire\sycm-automation\skills\sycm-alimama-daily-report\scripts\check-login-shops.mjs --login --json
[归位] 里可林淘宝（代理 19041）：本来就在位（生意参谋工作页=1  阿里妈妈报表页=1）
[归位] 网林天猫（代理 19042）：本来就在位（生意参谋工作页=1  阿里妈妈报表页=1）
[归位] 盖文淘宝（代理 19043）：本来就在位（生意参谋工作页=1  阿里妈妈报表页=1）
[归位] 盖文天猫（代理 19045）：本来就在位（生意参谋工作页=1  阿里妈妈报表页=1）
[归位] 科塔淘宝（代理 19044）：本来就在位（生意参谋工作页=1  阿里妈妈报表页=1）
{
 "machine": "DESKTOP-KJP4RA5",
 "verdict": "ALL_IN",
 "autoLogin": true,
 "normalize": {
  "asked": true,
  "shops": [
   {
    "shop": "里可林淘宝",
    "proxyPort": 19041,
    "ok": true,
    "changed": false,
    "detail": "本来就在位（生意参谋工作页=1  阿里妈妈报表页=1）",
    "actions": []
   },
   {
    "shop": "网林天猫",
    "proxyPort": 19042,
    "ok": true,
    "changed": false,
    "detail": "本来就在位（生意参谋工作页=1  阿里妈妈报表页=1）",
    "actions": []
   },
   {
    "shop": "盖文淘宝",
    "proxyPort": 19043,
    "ok": true,
    "changed": false,
    "detail": "本来就在位（生意参谋工作页=1  阿里妈妈报表页=1）",
    "actions": []
   },
   {
    "shop": "盖文天猫",
    "proxyPort": 19045,
    "ok": true,
    "changed": false,
    "detail": "本来就在位（生意参谋工作页=1  阿里妈妈报表页=1）",
    "actions": []
   },
   {
    "shop": "科塔淘宝",
    "proxyPort": 19044,
    "ok": true,
    "changed": false,
    "detail": "本来就在位（生意参谋工作页=1  阿里妈妈报表页=1）",
    "actions": []
   }
  ]
 },
 "roundNotify": {
  "status": "SKIPPED",
  "reason": "这一轮没有「确定要人处理」的店（读不到不算要人；链的第 0 步会先补页面）"
 },
 "needHuman": [],
 "unknown": [],
 "checked": 5,
 "rows": [
  {
   "shop": "里可林淘宝",
   "verdict": "OK",
   "sites": {
    "sycm": "LOGGED_IN",
    "alimama": "LOGGED_IN"
   },
   "needsLogin": [],
   "unreadable": [],
   "href": {
    "sycm": "https://sycm.taobao.com/qos/service/frame/shop/performance/new#/shop",
    "alimama": "https://one.alimama.com/index.html"
   },
   "scriptVerdict": "ALREADY_LOGGED_IN",
   "detail": null,
   "notify": {
    "mode": "off",
    "status": "SKIPPED",
    "reason": "verdict_needs_no_human"
   },
   "childExitCode": 0,
   "probeError": null
  },
  {
   "shop": "网林天猫",
   "verdict": "OK",
   "sites": {
    "sycm": "LOGGED_IN",
    "alimama": "LOGGED_IN"
   },
   "needsLogin": [],
   "unreadable": [],
   "href": {
    "sycm": "https://sycm.taobao.com/qos/service/frame/shop/performance/new#/shop",
    "alimama": "https://one.alimama.com/index.html"
   },
   "scriptVerdict": "ALREADY_LOGGED_IN",
   "detail": null,
   "notify": {
    "mode": "off",
    "status": "SKIPPED",
    "reason": "verdict_needs_no_human"
   },
   "childExitCode": 0,
   "probeError": null
  },
  {
   "shop": "盖文淘宝",
   "verdict": "OK",
   "sites": {
    "sycm": "LOGGED_IN",
    "alimama": "LOGGED_IN"
   },
   "needsLogin": [],
   "unreadable": [],
   "href": {
    "sycm": "https://sycm.taobao.com/qos/service/frame/shop/performance/new#/shop",
    "alimama": "https://one.alimama.com/index.html"
   },
   "scriptVerdict": "ALREADY_LOGGED_IN",
   "detail": null,
   "notify": {
    "mode": "off",
    "status": "SKIPPED",
    "reason": "verdict_needs_no_human"
   },
   "childExitCode": 0,
   "probeError": null
  },
  {
   "shop": "盖文天猫",
   "verdict": "OK",
   "sites": {
    "sycm": "LOGGED_IN",
    "alimama": "LOGGED_IN"
   },
   "needsLogin": [],
   "unreadable": [],
   "href": {
    "sycm": "https://sycm.taobao.com/qos/service/frame/shop/performance/new#/shop",
    "alimama": "https://one.alimama.com/index.html"
   },
   "scriptVerdict": "ALREADY_LOGGED_IN",
   "detail": null,
   "notify": {
    "mode": "off",
    "status": "SKIPPED",
    "reason": "verdict_needs_no_human"
   },
   "childExitCode": 0,
   "probeError": null
  },
  {
   "shop": "科塔淘宝",
   "verdict": "OK",
   "sites": {
    "sycm": "LOGGED_IN",
    "alimama": "LOGGED_IN"
   },
   "needsLogin": [],
   "unreadable": [],
   "href": {
    "sycm": "https://sycm.taobao.com/qos/service/frame/shop/performance/new#/shop",
    "alimama": "https://one.alimama.com/index.html"
   },
   "scriptVerdict": "ALREADY_LOGGED_IN",
   "detail": null,
   "notify": {
    "mode": "off",
    "status": "SKIPPED",
    "reason": "verdict_needs_no_human"
   },
   "childExitCode": 0,
   "probeError": null
  }
 ]
}
[2026-09-25T01:31:07.877Z] --- login-preflight 结论已落 evidence/daily-job-2026-09-24/login-preflight.json（4063 字节；链那一步会读它）
[2026-09-25T01:31:07.877Z] --- login-preflight 退出码=0
[2026-09-25T01:31:07.877Z] --- chain：C:\Users\Administrator\.workbuddy\binaries\node\versions\22.22.2-3\node.exe D:\Retire\sycm-automation\skills\sycm-alimama-daily-report\scripts\run-multi-shop-day.mjs --date 2026-09-24 --commit --notify --keep-going --login-preflight D:\Retire\sycm-automation\evidence\daily-job-2026-09-24\login-preflight.json
[驱动] 目标日 2026-09-24｜模式 commit｜店铺 5 家：里可林淘宝 / 网林天猫 / 盖文淘宝 / 盖文天猫 / 科塔淘宝
[驱动] 日志根 D:\Retire\sycm-automation\evidence\multi-shop-2026-09-24
[驱动] 跑前登录态结论 D:\Retire\sycm-automation\evidence\daily-job-2026-09-24\login-preflight.json ⇒ ALL_IN（掉登录 0 家／没结论 0 家）
[驱动] 本机 DESKTOP-KJP4RA5
[驱动] --commit：会真的写飞书。目标日已有行会硬重复停止（先按 §9.3 删那天）。
[驱动] 出错时：--notify 且 --commit
[驱动]   里可林淘宝 | 页头店名 里可林家居 | 会员 里可林家居:阿彦 2350600069
[驱动]   网林天猫 | 页头店名 网林家居旗舰店 | 会员 网林家居旗舰店:阿彦 7314426323
[驱动]   盖文淘宝 | 页头店名 盖文全卫定制 | 会员 随心品质定制:阿彦 887360146
[驱动]   盖文天猫 | 页头店名 盖文旗舰店 | 会员 盖文旗舰店:阿彦 2995200080
[驱动]   科塔淘宝 | 页头店名 科塔全卫定制 | 会员 j873522735:阿彦 412070158
[一轮]   归位：本来就在位（生意参谋工作页=1  飞书底单页=1）
[一轮]   体检通过：阻断 0 项，告警 1 项
[一轮]     [告警] EGRESS_PROXY_NOT_DECLARED：没有声明出网代理，判不出浏览器走哪条路出网。浏览器默认跟随机器级系统代理，机器级代理不可达时**所有**页面都报 ERR_PROXY_CONNECTION_FAILED（2026-09-18 实测）。要么显式声明出网代理，要么启动浏览器时固定用 --no-proxy-server。
[一轮]     已跑 ENVIRONMENT:port/ENVIRONMENT:pages/ENVIRONMENT:egress；通过（另有 1 项不阻断的告警）；未实现的层：IDENTITY/SESSION/END_TO_END（这几层**没有检查过**，不表示通过）
[里可林淘宝] 1. health-check —— 体检：这家店的浏览器在不在、profile 对不对、两个必需页面各恰好一个
[里可林淘宝]   归位：本来就在位（生意参谋工作页=1  阿里妈妈报表页=1）
[里可林淘宝]   体检通过：阻断 0 项，告警 1 项
[里可林淘宝]     [告警] EGRESS_PROXY_NOT_DECLARED：没有声明出网代理，判不出浏览器走哪条路出网。浏览器默认跟随机器级系统代理，机器级代理不可达时**所有**页面都报 ERR_PROXY_CONNECTION_FAILED（2026-09-18 实测）。要么显式声明出网代理，要么启动浏览器时固定用 --no-proxy-server。
[里可林淘宝]     已跑 ENVIRONMENT:port/ENVIRONMENT:pages/ENVIRONMENT:egress；通过（另有 1 项不阻断的告警）；未实现的层：IDENTITY/SESSION/END_TO_END（这几层**没有检查过**，不表示通过）
[里可林淘宝] 2. alimama-date —— 阿里妈妈落位（日期全在 URL hash 里，navigate 即落位）
[里可林淘宝] 停在这一步：阶段 alimama-date 失败（exit null）
[里可林淘宝]   停手时页面停在：生意参谋工作页=1  阿里妈妈报表页=1（共 4 个页签）
[里可林淘宝]     · 不属于期望清单：file:///D:/Retire/sycm-automation/runtime/shop-window-label.html?shop=%E9%87%8C%E5%8F%AF%E6%9E%97%E6%B7%98%E5%
[里可林淘宝]     · 不属于期望清单：edge://downloads-hub/
[里可林淘宝]   回位：不需要 —— 已经恰好一个性能页（https://sycm.taobao.com/qos/service/frame/shop/performance/new#/shop）
[里可林淘宝]   回位后 生意参谋工作页 恰好一个
[网林天猫] 1. health-check —— 体检：这家店的浏览器在不在、profile 对不对、两个必需页面各恰好一个
[网林天猫]   归位：本来就在位（生意参谋工作页=1  阿里妈妈报表页=1）
[网林天猫]   体检通过：阻断 0 项，告警 1 项
[网林天猫]     [告警] EGRESS_PROXY_NOT_DECLARED：没有声明出网代理，判不出浏览器走哪条路出网。浏览器默认跟随机器级系统代理，机器级代理不可达时**所有**页面都报 ERR_PROXY_CONNECTION_FAILED（2026-09-18 实测）。要么显式声明出网代理，要么启动浏览器时固定用 --no-proxy-server。
[网林天猫]     已跑 ENVIRONMENT:port/ENVIRONMENT:pages/ENVIRONMENT:egress；通过（另有 1 项不阻断的告警）；未实现的层：IDENTITY/SESSION/END_TO_END（这几层**没有检查过**，不表示通过）
[网林天猫] 2. alimama-date —— 阿里妈妈落位（日期全在 URL hash 里，navigate 即落位）
[网林天猫] 停在这一步：阶段 alimama-date 失败（exit null）
[网林天猫]   停手时页面停在：生意参谋工作页=1  阿里妈妈报表页=1（共 3 个页签）
[网林天猫]     · 不属于期望清单：file:///D:/Retire/sycm-automation/runtime/shop-window-label.html?shop=%E7%BD%91%E6%9E%97%E5%A4%A9%E7%8C%AB&por
[网林天猫]   回位：不需要 —— 已经恰好一个性能页（https://sycm.taobao.com/qos/service/frame/shop/performance/new#/shop）
[网林天猫]   回位后 生意参谋工作页 恰好一个
[盖文淘宝] 1. health-check —— 体检：这家店的浏览器在不在、profile 对不对、两个必需页面各恰好一个
[盖文淘宝]   归位：本来就在位（生意参谋工作页=1  阿里妈妈报表页=1）
[盖文淘宝]   体检通过：阻断 0 项，告警 1 项
[盖文淘宝]     [告警] EGRESS_PROXY_NOT_DECLARED：没有声明出网代理，判不出浏览器走哪条路出网。浏览器默认跟随机器级系统代理，机器级代理不可达时**所有**页面都报 ERR_PROXY_CONNECTION_FAILED（2026-09-18 实测）。要么显式声明出网代理，要么启动浏览器时固定用 --no-proxy-server。
[盖文淘宝]     已跑 ENVIRONMENT:port/ENVIRONMENT:pages/ENVIRONMENT:egress；通过（另有 1 项不阻断的告警）；未实现的层：IDENTITY/SESSION/END_TO_END（这几层**没有检查过**，不表示通过）
[盖文淘宝] 2. alimama-date —— 阿里妈妈落位（日期全在 URL hash 里，navigate 即落位）
[盖文淘宝] 停在这一步：阶段 alimama-date 失败（exit null）
[盖文淘宝]   停手时页面停在：生意参谋工作页=1  阿里妈妈报表页=1（共 3 个页签）
[盖文淘宝]     · 不属于期望清单：file:///D:/Retire/sycm-automation/runtime/shop-window-label.html?shop=%E7%9B%96%E6%96%87%E6%B7%98%E5%AE%9D&por
[盖文淘宝]   回位：不需要 —— 已经恰好一个性能页（https://sycm.taobao.com/qos/service/frame/shop/performance/new#/shop）
[盖文淘宝]   回位后 生意参谋工作页 恰好一个
[盖文天猫] 1. health-check —— 体检：这家店的浏览器在不在、profile 对不对、两个必需页面各恰好一个
[盖文天猫]   归位：本来就在位（生意参谋工作页=1  阿里妈妈报表页=1）
[盖文天猫]   体检通过：阻断 0 项，告警 1 项
[盖文天猫]     [告警] EGRESS_PROXY_NOT_DECLARED：没有声明出网代理，判不出浏览器走哪条路出网。浏览器默认跟随机器级系统代理，机器级代理不可达时**所有**页面都报 ERR_PROXY_CONNECTION_FAILED（2026-09-18 实测）。要么显式声明出网代理，要么启动浏览器时固定用 --no-proxy-server。
[盖文天猫]     已跑 ENVIRONMENT:port/ENVIRONMENT:pages/ENVIRONMENT:egress；通过（另有 1 项不阻断的告警）；未实现的层：IDENTITY/SESSION/END_TO_END（这几层**没有检查过**，不表示通过）
[盖文天猫] 2. alimama-date —— 阿里妈妈落位（日期全在 URL hash 里，navigate 即落位）
[盖文天猫] 停在这一步：阶段 alimama-date 失败（exit null）
[盖文天猫]   停手时页面停在：生意参谋工作页=1  阿里妈妈报表页=1（共 3 个页签）
[盖文天猫]     · 不属于期望清单：file:///D:/Retire/sycm-automation/runtime/shop-window-label.html?shop=%E7%9B%96%E6%96%87%E5%A4%A9%E7%8C%AB&por
[盖文天猫]   回位：不需要 —— 已经恰好一个性能页（https://sycm.taobao.com/qos/service/frame/shop/performance/new#/shop）
[盖文天猫]   回位后 生意参谋工作页 恰好一个
[科塔淘宝] 1. health-check —— 体检：这家店的浏览器在不在、profile 对不对、两个必需页面各恰好一个
[科塔淘宝]   归位：本来就在位（生意参谋工作页=1  阿里妈妈报表页=1）
[科塔淘宝]   体检通过：阻断 0 项，告警 1 项
[科塔淘宝]     [告警] EGRESS_PROXY_NOT_DECLARED：没有声明出网代理，判不出浏览器走哪条路出网。浏览器默认跟随机器级系统代理，机器级代理不可达时**所有**页面都报 ERR_PROXY_CONNECTION_FAILED（2026-09-18 实测）。要么显式声明出网代理，要么启动浏览器时固定用 --no-proxy-server。
[科塔淘宝]     已跑 ENVIRONMENT:port/ENVIRONMENT:pages/ENVIRONMENT:egress；通过（另有 1 项不阻断的告警）；未实现的层：IDENTITY/SESSION/END_TO_END（这几层**没有检查过**，不表示通过）
[科塔淘宝] 2. alimama-date —— 阿里妈妈落位（日期全在 URL hash 里，navigate 即落位）
[科塔淘宝] 停在这一步：阶段 alimama-date 失败（exit null）
[科塔淘宝]   停手时页面停在：生意参谋工作页=1  阿里妈妈报表页=1（共 3 个页签）
[科塔淘宝]     · 不属于期望清单：file:///D:/Retire/sycm-automation/runtime/shop-window-label.html?shop=%E7%A7%91%E5%A1%94%E6%B7%98%E5%AE%9D&por
[科塔淘宝]   回位：不需要 —— 已经恰好一个性能页（https://sycm.taobao.com/qos/service/frame/shop/performance/new#/shop）
[科塔淘宝]   回位后 生意参谋工作页 恰好一个

[驱动] 汇总：
  里可林淘宝：failed（停在 alimama-date） —— 阶段 alimama-date 失败（exit null）
  网林天猫：failed（停在 alimama-date） —— 阶段 alimama-date 失败（exit null）
  盖文淘宝：failed（停在 alimama-date） —— 阶段 alimama-date 失败（exit null）
  盖文天猫：failed（停在 alimama-date） —— 阶段 alimama-date 失败（exit null）
  科塔淘宝：failed（停在 alimama-date） —— 阶段 alimama-date 失败（exit null）
[驱动] 明细 evidence\multi-shop-2026-09-24\summary.json
[驱动] 告警文案（收信人看到的）：
【需要处理】5 家店的日报没收完（统计日 2026-09-24）
对象：日报一轮 · 5 家店
店铺：里可林淘宝、网林天猫、盖文淘宝、盖文天猫、科塔淘宝
数据周期：统计日 2026-09-24
任务：各店铺日报
原因：（跑前先查过登录态：这一轮的店后台都在登录态 —— 所以问题不在登录上，按上面的下一步做。）
没跑完 5 家：
· 里可林淘宝—— 停在第 2 步（阿里妈妈切到那一天）。这家店跑到一半停住了，这一天的数据没进飞书。
· 网林天猫—— 停在第 2 步（阿里妈妈切到那一天）。这家店跑到一半停住了，这一天的数据没进飞书。
· 盖文淘宝—— 停在第 2 步（阿里妈妈切到那一天）。这家店跑到一半停住了，这一天的数据没进飞书。
· 盖文天猫—— 停在第 2 步（阿里妈妈切到那一天）。这家店跑到一半停住了，这一天的数据没进飞书。
· 科塔淘宝—— 停在第 2 步（阿里妈妈切到那一天）。这家店跑到一半停住了，这一天的数据没进飞书。
下一步：这一轮不需要你在浏览器里做什么。如果到今天下班前飞书里还是缺这一天的数据，就把这条消息转给技术同学，让他去看。
时间：2026-09-25 09:31
告警编号：daily-round-20260924
[驱动] 告警投递退出码=null：
[驱动] 告警没送出去 —— 现在只有屏幕知道这一轮失败了，必须有人接手（见上面的投递收据）。日志在 evidence\multi-shop-2026-09-24
[2026-09-25T01:31:08.612Z] --- chain 退出码=1
[2026-09-25T01:31:08.612Z] === 定时任务结束：全链退出码=1；证据目录 evidence/multi-shop-2026-09-24/ ===
[2026-09-25T03:53:11.096Z] 版本：sycm-automation 1.7.1
[2026-09-25T03:53:11.098Z] === 定时任务开始（目标日字面量 2026-09-24 → 2026-09-24）===
[2026-09-25T03:53:11.098Z] 日志：D:\Retire\sycm-automation\evidence\daily-job-2026-09-24\job.log
[2026-09-25T03:53:11.098Z] --- ensure-instances：C:\Users\Administrator\.workbuddy\binaries\node\versions\22.22.2-3\node.exe D:\Retire\sycm-automation\scripts\start-all.mjs
[起齐] 目标 7 个实例（来源：runtime/browser-ports.mjs）
  · 竞品链（买家号 ＋ 小旺神）  起前:ready  已就位，不动
  · 商家浏览器（日报/周表/灰豚）  起前:ready  已就位，不动
  · 里可林淘宝  起前:ready  已就位，不动
  · 网林天猫  起前:ready  已就位，不动
  · 盖文淘宝  起前:ready  已就位，不动
  · 盖文天猫  起前:ready  已就位，不动
  · 科塔淘宝  起前:ready  已就位，不动
[判据] 目标全部就位
       复核：node runtime/browser-inventory.mjs
[2026-09-25T03:53:11.315Z] --- ensure-instances 退出码=0
[2026-09-25T03:53:11.316Z] --- login-preflight：C:\Users\Administrator\.workbuddy\binaries\node\versions\22.22.2-3\node.exe D:\Retire\sycm-automation\skills\sycm-alimama-daily-report\scripts\check-login-shops.mjs --login --json
[归位] 里可林淘宝（代理 19041）：本来就在位（生意参谋工作页=1  阿里妈妈报表页=1）
[归位] 网林天猫（代理 19042）：本来就在位（生意参谋工作页=1  阿里妈妈报表页=1）
[归位] 盖文淘宝（代理 19043）：本来就在位（生意参谋工作页=1  阿里妈妈报表页=1）
[归位] 盖文天猫（代理 19045）：本来就在位（生意参谋工作页=1  阿里妈妈报表页=1）
[归位] 科塔淘宝（代理 19044）：本来就在位（生意参谋工作页=1  阿里妈妈报表页=1）
{
 "machine": "DESKTOP-KJP4RA5",
 "verdict": "ALL_IN",
 "autoLogin": true,
 "normalize": {
  "asked": true,
  "shops": [
   {
    "shop": "里可林淘宝",
    "proxyPort": 19041,
    "ok": true,
    "changed": false,
    "detail": "本来就在位（生意参谋工作页=1  阿里妈妈报表页=1）",
    "actions": []
   },
   {
    "shop": "网林天猫",
    "proxyPort": 19042,
    "ok": true,
    "changed": false,
    "detail": "本来就在位（生意参谋工作页=1  阿里妈妈报表页=1）",
    "actions": []
   },
   {
    "shop": "盖文淘宝",
    "proxyPort": 19043,
    "ok": true,
    "changed": false,
    "detail": "本来就在位（生意参谋工作页=1  阿里妈妈报表页=1）",
    "actions": []
   },
   {
    "shop": "盖文天猫",
    "proxyPort": 19045,
    "ok": true,
    "changed": false,
    "detail": "本来就在位（生意参谋工作页=1  阿里妈妈报表页=1）",
    "actions": []
   },
   {
    "shop": "科塔淘宝",
    "proxyPort": 19044,
    "ok": true,
    "changed": false,
    "detail": "本来就在位（生意参谋工作页=1  阿里妈妈报表页=1）",
    "actions": []
   }
  ]
 },
 "roundNotify": {
  "status": "SKIPPED",
  "reason": "这一轮没有「确定要人处理」的店（读不到不算要人；链的第 0 步会先补页面）"
 },
 "needHuman": [],
 "unknown": [],
 "checked": 5,
 "rows": [
  {
   "shop": "里可林淘宝",
   "verdict": "OK",
   "sites": {
    "sycm": "LOGGED_IN",
    "alimama": "LOGGED_IN"
   },
   "needsLogin": [],
   "unreadable": [],
   "href": {
    "sycm": "https://sycm.taobao.com/qos/service/frame/shop/performance/new#/shop",
    "alimama": "https://one.alimama.com/index.html"
   },
   "scriptVerdict": "ALREADY_LOGGED_IN",
   "detail": null,
   "notify": {
    "mode": "off",
    "status": "SKIPPED",
    "reason": "verdict_needs_no_human"
   },
   "childExitCode": 0,
   "probeError": null
  },
  {
   "shop": "网林天猫",
   "verdict": "OK",
   "sites": {
    "sycm": "LOGGED_IN",
    "alimama": "LOGGED_IN"
   },
   "needsLogin": [],
   "unreadable": [],
   "href": {
    "sycm": "https://sycm.taobao.com/qos/service/frame/shop/performance/new#/shop",
    "alimama": "https://one.alimama.com/index.html"
   },
   "scriptVerdict": "ALREADY_LOGGED_IN",
   "detail": null,
   "notify": {
    "mode": "off",
    "status": "SKIPPED",
    "reason": "verdict_needs_no_human"
   },
   "childExitCode": 0,
   "probeError": null
  },
  {
   "shop": "盖文淘宝",
   "verdict": "OK",
   "sites": {
    "sycm": "LOGGED_IN",
    "alimama": "LOGGED_IN"
   },
   "needsLogin": [],
   "unreadable": [],
   "href": {
    "sycm": "https://sycm.taobao.com/qos/service/frame/shop/performance/new#/shop",
    "alimama": "https://one.alimama.com/index.html"
   },
   "scriptVerdict": "ALREADY_LOGGED_IN",
   "detail": null,
   "notify": {
    "mode": "off",
    "status": "SKIPPED",
    "reason": "verdict_needs_no_human"
   },
   "childExitCode": 0,
   "probeError": null
  },
  {
   "shop": "盖文天猫",
   "verdict": "OK",
   "sites": {
    "sycm": "LOGGED_IN",
    "alimama": "LOGGED_IN"
   },
   "needsLogin": [],
   "unreadable": [],
   "href": {
    "sycm": "https://sycm.taobao.com/qos/service/frame/shop/performance/new#/shop",
    "alimama": "https://one.alimama.com/index.html"
   },
   "scriptVerdict": "ALREADY_LOGGED_IN",
   "detail": null,
   "notify": {
    "mode": "off",
    "status": "SKIPPED",
    "reason": "verdict_needs_no_human"
   },
   "childExitCode": 0,
   "probeError": null
  },
  {
   "shop": "科塔淘宝",
   "verdict": "OK",
   "sites": {
    "sycm": "LOGGED_IN",
    "alimama": "LOGGED_IN"
   },
   "needsLogin": [],
   "unreadable": [],
   "href": {
    "sycm": "https://sycm.taobao.com/qos/service/frame/shop/performance/new#/shop",
    "alimama": "https://one.alimama.com/index.html"
   },
   "scriptVerdict": "ALREADY_LOGGED_IN",
   "detail": null,
   "notify": {
    "mode": "off",
    "status": "SKIPPED",
    "reason": "verdict_needs_no_human"
   },
   "childExitCode": 0,
   "probeError": null
  }
 ]
}
[2026-09-25T03:55:28.479Z] --- login-preflight 结论已落 evidence/daily-job-2026-09-24/login-preflight.json（4063 字节；链那一步会读它）
[2026-09-25T03:55:28.479Z] --- login-preflight 退出码=0
[2026-09-25T03:55:28.479Z] --- chain：C:\Users\Administrator\.workbuddy\binaries\node\versions\22.22.2-3\node.exe D:\Retire\sycm-automation\skills\sycm-alimama-daily-report\scripts\run-multi-shop-day.mjs --date 2026-09-24 --commit --notify --keep-going --login-preflight D:\Retire\sycm-automation\evidence\daily-job-2026-09-24\login-preflight.json
[驱动] 环境自检：宿主没有掐断同步子进程（管道 stdin 可用）—— 这一轮不会因 EBUSY 失败。
[驱动] 目标日 2026-09-24｜模式 commit｜店铺 5 家：里可林淘宝 / 网林天猫 / 盖文淘宝 / 盖文天猫 / 科塔淘宝
[驱动] 日志根 D:\Retire\sycm-automation\evidence\multi-shop-2026-09-24
[驱动] 跑前登录态结论 D:\Retire\sycm-automation\evidence\daily-job-2026-09-24\login-preflight.json ⇒ ALL_IN（掉登录 0 家／没结论 0 家）
[驱动] 本机 DESKTOP-KJP4RA5
[驱动] --commit：会真的写飞书。目标日已有行会硬重复停止（先按 §9.3 删那天）。
[驱动] 出错时：--notify 且 --commit
[驱动]   里可林淘宝 | 页头店名 里可林家居 | 会员 里可林家居:阿彦 2350600069
[驱动]   网林天猫 | 页头店名 网林家居旗舰店 | 会员 网林家居旗舰店:阿彦 7314426323
[驱动]   盖文淘宝 | 页头店名 盖文全卫定制 | 会员 随心品质定制:阿彦 887360146
[驱动]   盖文天猫 | 页头店名 盖文旗舰店 | 会员 盖文旗舰店:阿彦 2995200080
[驱动]   科塔淘宝 | 页头店名 科塔全卫定制 | 会员 j873522735:阿彦 412070158
[一轮]   归位：本来就在位（生意参谋工作页=1  飞书底单页=1）
[一轮]   体检通过：阻断 0 项，告警 1 项
[一轮]     [告警] EGRESS_PROXY_NOT_DECLARED：没有声明出网代理，判不出浏览器走哪条路出网。浏览器默认跟随机器级系统代理，机器级代理不可达时**所有**页面都报 ERR_PROXY_CONNECTION_FAILED（2026-09-18 实测）。要么显式声明出网代理，要么启动浏览器时固定用 --no-proxy-server。
[一轮]     已跑 ENVIRONMENT:port/ENVIRONMENT:pages/ENVIRONMENT:egress；通过（另有 1 项不阻断的告警）；未实现的层：IDENTITY/SESSION/END_TO_END（这几层**没有检查过**，不表示通过）
[里可林淘宝] 1. health-check —— 体检：这家店的浏览器在不在、profile 对不对、两个必需页面各恰好一个
[里可林淘宝]   归位：本来就在位（生意参谋工作页=1  阿里妈妈报表页=1）
[里可林淘宝]   体检通过：阻断 0 项，告警 1 项
[里可林淘宝]     [告警] EGRESS_PROXY_NOT_DECLARED：没有声明出网代理，判不出浏览器走哪条路出网。浏览器默认跟随机器级系统代理，机器级代理不可达时**所有**页面都报 ERR_PROXY_CONNECTION_FAILED（2026-09-18 实测）。要么显式声明出网代理，要么启动浏览器时固定用 --no-proxy-server。
[里可林淘宝]     已跑 ENVIRONMENT:port/ENVIRONMENT:pages/ENVIRONMENT:egress；通过（另有 1 项不阻断的告警）；未实现的层：IDENTITY/SESSION/END_TO_END（这几层**没有检查过**，不表示通过）
[里可林淘宝] 2. alimama-date —— 阿里妈妈落位（日期全在 URL hash 里，navigate 即落位）
[里可林淘宝] 3. promotion-submit —— 提交推广报表生成任务（之后平台要生成几分钟，中途用第 3/4 步填掉）
[里可林淘宝] 4. sycm-date —— 生意参谋落位（切页签到 询单到付款 再定日期）
[里可林淘宝] 5. shop-report —— 点开日报预览并下载店铺工作簿（会把这个页签留在预览页）
[里可林淘宝] shopXlsxPath = C:\Users\Administrator\Downloads\日报_20260925_b3de46ced2634ef20c9372b4caf00736 (2).xlsx
[里可林淘宝]   店铺工作簿 = C:\Users\Administrator\Downloads\日报_20260925_b3de46ced2634ef20c9372b4caf00736 (2).xlsx
[里可林淘宝] 6. promotion-fetch —— 取推广 zip（先断言任务行是「生成成功」，再真实点复选框）
[里可林淘宝] [fetch] promotionZipPath = C:\Users\Administrator\Downloads\营销场景报表_20260925_115544.zip
[里可林淘宝]   推广 zip = C:\Users\Administrator\Downloads\营销场景报表_20260925_115544.zip
[里可林淘宝] 7. push —— 推送（会写底单新增一行）
[里可林淘宝] [shop-key] 里可林淘宝 ↔ 源产物店名 里可林家居 一致（证据目录 daily-report-2026-09-24-里可林淘宝-rerun2）
[里可林淘宝] 8. sycm-reset —— 生意参谋回位：把被第 4 步带走的那个页签送回 qos/.../shop/performance（驱动自己导航）
[代理] 连接层失败（第 1/3 次）：fetch failed｜cause=ECONNRESET → 1.5s 后重发 http://127.0.0.1:19041/targets
[代理] 第 2 次才通：http://127.0.0.1:19041/targets
[里可林淘宝]   回位：把 https://sycm.taobao.com/lyone/auto_analysis/datafetch/report_generation?insertType=sycm&la 送回 https://sycm.taobao.com/qos/service/frame/shop/performance/new#/shop
[里可林淘宝] 9. sycm-date-again —— 回位会重置页签与日期 ⇒ 必须重跑落位，否则回填报 expected one 当日询单人数 table, got 0
[里可林淘宝] 10. backfill —— 询单回填（写两个字段）
[里可林淘宝] 11. readback —— 独立回读 + 截图（换一条通路读同一个事实）
[网林天猫] 1. health-check —— 体检：这家店的浏览器在不在、profile 对不对、两个必需页面各恰好一个
[网林天猫]   归位：本来就在位（生意参谋工作页=1  阿里妈妈报表页=1）
[网林天猫]   体检通过：阻断 0 项，告警 1 项
[网林天猫]     [告警] EGRESS_PROXY_NOT_DECLARED：没有声明出网代理，判不出浏览器走哪条路出网。浏览器默认跟随机器级系统代理，机器级代理不可达时**所有**页面都报 ERR_PROXY_CONNECTION_FAILED（2026-09-18 实测）。要么显式声明出网代理，要么启动浏览器时固定用 --no-proxy-server。
[网林天猫]     已跑 ENVIRONMENT:port/ENVIRONMENT:pages/ENVIRONMENT:egress；通过（另有 1 项不阻断的告警）；未实现的层：IDENTITY/SESSION/END_TO_END（这几层**没有检查过**，不表示通过）
[网林天猫] 2. alimama-date —— 阿里妈妈落位（日期全在 URL hash 里，navigate 即落位）
[网林天猫] 3. promotion-submit —— 提交推广报表生成任务（之后平台要生成几分钟，中途用第 3/4 步填掉）
[网林天猫] 4. sycm-date —— 生意参谋落位（切页签到 询单到付款 再定日期）
[网林天猫] 5. shop-report —— 点开日报预览并下载店铺工作簿（会把这个页签留在预览页）
[网林天猫] shopXlsxPath = C:\Users\Administrator\Downloads\日报_20260925_80bec2d747ebb68cb870a4272d0d52c1 (1).xlsx
[网林天猫]   店铺工作簿 = C:\Users\Administrator\Downloads\日报_20260925_80bec2d747ebb68cb870a4272d0d52c1 (1).xlsx
[网林天猫] 6. promotion-fetch —— 取推广 zip（先断言任务行是「生成成功」，再真实点复选框）
[网林天猫] [fetch] promotionZipPath = C:\Users\Administrator\Downloads\营销场景报表_20260925_100840.zip
[网林天猫]   推广 zip = C:\Users\Administrator\Downloads\营销场景报表_20260925_100840.zip
[网林天猫] 7. push —— 推送（会写底单新增一行）
[网林天猫] [shop-key] 网林天猫 ↔ 源产物店名 网林家居旗舰店 一致（证据目录 daily-report-2026-09-24-网林天猫）
[网林天猫] 8. sycm-reset —— 生意参谋回位：把被第 4 步带走的那个页签送回 qos/.../shop/performance（驱动自己导航）
[代理] 连接层失败（第 1/3 次）：fetch failed｜cause=ECONNRESET → 1.5s 后重发 http://127.0.0.1:19042/targets
[代理] 第 2 次才通：http://127.0.0.1:19042/targets
[网林天猫]   回位：把 https://sycm.taobao.com/lyone/auto_analysis/datafetch/report_generation?insertType=sycm&la 送回 https://sycm.taobao.com/qos/service/frame/shop/performance/new#/shop
[网林天猫] 9. sycm-date-again —— 回位会重置页签与日期 ⇒ 必须重跑落位，否则回填报 expected one 当日询单人数 table, got 0
[网林天猫] 10. backfill —— 询单回填（写两个字段）
[网林天猫] 11. readback —— 独立回读 + 截图（换一条通路读同一个事实）
[盖文淘宝] 1. health-check —— 体检：这家店的浏览器在不在、profile 对不对、两个必需页面各恰好一个
[盖文淘宝]   归位：本来就在位（生意参谋工作页=1  阿里妈妈报表页=1）
[盖文淘宝]   体检通过：阻断 0 项，告警 1 项
[盖文淘宝]     [告警] EGRESS_PROXY_NOT_DECLARED：没有声明出网代理，判不出浏览器走哪条路出网。浏览器默认跟随机器级系统代理，机器级代理不可达时**所有**页面都报 ERR_PROXY_CONNECTION_FAILED（2026-09-18 实测）。要么显式声明出网代理，要么启动浏览器时固定用 --no-proxy-server。
[盖文淘宝]     已跑 ENVIRONMENT:port/ENVIRONMENT:pages/ENVIRONMENT:egress；通过（另有 1 项不阻断的告警）；未实现的层：IDENTITY/SESSION/END_TO_END（这几层**没有检查过**，不表示通过）
[盖文淘宝] 2. alimama-date —— 阿里妈妈落位（日期全在 URL hash 里，navigate 即落位）
[盖文淘宝] 3. promotion-submit —— 提交推广报表生成任务（之后平台要生成几分钟，中途用第 3/4 步填掉）
[盖文淘宝] 4. sycm-date —— 生意参谋落位（切页签到 询单到付款 再定日期）
[盖文淘宝] 5. shop-report —— 点开日报预览并下载店铺工作簿（会把这个页签留在预览页）
[盖文淘宝] shopXlsxPath = C:\Users\Administrator\Downloads\日报2_20260925_90f3f449b92531c0823d97ec6d6bb86b (1).xlsx
[盖文淘宝]   店铺工作簿 = C:\Users\Administrator\Downloads\日报2_20260925_90f3f449b92531c0823d97ec6d6bb86b (1).xlsx
[盖文淘宝] 6. promotion-fetch —— 取推广 zip（先断言任务行是「生成成功」，再真实点复选框）
[盖文淘宝] [fetch] promotionZipPath = C:\Users\Administrator\Downloads\营销场景报表_20260925_120054.zip
[盖文淘宝]   推广 zip = C:\Users\Administrator\Downloads\营销场景报表_20260925_120054.zip
[盖文淘宝] 7. push —— 推送（会写底单新增一行）
[盖文淘宝] [shop-key] 盖文淘宝 ↔ 源产物店名 盖文全卫定制 一致（证据目录 daily-report-2026-09-24-盖文淘宝）
[盖文淘宝] 8. sycm-reset —— 生意参谋回位：把被第 4 步带走的那个页签送回 qos/.../shop/performance（驱动自己导航）
[代理] 连接层失败（第 1/3 次）：fetch failed｜cause=ECONNRESET → 1.5s 后重发 http://127.0.0.1:19043/targets
[代理] 第 2 次才通：http://127.0.0.1:19043/targets
[盖文淘宝]   回位：把 https://sycm.taobao.com/lyone/auto_analysis/datafetch/report_generation?insertType=sycm&la 送回 https://sycm.taobao.com/qos/service/frame/shop/performance/new#/shop
[盖文淘宝] 9. sycm-date-again —— 回位会重置页签与日期 ⇒ 必须重跑落位，否则回填报 expected one 当日询单人数 table, got 0
[盖文淘宝] 10. backfill —— 询单回填（写两个字段）
[盖文淘宝] 11. readback —— 独立回读 + 截图（换一条通路读同一个事实）
[盖文天猫] 1. health-check —— 体检：这家店的浏览器在不在、profile 对不对、两个必需页面各恰好一个
[盖文天猫]   归位：本来就在位（生意参谋工作页=1  阿里妈妈报表页=1）
[盖文天猫]   体检通过：阻断 0 项，告警 1 项
[盖文天猫]     [告警] EGRESS_PROXY_NOT_DECLARED：没有声明出网代理，判不出浏览器走哪条路出网。浏览器默认跟随机器级系统代理，机器级代理不可达时**所有**页面都报 ERR_PROXY_CONNECTION_FAILED（2026-09-18 实测）。要么显式声明出网代理，要么启动浏览器时固定用 --no-proxy-server。
[盖文天猫]     已跑 ENVIRONMENT:port/ENVIRONMENT:pages/ENVIRONMENT:egress；通过（另有 1 项不阻断的告警）；未实现的层：IDENTITY/SESSION/END_TO_END（这几层**没有检查过**，不表示通过）
[盖文天猫] 2. alimama-date —— 阿里妈妈落位（日期全在 URL hash 里，navigate 即落位）
[盖文天猫] 3. promotion-submit —— 提交推广报表生成任务（之后平台要生成几分钟，中途用第 3/4 步填掉）
[盖文天猫] 4. sycm-date —— 生意参谋落位（切页签到 询单到付款 再定日期）
[盖文天猫] 5. shop-report —— 点开日报预览并下载店铺工作簿（会把这个页签留在预览页）
[盖文天猫] shopXlsxPath = C:\Users\Administrator\Downloads\日报_20260925_adc987ef8d0897700e42dcf1427605b3 (1).xlsx
[盖文天猫]   店铺工作簿 = C:\Users\Administrator\Downloads\日报_20260925_adc987ef8d0897700e42dcf1427605b3 (1).xlsx
[盖文天猫] 6. promotion-fetch —— 取推广 zip（先断言任务行是「生成成功」，再真实点复选框）
[盖文天猫] [fetch] promotionZipPath = C:\Users\Administrator\Downloads\营销场景报表_20260925_120337.zip
[盖文天猫]   推广 zip = C:\Users\Administrator\Downloads\营销场景报表_20260925_120337.zip
[盖文天猫] 7. push —— 推送（会写底单新增一行）
[盖文天猫] [shop-key] 盖文天猫 ↔ 源产物店名 盖文旗舰店 一致（证据目录 daily-report-2026-09-24-盖文天猫）
[盖文天猫] 8. sycm-reset —— 生意参谋回位：把被第 4 步带走的那个页签送回 qos/.../shop/performance（驱动自己导航）
[代理] 连接层失败（第 1/3 次）：fetch failed｜cause=ECONNRESET → 1.5s 后重发 http://127.0.0.1:19045/targets
[代理] 第 2 次才通：http://127.0.0.1:19045/targets
[盖文天猫]   回位：把 https://sycm.taobao.com/lyone/auto_analysis/datafetch/report_generation?insertType=sycm&la 送回 https://sycm.taobao.com/qos/service/frame/shop/performance/new#/shop
[盖文天猫] 9. sycm-date-again —— 回位会重置页签与日期 ⇒ 必须重跑落位，否则回填报 expected one 当日询单人数 table, got 0
[盖文天猫] 10. backfill —— 询单回填（写两个字段）
[盖文天猫] 11. readback —— 独立回读 + 截图（换一条通路读同一个事实）
[科塔淘宝] 1. health-check —— 体检：这家店的浏览器在不在、profile 对不对、两个必需页面各恰好一个
[科塔淘宝]   归位：本来就在位（生意参谋工作页=1  阿里妈妈报表页=1）
[科塔淘宝]   体检通过：阻断 0 项，告警 1 项
[科塔淘宝]     [告警] EGRESS_PROXY_NOT_DECLARED：没有声明出网代理，判不出浏览器走哪条路出网。浏览器默认跟随机器级系统代理，机器级代理不可达时**所有**页面都报 ERR_PROXY_CONNECTION_FAILED（2026-09-18 实测）。要么显式声明出网代理，要么启动浏览器时固定用 --no-proxy-server。
[科塔淘宝]     已跑 ENVIRONMENT:port/ENVIRONMENT:pages/ENVIRONMENT:egress；通过（另有 1 项不阻断的告警）；未实现的层：IDENTITY/SESSION/END_TO_END（这几层**没有检查过**，不表示通过）
[科塔淘宝] 2. alimama-date —— 阿里妈妈落位（日期全在 URL hash 里，navigate 即落位）
[科塔淘宝] 3. promotion-submit —— 提交推广报表生成任务（之后平台要生成几分钟，中途用第 3/4 步填掉）
[科塔淘宝] 4. sycm-date —— 生意参谋落位（切页签到 询单到付款 再定日期）
[科塔淘宝] 5. shop-report —— 点开日报预览并下载店铺工作簿（会把这个页签留在预览页）
[科塔淘宝] shopXlsxPath = C:\Users\Administrator\Downloads\日报_20260925_aefdcd0599626688507142b7bbed7e84 (1).xlsx
[科塔淘宝]   店铺工作簿 = C:\Users\Administrator\Downloads\日报_20260925_aefdcd0599626688507142b7bbed7e84 (1).xlsx
[科塔淘宝] 6. promotion-fetch —— 取推广 zip（先断言任务行是「生成成功」，再真实点复选框）
[科塔淘宝] [fetch] promotionZipPath = C:\Users\Administrator\Downloads\营销场景报表_20260925_120601.zip
[科塔淘宝]   推广 zip = C:\Users\Administrator\Downloads\营销场景报表_20260925_120601.zip
[科塔淘宝] 7. push —— 推送（会写底单新增一行）
[科塔淘宝] [shop-key] 科塔淘宝 ↔ 源产物店名 科塔全卫定制 一致（证据目录 daily-report-2026-09-24-科塔淘宝）
[科塔淘宝] 8. sycm-reset —— 生意参谋回位：把被第 4 步带走的那个页签送回 qos/.../shop/performance（驱动自己导航）
[代理] 连接层失败（第 1/3 次）：fetch failed｜cause=ECONNRESET → 1.5s 后重发 http://127.0.0.1:19044/targets
[代理] 第 2 次才通：http://127.0.0.1:19044/targets
[科塔淘宝]   回位：把 https://sycm.taobao.com/lyone/auto_analysis/datafetch/report_generation?insertType=sycm&la 送回 https://sycm.taobao.com/qos/service/frame/shop/performance/new#/shop
[科塔淘宝] 9. sycm-date-again —— 回位会重置页签与日期 ⇒ 必须重跑落位，否则回填报 expected one 当日询单人数 table, got 0
[科塔淘宝] 10. backfill —— 询单回填（写两个字段）
[科塔淘宝] 11. readback —— 独立回读 + 截图（换一条通路读同一个事实）

[驱动] 汇总：
  里可林淘宝：ok
  网林天猫：ok
  盖文淘宝：ok
  盖文天猫：ok
  科塔淘宝：ok
[驱动] 明细 evidence\multi-shop-2026-09-24\summary.json
[驱动] 5 家店都收完了，没发提醒（--notify 只在出错时叫人）。
[2026-09-25T04:08:13.343Z] --- chain 退出码=0
[2026-09-25T04:08:13.343Z] === 定时任务结束：全链退出码=0；证据目录 evidence/multi-shop-2026-09-24/ ===
[2026-09-25T04:12:45.121Z] 版本：sycm-automation 1.7.1
[2026-09-25T04:12:45.122Z] === 定时任务开始（目标日字面量 yesterday → 2026-09-24）===
[2026-09-25T04:12:45.122Z] 日志：D:\Retire\sycm-automation\evidence\daily-job-2026-09-24\job.log
[2026-09-25T04:12:45.122Z] --- ensure-instances：C:\Users\Administrator\.workbuddy\binaries\node\versions\22.22.2-3\node.exe D:\Retire\sycm-automation\scripts\start-all.mjs
[起齐] 目标 7 个实例（来源：runtime/browser-ports.mjs）
  · 竞品链（买家号 ＋ 小旺神）  起前:ready  已就位，不动
  · 商家浏览器（日报/周表/灰豚）  起前:ready  已就位，不动
  · 里可林淘宝  起前:ready  已就位，不动
  · 网林天猫  起前:ready  已就位，不动
  · 盖文淘宝  起前:ready  已就位，不动
  · 盖文天猫  起前:ready  已就位，不动
  · 科塔淘宝  起前:ready  已就位，不动
[判据] 目标全部就位
       复核：node runtime/browser-inventory.mjs
[2026-09-25T04:12:45.319Z] --- ensure-instances 退出码=0
[2026-09-25T04:12:45.319Z] --- login-preflight：C:\Users\Administrator\.workbuddy\binaries\node\versions\22.22.2-3\node.exe D:\Retire\sycm-automation\skills\sycm-alimama-daily-report\scripts\check-login-shops.mjs --login --json
[归位] 里可林淘宝（代理 19041）：本来就在位（生意参谋工作页=1  阿里妈妈报表页=1）
[归位] 网林天猫（代理 19042）：本来就在位（生意参谋工作页=1  阿里妈妈报表页=1）
[归位] 盖文淘宝（代理 19043）：本来就在位（生意参谋工作页=1  阿里妈妈报表页=1）
[归位] 盖文天猫（代理 19045）：本来就在位（生意参谋工作页=1  阿里妈妈报表页=1）
[归位] 科塔淘宝（代理 19044）：本来就在位（生意参谋工作页=1  阿里妈妈报表页=1）
{
 "machine": "DESKTOP-KJP4RA5",
 "verdict": "ALL_IN",
 "autoLogin": true,
 "normalize": {
  "asked": true,
  "shops": [
   {
    "shop": "里可林淘宝",
    "proxyPort": 19041,
    "ok": true,
    "changed": false,
    "detail": "本来就在位（生意参谋工作页=1  阿里妈妈报表页=1）",
    "actions": []
   },
   {
    "shop": "网林天猫",
    "proxyPort": 19042,
    "ok": true,
    "changed": false,
    "detail": "本来就在位（生意参谋工作页=1  阿里妈妈报表页=1）",
    "actions": []
   },
   {
    "shop": "盖文淘宝",
    "proxyPort": 19043,
    "ok": true,
    "changed": false,
    "detail": "本来就在位（生意参谋工作页=1  阿里妈妈报表页=1）",
    "actions": []
   },
   {
    "shop": "盖文天猫",
    "proxyPort": 19045,
    "ok": true,
    "changed": false,
    "detail": "本来就在位（生意参谋工作页=1  阿里妈妈报表页=1）",
    "actions": []
   },
   {
    "shop": "科塔淘宝",
    "proxyPort": 19044,
    "ok": true,
    "changed": false,
    "detail": "本来就在位（生意参谋工作页=1  阿里妈妈报表页=1）",
    "actions": []
   }
  ]
 },
 "roundNotify": {
  "status": "SKIPPED",
  "reason": "这一轮没有「确定要人处理」的店（读不到不算要人；链的第 0 步会先补页面）"
 },
 "needHuman": [],
 "unknown": [],
 "checked": 5,
 "rows": [
  {
   "shop": "里可林淘宝",
   "verdict": "OK",
   "sites": {
    "sycm": "LOGGED_IN",
    "alimama": "LOGGED_IN"
   },
   "needsLogin": [],
   "unreadable": [],
   "href": {
    "sycm": "https://sycm.taobao.com/qos/service/frame/shop/performance/new#/shop",
    "alimama": "https://one.alimama.com/index.html"
   },
   "scriptVerdict": "ALREADY_LOGGED_IN",
   "detail": null,
   "notify": {
    "mode": "off",
    "status": "SKIPPED",
    "reason": "verdict_needs_no_human"
   },
   "childExitCode": 0,
   "probeError": null
  },
  {
   "shop": "网林天猫",
   "verdict": "OK",
   "sites": {
    "sycm": "LOGGED_IN",
    "alimama": "LOGGED_IN"
   },
   "needsLogin": [],
   "unreadable": [],
   "href": {
    "sycm": "https://sycm.taobao.com/qos/service/frame/shop/performance/new#/shop",
    "alimama": "https://one.alimama.com/index.html"
   },
   "scriptVerdict": "ALREADY_LOGGED_IN",
   "detail": null,
   "notify": {
    "mode": "off",
    "status": "SKIPPED",
    "reason": "verdict_needs_no_human"
   },
   "childExitCode": 0,
   "probeError": null
  },
  {
   "shop": "盖文淘宝",
   "verdict": "OK",
   "sites": {
    "sycm": "LOGGED_IN",
    "alimama": "LOGGED_IN"
   },
   "needsLogin": [],
   "unreadable": [],
   "href": {
    "sycm": "https://sycm.taobao.com/qos/service/frame/shop/performance/new#/shop",
    "alimama": "https://one.alimama.com/index.html"
   },
   "scriptVerdict": "ALREADY_LOGGED_IN",
   "detail": null,
   "notify": {
    "mode": "off",
    "status": "SKIPPED",
    "reason": "verdict_needs_no_human"
   },
   "childExitCode": 0,
   "probeError": null
  },
  {
   "shop": "盖文天猫",
   "verdict": "OK",
   "sites": {
    "sycm": "LOGGED_IN",
    "alimama": "LOGGED_IN"
   },
   "needsLogin": [],
   "unreadable": [],
   "href": {
    "sycm": "https://sycm.taobao.com/qos/service/frame/shop/performance/new#/shop",
    "alimama": "https://one.alimama.com/index.html"
   },
   "scriptVerdict": "ALREADY_LOGGED_IN",
   "detail": null,
   "notify": {
    "mode": "off",
    "status": "SKIPPED",
    "reason": "verdict_needs_no_human"
   },
   "childExitCode": 0,
   "probeError": null
  },
  {
   "shop": "科塔淘宝",
   "verdict": "OK",
   "sites": {
    "sycm": "LOGGED_IN",
    "alimama": "LOGGED_IN"
   },
   "needsLogin": [],
   "unreadable": [],
   "href": {
    "sycm": "https://sycm.taobao.com/qos/service/frame/shop/performance/new#/shop",
    "alimama": "https://one.alimama.com/index.html"
   },
   "scriptVerdict": "ALREADY_LOGGED_IN",
   "detail": null,
   "notify": {
    "mode": "off",
    "status": "SKIPPED",
    "reason": "verdict_needs_no_human"
   },
   "childExitCode": 0,
   "probeError": null
  }
 ]
}
[2026-09-25T04:14:58.002Z] --- login-preflight 结论已落 evidence/daily-job-2026-09-24/login-preflight.json（4063 字节；链那一步会读它）
[2026-09-25T04:14:58.003Z] --- login-preflight 退出码=0
[2026-09-25T04:14:58.003Z] --- chain：C:\Users\Administrator\.workbuddy\binaries\node\versions\22.22.2-3\node.exe D:\Retire\sycm-automation\skills\sycm-alimama-daily-report\scripts\run-multi-shop-day.mjs --date yesterday --commit --notify-print --login-preflight D:\Retire\sycm-automation\evidence\daily-job-2026-09-24\login-preflight.json
[驱动] 环境自检：宿主没有掐断同步子进程（管道 stdin 可用）—— 这一轮不会因 EBUSY 失败。
[驱动] 目标日 2026-09-24｜模式 commit｜店铺 5 家：里可林淘宝 / 网林天猫 / 盖文淘宝 / 盖文天猫 / 科塔淘宝
[驱动] （--date yesterday 按 Asia/Shanghai 解析成 2026-09-24）
[驱动] 日志根 D:\Retire\sycm-automation\evidence\multi-shop-2026-09-24
[驱动] 跑前登录态结论 D:\Retire\sycm-automation\evidence\daily-job-2026-09-24\login-preflight.json ⇒ ALL_IN（掉登录 0 家／没结论 0 家）
[驱动] 本机 DESKTOP-KJP4RA5
[驱动] --commit：会真的写飞书。目标日已有行会硬重复停止（先按 §9.3 删那天）。
[驱动] 出错时：--notify-print：只打印不投递
[驱动]   里可林淘宝 | 页头店名 里可林家居 | 会员 里可林家居:阿彦 2350600069
[驱动]   网林天猫 | 页头店名 网林家居旗舰店 | 会员 网林家居旗舰店:阿彦 7314426323
[驱动]   盖文淘宝 | 页头店名 盖文全卫定制 | 会员 随心品质定制:阿彦 887360146
[驱动]   盖文天猫 | 页头店名 盖文旗舰店 | 会员 盖文旗舰店:阿彦 2995200080
[驱动]   科塔淘宝 | 页头店名 科塔全卫定制 | 会员 j873522735:阿彦 412070158
[一轮]   归位：本来就在位（生意参谋工作页=1  飞书底单页=1）
[一轮]   体检通过：阻断 0 项，告警 1 项
[一轮]     [告警] EGRESS_PROXY_NOT_DECLARED：没有声明出网代理，判不出浏览器走哪条路出网。浏览器默认跟随机器级系统代理，机器级代理不可达时**所有**页面都报 ERR_PROXY_CONNECTION_FAILED（2026-09-18 实测）。要么显式声明出网代理，要么启动浏览器时固定用 --no-proxy-server。
[一轮]     已跑 ENVIRONMENT:port/ENVIRONMENT:pages/ENVIRONMENT:egress；通过（另有 1 项不阻断的告警）；未实现的层：IDENTITY/SESSION/END_TO_END（这几层**没有检查过**，不表示通过）
[里可林淘宝] 1. health-check —— 体检：这家店的浏览器在不在、profile 对不对、两个必需页面各恰好一个
[里可林淘宝]   归位：本来就在位（生意参谋工作页=1  阿里妈妈报表页=1）
[里可林淘宝]   体检通过：阻断 0 项，告警 1 项
[里可林淘宝]     [告警] EGRESS_PROXY_NOT_DECLARED：没有声明出网代理，判不出浏览器走哪条路出网。浏览器默认跟随机器级系统代理，机器级代理不可达时**所有**页面都报 ERR_PROXY_CONNECTION_FAILED（2026-09-18 实测）。要么显式声明出网代理，要么启动浏览器时固定用 --no-proxy-server。
[里可林淘宝]     已跑 ENVIRONMENT:port/ENVIRONMENT:pages/ENVIRONMENT:egress；通过（另有 1 项不阻断的告警）；未实现的层：IDENTITY/SESSION/END_TO_END（这几层**没有检查过**，不表示通过）
[里可林淘宝] 2. alimama-date —— 阿里妈妈落位（日期全在 URL hash 里，navigate 即落位）
[里可林淘宝] 3. promotion-submit —— 提交推广报表生成任务（之后平台要生成几分钟，中途用第 3/4 步填掉）
[里可林淘宝] 4. sycm-date —— 生意参谋落位（切页签到 询单到付款 再定日期）
[里可林淘宝] 5. shop-report —— 点开日报预览并下载店铺工作簿（会把这个页签留在预览页）
[里可林淘宝] shopXlsxPath = C:\Users\Administrator\Downloads\日报_20260925_b3de46ced2634ef20c9372b4caf00736 (3).xlsx
[里可林淘宝]   店铺工作簿 = C:\Users\Administrator\Downloads\日报_20260925_b3de46ced2634ef20c9372b4caf00736 (3).xlsx
[里可林淘宝] 6. promotion-fetch —— 取推广 zip（先断言任务行是「生成成功」，再真实点复选框）
[里可林淘宝] [fetch] promotionZipPath = C:\Users\Administrator\Downloads\营销场景报表_20260925_121513.zip
[里可林淘宝]   推广 zip = C:\Users\Administrator\Downloads\营销场景报表_20260925_121513.zip
[里可林淘宝] 7. push —— 推送（会写底单新增一行）
[里可林淘宝] [shop-key] 里可林淘宝 ↔ 源产物店名 里可林家居 一致（证据目录 daily-report-2026-09-24-里可林淘宝-rerun2）
[里可林淘宝]   stderr 尾部：
      [留空] UV价值：数据源给的是文本标记 NULL，数字字段存不下 ⇒ 该格留空（不是 0）
      [留空] 无线端UV价值：数据源给的是文本标记 NULL，数字字段存不下 ⇒ 该格留空（不是 0）
      Error: duplicate daily report row exists: recvwcwtvCjSTN
          at main (file:///D:/Retire/sycm-automation/skills/sycm-alimama-daily-report/scripts/run-daily-report.mjs:453:32)
          at process.processTicksAndRejections (node:internal/process/task_queues:103:5)
[里可林淘宝] 停在这一步：阶段 push 失败（exit 1）
[代理] 连接层失败（第 1/3 次）：fetch failed｜cause=ECONNRESET → 1.5s 后重发 http://127.0.0.1:19041/targets
[代理] 第 2 次才通：http://127.0.0.1:19041/targets
[里可林淘宝]   停手时页面停在：生意参谋工作页=0  阿里妈妈报表页=1（共 4 个页签）
[里可林淘宝]     · 不属于期望清单：file:///D:/Retire/sycm-automation/runtime/shop-window-label.html?shop=%E9%87%8C%E5%8F%AF%E6%9E%97%E6%B7%98%E5%
[里可林淘宝]     · 不属于期望清单：https://sycm.taobao.com/lyone/auto_analysis/datafetch/report_generation?insertType=sycm&layoutHide=1&useDebug=
[里可林淘宝]     · 不属于期望清单：edge://downloads-hub/
[里可林淘宝]   回位：把 https://sycm.taobao.com/lyone/auto_analysis/datafetch/report_generation?insertType=sycm&la 送回 https://sycm.taobao.com/qos/service/frame/shop/performance/new#/shop
[里可林淘宝]   回位后 生意参谋工作页 恰好一个
[驱动] 按默认策略停整轮（要看完全部店加 --keep-going）。已跑的店记在 evidence\multi-shop-2026-09-24。

[驱动] 汇总：
  里可林淘宝：failed（停在 push） —— 阶段 push 失败（exit 1）
[驱动] 明细 evidence\multi-shop-2026-09-24\summary.json
[驱动] 告警文案（收信人看到的）：
【需要处理】里可林淘宝的日报没收完（统计日 2026-09-24）
对象：日报一轮 · 5 家店
店铺：里可林淘宝
数据周期：统计日 2026-09-24
任务：各店铺日报
原因：（跑前先查过登录态：这一轮的店后台都在登录态 —— 所以问题不在登录上，按上面的下一步做。）
没跑完 1 家：
· 里可林淘宝—— 停在第 7 步（写进飞书）。这一天飞书里已经有数据了，脚本按「不许写第二遍」停住了。
· 另外 4 家今天一步都没跑（有一家停住后，整轮就停了）：网林天猫、盖文淘宝、盖文天猫、科塔淘宝
下一步：不用处理：2026-09-24 的数据已经在飞书里了。只有确实要重写时才需要先删掉那一天的记录再跑。
时间：2026-09-25 12:16
告警编号：daily-round-20260924
[驱动] （--notify-print：只打印、不投递）
[2026-09-25T04:16:23.081Z] --- chain 退出码=1
[2026-09-25T04:16:23.081Z] === 定时任务结束：全链退出码=1；证据目录 evidence/multi-shop-2026-09-24/ ===
