[2026-09-27T14:38:11.300Z] 商品数据自动采集开始：yesterday → 2026-09-26；5 店；底单串行、询单/推广并行；模式 commit
[2026-09-27T14:40:48.462Z] [底单] 里可林淘宝 已采集 C:\Users\Administrator\Downloads\【生意参谋平台】商品_全部_2026-09-26_2026-09-26 (13).xls
[2026-09-27T14:40:55.092Z] [底单] 网林天猫 已采集 C:\Users\Administrator\Downloads\【生意参谋平台】商品_全部_2026-09-26_2026-09-26 (14).xls
[2026-09-27T14:41:01.661Z] [底单] 盖文淘宝 已采集 C:\Users\Administrator\Downloads\【生意参谋平台】商品_全部_2026-09-26_2026-09-26 (15).xls
[2026-09-27T14:41:08.449Z] [底单] 盖文天猫 已采集 C:\Users\Administrator\Downloads\【生意参谋平台】商品_全部_2026-09-26_2026-09-26 (16).xls
[2026-09-27T14:41:15.514Z] [底单] 科塔淘宝 已采集 C:\Users\Administrator\Downloads\【生意参谋平台】商品_全部_2026-09-26_2026-09-26 (17).xls
[2026-09-27T14:41:24.739Z] [询单] 里可林淘宝 已落盘 D:\Retire\sycm-automation\evidence\product-data-job-2026-09-26\2026-09-26-20260927143811154-0ab5dd12\里可林淘宝\inquiry.xls
[2026-09-27T14:42:05.169Z] [推广] 里可林淘宝 已采集 C:\Users\Administrator\Downloads\商品报表_20260927_224144.zip
[2026-09-27T14:42:13.194Z] [询单] 网林天猫 已落盘 D:\Retire\sycm-automation\evidence\product-data-job-2026-09-26\2026-09-26-20260927143811154-0ab5dd12\网林天猫\inquiry.xls
[2026-09-27T14:42:45.801Z] [推广] 网林天猫 已采集 C:\Users\Administrator\Downloads\商品报表_20260927_224228.zip
[2026-09-27T14:42:55.730Z] [询单] 盖文淘宝 已落盘 D:\Retire\sycm-automation\evidence\product-data-job-2026-09-26\2026-09-26-20260927143811154-0ab5dd12\盖文淘宝\inquiry.xls
[2026-09-27T14:43:28.465Z] [推广] 盖文淘宝 已采集 C:\Users\Administrator\Downloads\商品报表_20260927_224310.zip
[2026-09-27T14:43:36.330Z] [询单] 盖文天猫 已落盘 D:\Retire\sycm-automation\evidence\product-data-job-2026-09-26\2026-09-26-20260927143811154-0ab5dd12\盖文天猫\inquiry.xls
[2026-09-27T14:44:16.845Z] [推广] 盖文天猫 已采集 C:\Users\Administrator\Downloads\商品报表_20260927_224351.zip
[2026-09-27T14:44:25.132Z] [询单] 科塔淘宝 已落盘 D:\Retire\sycm-automation\evidence\product-data-job-2026-09-26\2026-09-26-20260927143811154-0ab5dd12\科塔淘宝\inquiry.xls
[2026-09-27T14:44:52.651Z] [推广] 科塔淘宝 已采集 C:\Users\Administrator\Downloads\商品报表_20260927_224440.zip
[2026-09-27T14:44:52.964Z] [导入] 里可林淘宝 底单失败（exit 1）
[2026-09-27T14:44:53.269Z] [导入] 里可林淘宝 询单失败（exit 1）
[2026-09-27T14:44:53.572Z] [导入] 网林天猫 底单失败（exit 1）
[2026-09-27T14:44:53.884Z] [导入] 网林天猫 询单失败（exit 1）
[2026-09-27T14:44:54.370Z] [导入] 盖文淘宝 底单失败（exit 1）
[2026-09-27T14:44:54.815Z] [导入] 盖文淘宝 询单失败（exit 1）
[2026-09-27T14:44:55.195Z] [导入] 盖文天猫 底单失败（exit 1）
[2026-09-27T14:44:55.533Z] [导入] 盖文天猫 询单失败（exit 1）
[2026-09-27T14:44:55.861Z] [导入] 科塔淘宝 底单失败（exit 1）
[2026-09-27T14:44:56.249Z] [导入] 科塔淘宝 询单失败（exit 1）
[2026-09-27T14:44:58.583Z] [导入] 里可林淘宝 推广失败（exit 1）
[2026-09-27T14:44:59.554Z] [导入] 网林天猫 推广失败（exit 1）
[2026-09-27T14:45:00.621Z] [导入] 盖文淘宝 推广失败（exit 1）
[2026-09-27T14:45:01.568Z] [导入] 盖文天猫 推广失败（exit 1）
[2026-09-27T14:45:02.573Z] [导入] 科塔淘宝 推广失败（exit 1）
[2026-09-27T14:45:02.587Z] 失败：本轮不完整（16 处）：里可林淘宝/底单 导入失败；里可林淘宝/询单 导入失败；网林天猫/底单 导入失败；网林天猫/询单 导入失败；盖文淘宝/底单 导入失败；盖文淘宝/询单 导入失败；盖文天猫/底单 导入失败；盖文天猫/询单 导入失败；科塔淘宝/底单 导入失败；科塔淘宝/询单 导入失败；推广 批量导入失败；里可林淘宝/推广 导入失败；网林天猫/推广 导入失败；盖文淘宝/推广 导入失败；盖文天猫/推广 导入失败；科塔淘宝/推广 导入失败（FAILED/UNCLASSIFIED；停在哪一段=product-import）
[2026-09-27T14:45:04.618Z] 浏览器已释放并完成端口二次回读
[2026-09-27T14:45:07.030Z] 告警投递：SENT（exit 0）
[2026-09-27T14:45:07.031Z] 商品数据自动采集结束：退出码 1
