[2026-09-23T00:14:57.261Z] === 定时任务开始（目标日字面量 yesterday → 2026-09-22）===
[2026-09-23T00:14:57.263Z] 日志：D:\Retire\sycm-automation\evidence\daily-job-2026-09-22\job.log
[2026-09-23T00:14:57.263Z] --- ensure-instances：C:\Users\Administrator\.workbuddy\binaries\node\versions\22.22.2-3\node.exe D:\Retire\sycm-automation\scripts\start-all.mjs
[起齐] 目标 7 个实例（来源：runtime/browser-ports.mjs）
  · 竞品链（买家号 ＋ 小旺神）  起前:ready  已就位，不动
  · 商家浏览器（日报/周表/灰豚）  起前:ready  已就位，不动
  · 里可林淘宝  起前:ready  已就位，不动
  · 网林天猫  起前:ready  已就位，不动
  · 盖文淘宝  起前:ready  已就位，不动
  · 盖文天猫  起前:ready  已就位，不动
  · 科塔淘宝  起前:ready  已就位，不动
[判据] 目标全部就位
       复核：node runtime/browser-inventory.mjs
[2026-09-23T00:14:57.485Z] --- ensure-instances 退出码=0
[2026-09-23T00:14:57.486Z] --- chain：C:\Users\Administrator\.workbuddy\binaries\node\versions\22.22.2-3\node.exe D:\Retire\sycm-automation\skills\sycm-alimama-daily-report\scripts\run-multi-shop-day.mjs --date yesterday --commit --notify
[驱动] 目标日 2026-09-22｜模式 commit｜店铺 5 家：里可林淘宝 / 网林天猫 / 盖文淘宝 / 盖文天猫 / 科塔淘宝
[驱动] （--date yesterday 按 Asia/Shanghai 解析成 2026-09-22）
[驱动] 日志根 D:\Retire\sycm-automation\evidence\multi-shop-2026-09-22
[驱动] 本机 DESKTOP-KJP4RA5
[驱动] --commit：会真的写飞书。目标日已有行会硬重复停止（先按 §9.3 删那天）。
[驱动] 出错时：--notify 且 --commit
[驱动]   里可林淘宝 | 页头店名 里可林家居 | 会员 里可林家居:阿彦 2350600069
[驱动]   网林天猫 | 页头店名 网林家居旗舰店 | 会员 网林家居旗舰店:阿彦 7314426323
[驱动]   盖文淘宝 | 页头店名 盖文全卫定制 | 会员 随心品质定制:阿彦 887360146
[驱动]   盖文天猫 | 页头店名 盖文旗舰店 | 会员 盖文旗舰店:阿彦 2995200080
[驱动]   科塔淘宝 | 页头店名 科塔全卫定制 | 会员 j873522735:阿彦 412070158
[一轮]   归位：本来就在位（生意参谋工作页=1  飞书底单页=1）
[一轮]   体检通过：阻断 0 项，告警 1 项
[一轮]     [告警] EGRESS_PROXY_NOT_DECLARED：没有声明出网代理，判不出浏览器走哪条路出网。浏览器默认跟随机器级系统代理，机器级代理不可达时**所有**页面都报 ERR_PROXY_CONNECTION_FAILED（2026-09-18 实测）。要么显式声明出网代理，要么启动浏览器时固定用 --no-proxy-server。
[一轮]     已跑 ENVIRONMENT:port/ENVIRONMENT:pages/ENVIRONMENT:egress；通过（另有 1 项不阻断的告警）；未实现的层：IDENTITY/SESSION/END_TO_END（这几层**没有检查过**，不表示通过）
[里可林淘宝] 1. health-check —— 体检：这家店的浏览器在不在、profile 对不对、两个必需页面各恰好一个
[里可林淘宝]   归位：本来就在位（生意参谋工作页=1  阿里妈妈报表页=1）
[里可林淘宝]   体检通过：阻断 0 项，告警 1 项
[里可林淘宝]     [告警] EGRESS_PROXY_NOT_DECLARED：没有声明出网代理，判不出浏览器走哪条路出网。浏览器默认跟随机器级系统代理，机器级代理不可达时**所有**页面都报 ERR_PROXY_CONNECTION_FAILED（2026-09-18 实测）。要么显式声明出网代理，要么启动浏览器时固定用 --no-proxy-server。
[里可林淘宝]     已跑 ENVIRONMENT:port/ENVIRONMENT:pages/ENVIRONMENT:egress；通过（另有 1 项不阻断的告警）；未实现的层：IDENTITY/SESSION/END_TO_END（这几层**没有检查过**，不表示通过）
[里可林淘宝] 2. alimama-date —— 阿里妈妈落位（日期全在 URL hash 里，navigate 即落位）
[里可林淘宝] 3. promotion-submit —— 提交推广报表生成任务（之后平台要生成几分钟，中途用第 3/4 步填掉）
[里可林淘宝] 4. sycm-date —— 生意参谋落位（切页签到 询单到付款 再定日期）
[里可林淘宝] 5. shop-report —— 点开日报预览并下载店铺工作簿（会把这个页签留在预览页）
[里可林淘宝] shopXlsxPath = C:\Users\Administrator\Downloads\日报_20260923_b3de46ced2634ef20c9372b4caf00736.xlsx
[里可林淘宝]   店铺工作簿 = C:\Users\Administrator\Downloads\日报_20260923_b3de46ced2634ef20c9372b4caf00736.xlsx
[里可林淘宝] 6. promotion-fetch —— 取推广 zip（先断言任务行是「生成成功」，再真实点复选框）
[里可林淘宝] [fetch] promotionZipPath = C:\Users\Administrator\Downloads\营销场景报表_20260923_081515.zip
[里可林淘宝]   推广 zip = C:\Users\Administrator\Downloads\营销场景报表_20260923_081515.zip
[里可林淘宝] 7. push —— 推送（会写底单新增一行）
[里可林淘宝] [shop-key] 里可林淘宝 ↔ 源产物店名 里可林家居 一致（证据目录 daily-report-2026-09-22-里可林淘宝）
[里可林淘宝] 8. sycm-reset —— 生意参谋回位：把被第 4 步带走的那个页签送回 qos/.../shop/performance（驱动自己导航）
[代理] 连接层失败（第 1/3 次）：fetch failed｜cause=ECONNABORTED → 1.5s 后重发 http://127.0.0.1:19041/targets
[代理] 第 2 次才通：http://127.0.0.1:19041/targets
[里可林淘宝]   回位：把 https://sycm.taobao.com/lyone/auto_analysis/datafetch/report_generation?insertType=sycm&la 送回 https://sycm.taobao.com/qos/service/frame/shop/performance/new#/shop
[里可林淘宝] 9. sycm-date-again —— 回位会重置页签与日期 ⇒ 必须重跑落位，否则回填报 expected one 当日询单人数 table, got 0
[里可林淘宝] 10. backfill —— 询单回填（写两个字段）
[里可林淘宝] 11. readback —— 独立回读 + 截图（换一条通路读同一个事实）
[网林天猫] 1. health-check —— 体检：这家店的浏览器在不在、profile 对不对、两个必需页面各恰好一个
[网林天猫]   归位：本来就在位（生意参谋工作页=1  阿里妈妈报表页=1）
[网林天猫]   体检通过：阻断 0 项，告警 1 项
[网林天猫]     [告警] EGRESS_PROXY_NOT_DECLARED：没有声明出网代理，判不出浏览器走哪条路出网。浏览器默认跟随机器级系统代理，机器级代理不可达时**所有**页面都报 ERR_PROXY_CONNECTION_FAILED（2026-09-18 实测）。要么显式声明出网代理，要么启动浏览器时固定用 --no-proxy-server。
[网林天猫]     已跑 ENVIRONMENT:port/ENVIRONMENT:pages/ENVIRONMENT:egress；通过（另有 1 项不阻断的告警）；未实现的层：IDENTITY/SESSION/END_TO_END（这几层**没有检查过**，不表示通过）
[网林天猫] 2. alimama-date —— 阿里妈妈落位（日期全在 URL hash 里，navigate 即落位）
[网林天猫] 3. promotion-submit —— 提交推广报表生成任务（之后平台要生成几分钟，中途用第 3/4 步填掉）
[网林天猫] 4. sycm-date —— 生意参谋落位（切页签到 询单到付款 再定日期）
[网林天猫] 5. shop-report —— 点开日报预览并下载店铺工作簿（会把这个页签留在预览页）
[网林天猫] shopXlsxPath = C:\Users\Administrator\Downloads\日报_20260923_80bec2d747ebb68cb870a4272d0d52c1.xlsx
[网林天猫]   店铺工作簿 = C:\Users\Administrator\Downloads\日报_20260923_80bec2d747ebb68cb870a4272d0d52c1.xlsx
[网林天猫] 6. promotion-fetch —— 取推广 zip（先断言任务行是「生成成功」，再真实点复选框）
[网林天猫] [fetch] promotionZipPath = C:\Users\Administrator\Downloads\营销场景报表_20260923_081832.zip
[网林天猫]   推广 zip = C:\Users\Administrator\Downloads\营销场景报表_20260923_081832.zip
[网林天猫] 7. push —— 推送（会写底单新增一行）
[网林天猫] [shop-key] 网林天猫 ↔ 源产物店名 网林家居旗舰店 一致（证据目录 daily-report-2026-09-22-网林天猫）
[网林天猫] 8. sycm-reset —— 生意参谋回位：把被第 4 步带走的那个页签送回 qos/.../shop/performance（驱动自己导航）
[代理] 连接层失败（第 1/3 次）：fetch failed｜cause=ECONNRESET → 1.5s 后重发 http://127.0.0.1:19042/targets
[代理] 第 2 次才通：http://127.0.0.1:19042/targets
[网林天猫]   回位：把 https://sycm.taobao.com/lyone/auto_analysis/datafetch/report_generation?insertType=sycm&la 送回 https://sycm.taobao.com/qos/service/frame/shop/performance/new#/shop
[网林天猫] 9. sycm-date-again —— 回位会重置页签与日期 ⇒ 必须重跑落位，否则回填报 expected one 当日询单人数 table, got 0
[网林天猫] 10. backfill —— 询单回填（写两个字段）
[网林天猫] 11. readback —— 独立回读 + 截图（换一条通路读同一个事实）
[盖文淘宝] 1. health-check —— 体检：这家店的浏览器在不在、profile 对不对、两个必需页面各恰好一个
[盖文淘宝]   归位：本来就在位（生意参谋工作页=1  阿里妈妈报表页=1）
[盖文淘宝]   体检通过：阻断 0 项，告警 1 项
[盖文淘宝]     [告警] EGRESS_PROXY_NOT_DECLARED：没有声明出网代理，判不出浏览器走哪条路出网。浏览器默认跟随机器级系统代理，机器级代理不可达时**所有**页面都报 ERR_PROXY_CONNECTION_FAILED（2026-09-18 实测）。要么显式声明出网代理，要么启动浏览器时固定用 --no-proxy-server。
[盖文淘宝]     已跑 ENVIRONMENT:port/ENVIRONMENT:pages/ENVIRONMENT:egress；通过（另有 1 项不阻断的告警）；未实现的层：IDENTITY/SESSION/END_TO_END（这几层**没有检查过**，不表示通过）
[盖文淘宝] 2. alimama-date —— 阿里妈妈落位（日期全在 URL hash 里，navigate 即落位）
[盖文淘宝] 3. promotion-submit —— 提交推广报表生成任务（之后平台要生成几分钟，中途用第 3/4 步填掉）
[盖文淘宝] 4. sycm-date —— 生意参谋落位（切页签到 询单到付款 再定日期）
[盖文淘宝] 5. shop-report —— 点开日报预览并下载店铺工作簿（会把这个页签留在预览页）
[盖文淘宝] shopXlsxPath = C:\Users\Administrator\Downloads\日报2_20260923_90f3f449b92531c0823d97ec6d6bb86b.xlsx
[盖文淘宝]   店铺工作簿 = C:\Users\Administrator\Downloads\日报2_20260923_90f3f449b92531c0823d97ec6d6bb86b.xlsx
[盖文淘宝] 6. promotion-fetch —— 取推广 zip（先断言任务行是「生成成功」，再真实点复选框）
[盖文淘宝] [fetch] promotionZipPath = C:\Users\Administrator\Downloads\营销场景报表_20260923_082111.zip
[盖文淘宝]   推广 zip = C:\Users\Administrator\Downloads\营销场景报表_20260923_082111.zip
[盖文淘宝] 7. push —— 推送（会写底单新增一行）
[盖文淘宝] [shop-key] 盖文淘宝 ↔ 源产物店名 盖文全卫定制 一致（证据目录 daily-report-2026-09-22-盖文淘宝）
[盖文淘宝] 8. sycm-reset —— 生意参谋回位：把被第 4 步带走的那个页签送回 qos/.../shop/performance（驱动自己导航）
[代理] 连接层失败（第 1/3 次）：fetch failed｜cause=ECONNRESET → 1.5s 后重发 http://127.0.0.1:19043/targets
[代理] 第 2 次才通：http://127.0.0.1:19043/targets
[盖文淘宝]   回位：把 https://sycm.taobao.com/lyone/auto_analysis/datafetch/report_generation?insertType=sycm&la 送回 https://sycm.taobao.com/qos/service/frame/shop/performance/new#/shop
[盖文淘宝] 9. sycm-date-again —— 回位会重置页签与日期 ⇒ 必须重跑落位，否则回填报 expected one 当日询单人数 table, got 0
[盖文淘宝] 10. backfill —— 询单回填（写两个字段）
[盖文淘宝] 11. readback —— 独立回读 + 截图（换一条通路读同一个事实）
[盖文天猫] 1. health-check —— 体检：这家店的浏览器在不在、profile 对不对、两个必需页面各恰好一个
[盖文天猫]   归位：本来就在位（生意参谋工作页=1  阿里妈妈报表页=1）
[盖文天猫]   体检通过：阻断 0 项，告警 1 项
[盖文天猫]     [告警] EGRESS_PROXY_NOT_DECLARED：没有声明出网代理，判不出浏览器走哪条路出网。浏览器默认跟随机器级系统代理，机器级代理不可达时**所有**页面都报 ERR_PROXY_CONNECTION_FAILED（2026-09-18 实测）。要么显式声明出网代理，要么启动浏览器时固定用 --no-proxy-server。
[盖文天猫]     已跑 ENVIRONMENT:port/ENVIRONMENT:pages/ENVIRONMENT:egress；通过（另有 1 项不阻断的告警）；未实现的层：IDENTITY/SESSION/END_TO_END（这几层**没有检查过**，不表示通过）
[盖文天猫] 2. alimama-date —— 阿里妈妈落位（日期全在 URL hash 里，navigate 即落位）
[盖文天猫] 3. promotion-submit —— 提交推广报表生成任务（之后平台要生成几分钟，中途用第 3/4 步填掉）
[盖文天猫] 4. sycm-date —— 生意参谋落位（切页签到 询单到付款 再定日期）
[盖文天猫] 5. shop-report —— 点开日报预览并下载店铺工作簿（会把这个页签留在预览页）
[盖文天猫] shopXlsxPath = C:\Users\Administrator\Downloads\日报_20260923_adc987ef8d0897700e42dcf1427605b3.xlsx
[盖文天猫]   店铺工作簿 = C:\Users\Administrator\Downloads\日报_20260923_adc987ef8d0897700e42dcf1427605b3.xlsx
[盖文天猫] 6. promotion-fetch —— 取推广 zip（先断言任务行是「生成成功」，再真实点复选框）
[盖文天猫] [fetch] promotionZipPath = C:\Users\Administrator\Downloads\营销场景报表_20260923_082347.zip
[盖文天猫]   推广 zip = C:\Users\Administrator\Downloads\营销场景报表_20260923_082347.zip
[盖文天猫] 7. push —— 推送（会写底单新增一行）
[盖文天猫] [shop-key] 盖文天猫 ↔ 源产物店名 盖文旗舰店 一致（证据目录 daily-report-2026-09-22-盖文天猫）
[盖文天猫] 8. sycm-reset —— 生意参谋回位：把被第 4 步带走的那个页签送回 qos/.../shop/performance（驱动自己导航）
[代理] 连接层失败（第 1/3 次）：fetch failed｜cause=ECONNRESET → 1.5s 后重发 http://127.0.0.1:19045/targets
[代理] 第 2 次才通：http://127.0.0.1:19045/targets
[盖文天猫]   回位：把 https://sycm.taobao.com/lyone/auto_analysis/datafetch/report_generation?insertType=sycm&la 送回 https://sycm.taobao.com/qos/service/frame/shop/performance/new#/shop
[盖文天猫] 9. sycm-date-again —— 回位会重置页签与日期 ⇒ 必须重跑落位，否则回填报 expected one 当日询单人数 table, got 0
[盖文天猫] 10. backfill —— 询单回填（写两个字段）
[盖文天猫] 11. readback —— 独立回读 + 截图（换一条通路读同一个事实）
[科塔淘宝] 1. health-check —— 体检：这家店的浏览器在不在、profile 对不对、两个必需页面各恰好一个
[科塔淘宝]   归位：本来就在位（生意参谋工作页=1  阿里妈妈报表页=1）
[科塔淘宝]   体检通过：阻断 0 项，告警 1 项
[科塔淘宝]     [告警] EGRESS_PROXY_NOT_DECLARED：没有声明出网代理，判不出浏览器走哪条路出网。浏览器默认跟随机器级系统代理，机器级代理不可达时**所有**页面都报 ERR_PROXY_CONNECTION_FAILED（2026-09-18 实测）。要么显式声明出网代理，要么启动浏览器时固定用 --no-proxy-server。
[科塔淘宝]     已跑 ENVIRONMENT:port/ENVIRONMENT:pages/ENVIRONMENT:egress；通过（另有 1 项不阻断的告警）；未实现的层：IDENTITY/SESSION/END_TO_END（这几层**没有检查过**，不表示通过）
[科塔淘宝] 2. alimama-date —— 阿里妈妈落位（日期全在 URL hash 里，navigate 即落位）
[科塔淘宝] 3. promotion-submit —— 提交推广报表生成任务（之后平台要生成几分钟，中途用第 3/4 步填掉）
[科塔淘宝] 4. sycm-date —— 生意参谋落位（切页签到 询单到付款 再定日期）
[科塔淘宝] 5. shop-report —— 点开日报预览并下载店铺工作簿（会把这个页签留在预览页）
[科塔淘宝] shopXlsxPath = C:\Users\Administrator\Downloads\日报_20260923_aefdcd0599626688507142b7bbed7e84.xlsx
[科塔淘宝]   店铺工作簿 = C:\Users\Administrator\Downloads\日报_20260923_aefdcd0599626688507142b7bbed7e84.xlsx
[科塔淘宝] 6. promotion-fetch —— 取推广 zip（先断言任务行是「生成成功」，再真实点复选框）
[科塔淘宝] [fetch] promotionZipPath = C:\Users\Administrator\Downloads\营销场景报表_20260923_082631.zip
[科塔淘宝]   推广 zip = C:\Users\Administrator\Downloads\营销场景报表_20260923_082631.zip
[科塔淘宝] 7. push —— 推送（会写底单新增一行）
[科塔淘宝] [shop-key] 科塔淘宝 ↔ 源产物店名 科塔全卫定制 一致（证据目录 daily-report-2026-09-22-科塔淘宝）
[科塔淘宝] 8. sycm-reset —— 生意参谋回位：把被第 4 步带走的那个页签送回 qos/.../shop/performance（驱动自己导航）
[代理] 连接层失败（第 1/3 次）：fetch failed｜cause=ECONNRESET → 1.5s 后重发 http://127.0.0.1:19044/targets
[代理] 第 2 次才通：http://127.0.0.1:19044/targets
[科塔淘宝]   回位：把 https://sycm.taobao.com/lyone/auto_analysis/datafetch/report_generation?insertType=sycm&la 送回 https://sycm.taobao.com/qos/service/frame/shop/performance/new#/shop
[科塔淘宝] 9. sycm-date-again —— 回位会重置页签与日期 ⇒ 必须重跑落位，否则回填报 expected one 当日询单人数 table, got 0
[科塔淘宝] 10. backfill —— 询单回填（写两个字段）
[科塔淘宝] 11. readback —— 独立回读 + 截图（换一条通路读同一个事实）

[驱动] 汇总：
  里可林淘宝：ok
  网林天猫：ok
  盖文淘宝：ok
  盖文天猫：ok
  科塔淘宝：ok
[驱动] 明细 evidence\multi-shop-2026-09-22\summary.json
[驱动] 5 家店都收完了，没发提醒（--notify 只在出错时叫人）。
[2026-09-23T00:28:57.616Z] --- chain 退出码=0
[2026-09-23T00:28:57.617Z] === 定时任务结束：全链退出码=0；证据目录 evidence/multi-shop-2026-09-22/ ===
