[2026-09-21T03:41:04.503Z] === 定时任务开始（目标日字面量 yesterday → 2026-09-20）===
[2026-09-21T03:41:04.504Z] 日志：D:\Retire\sycm-automation\evidence\daily-job-2026-09-20\job.log
[2026-09-21T03:41:04.504Z] --- ensure-instances：C:\Users\Administrator\.workbuddy\binaries\node\versions\22.22.2-3\node.exe D:\Retire\sycm-automation\scripts\start-all.mjs
[起齐] 目标 7 个实例（来源：runtime/browser-ports.mjs）
  · 竞品链（买家号 ＋ 小旺神）  起前:ready  已就位，不动
  · 商家浏览器（日报/周表/灰豚）  起前:ready  已就位，不动
  · 里可林淘宝  起前:ready  已就位，不动
  · 网林天猫  起前:ready  已就位，不动
  · 盖文淘宝  起前:ready  已就位，不动
  · 盖文天猫  起前:ready  已就位，不动
  · 科塔淘宝  起前:ready  已就位，不动
[判据] 目标全部就位
       复核：node runtime/browser-inventory.mjs
[2026-09-21T03:41:04.726Z] --- ensure-instances 退出码=0
[2026-09-21T03:41:04.726Z] --- chain：C:\Users\Administrator\.workbuddy\binaries\node\versions\22.22.2-3\node.exe D:\Retire\sycm-automation\skills\sycm-alimama-daily-report\scripts\run-multi-shop-day.mjs --date yesterday --commit --notify
[驱动] 目标日 2026-09-20｜模式 commit｜店铺 5 家：里可林淘宝 / 网林天猫 / 盖文淘宝 / 盖文天猫 / 科塔淘宝
[驱动] （--date yesterday 按 Asia/Shanghai 解析成 2026-09-20）
[驱动] 日志根 D:\Retire\sycm-automation\evidence\multi-shop-2026-09-20
[驱动] --commit：会真的写飞书。目标日已有行会硬重复停止（先按 §9.3 删那天）。
[驱动] 出错时：--notify 且 --commit
[驱动]   里可林淘宝 | 页头店名 里可林家居 | 会员 里可林家居:阿彦 2350600069
[驱动]   网林天猫 | 页头店名 网林家居旗舰店 | 会员 网林家居旗舰店:阿彦 7314426323
[驱动]   盖文淘宝 | 页头店名 盖文全卫定制 | 会员 随心品质定制:阿彦 887360146
[驱动]   盖文天猫 | 页头店名 盖文旗舰店 | 会员 盖文旗舰店:阿彦 2995200080
[驱动]   科塔淘宝 | 页头店名 科塔全卫定制 | 会员 j873522735:阿彦 412070158
[一轮]   体检通过：阻断 0 项，告警 1 项
[一轮]     [告警] EGRESS_PROXY_NOT_DECLARED：没有声明出网代理，判不出浏览器走哪条路出网。浏览器默认跟随机器级系统代理，机器级代理不可达时**所有**页面都报 ERR_PROXY_CONNECTION_FAILED（2026-09-18 实测）。要么显式声明出网代理，要么启动浏览器时固定用 --no-proxy-server。
[一轮]     已跑 ENVIRONMENT:port/ENVIRONMENT:pages/ENVIRONMENT:egress；通过（另有 1 项不阻断的告警）；未实现的层：IDENTITY/SESSION/END_TO_END（这几层**没有检查过**，不表示通过）
[里可林淘宝] 1. health-check —— 体检：这家店的浏览器在不在、profile 对不对、两个必需页面各恰好一个
[里可林淘宝]   体检通过：阻断 0 项，告警 1 项
[里可林淘宝]     [告警] EGRESS_PROXY_NOT_DECLARED：没有声明出网代理，判不出浏览器走哪条路出网。浏览器默认跟随机器级系统代理，机器级代理不可达时**所有**页面都报 ERR_PROXY_CONNECTION_FAILED（2026-09-18 实测）。要么显式声明出网代理，要么启动浏览器时固定用 --no-proxy-server。
[里可林淘宝]     已跑 ENVIRONMENT:port/ENVIRONMENT:pages/ENVIRONMENT:egress；通过（另有 1 项不阻断的告警）；未实现的层：IDENTITY/SESSION/END_TO_END（这几层**没有检查过**，不表示通过）
[里可林淘宝] 2. alimama-date —— 阿里妈妈落位（日期全在 URL hash 里，navigate 即落位）
[里可林淘宝] 3. promotion-submit —— 提交推广报表生成任务（之后平台要生成几分钟，中途用第 3/4 步填掉）
[里可林淘宝] 4. sycm-date —— 生意参谋落位（切页签到 询单到付款 再定日期）
[里可林淘宝]   stderr 尾部：
            277
          ]
        },
        {
          "step": "click-preset",
          "text": "1天",
          "point": [
            821,
            162
          ]
        }
      ]
[里可林淘宝] 停在这一步：阶段 sycm-date 失败（exit 1）
[驱动] 按默认策略停整轮（要看完全部店加 --keep-going）。已跑的店记在 evidence\multi-shop-2026-09-20。

[驱动] 汇总：
  里可林淘宝：failed（停在 sycm-date） —— 阶段 sycm-date 失败（exit 1）
[驱动] 明细 evidence\multi-shop-2026-09-20\summary.json
[驱动] 告警投递退出码=0：{
  "version": "feishu-notify-receipt-v1",
  "status": "SENT",
  "channel": "app",
  "alertId": "daily-round-20260920",
  "sentAt": "2026-09-21T03:41:33.371Z",
  "attempts": [
    {
      "channel": "app",
      "ok": true,
      "target": "ou_e254f8d7d91a042b31fcd59299a1a4a9",
      "messageId": "o
[2026-09-21T03:41:34.418Z] --- chain 退出码=1
[2026-09-21T03:41:34.418Z] === 定时任务结束：全链退出码=1；证据目录 evidence/multi-shop-2026-09-20/ ===
