startedAt=2026-09-21T07:57:56.128Z
finishedAt=2026-09-21T07:58:17.487Z
status=1 signal=null
elapsedSec=21
--- STDOUT ---
[驱动] 目标日 2026-09-20｜模式 commit｜店铺 1 家：科塔淘宝
[驱动] 日志根 D:\Retire\sycm-automation\evidence\multi-shop-2026-09-20
[驱动] 本机 DESKTOP-KJP4RA5
[驱动] --commit：会真的写飞书。目标日已有行会硬重复停止（先按 §9.3 删那天）。
[驱动] 出错时：--notify-print：只打印不投递
[驱动]   科塔淘宝 | 页头店名 科塔全卫定制 | 会员 j873522735:阿彦 412070158
[一轮]   归位：本来就在位（生意参谋工作页=1  飞书底单页=1）
[一轮]   体检通过：阻断 0 项，告警 1 项
[一轮]     [告警] EGRESS_PROXY_NOT_DECLARED：没有声明出网代理，判不出浏览器走哪条路出网。浏览器默认跟随机器级系统代理，机器级代理不可达时**所有**页面都报 ERR_PROXY_CONNECTION_FAILED（2026-09-18 实测）。要么显式声明出网代理，要么启动浏览器时固定用 --no-proxy-server。
[一轮]     已跑 ENVIRONMENT:port/ENVIRONMENT:pages/ENVIRONMENT:egress；通过（另有 1 项不阻断的告警）；未实现的层：IDENTITY/SESSION/END_TO_END（这几层**没有检查过**，不表示通过）
[科塔淘宝] 1. health-check —— 体检：这家店的浏览器在不在、profile 对不对、两个必需页面各恰好一个
[科塔淘宝]   归位：已归位（生意参谋工作页=0  阿里妈妈报表页=1 → 生意参谋工作页=1  阿里妈妈报表页=1）
[科塔淘宝]     [归位] 生意参谋工作页：reclaim
[科塔淘宝]   体检通过：阻断 0 项，告警 1 项
[科塔淘宝]     [告警] EGRESS_PROXY_NOT_DECLARED：没有声明出网代理，判不出浏览器走哪条路出网。浏览器默认跟随机器级系统代理，机器级代理不可达时**所有**页面都报 ERR_PROXY_CONNECTION_FAILED（2026-09-18 实测）。要么显式声明出网代理，要么启动浏览器时固定用 --no-proxy-server。
[科塔淘宝]     已跑 ENVIRONMENT:port/ENVIRONMENT:pages/ENVIRONMENT:egress；通过（另有 1 项不阻断的告警）；未实现的层：IDENTITY/SESSION/END_TO_END（这几层**没有检查过**，不表示通过）
[科塔淘宝] 2. alimama-date —— 阿里妈妈落位（日期全在 URL hash 里，navigate 即落位）
[科塔淘宝] 3. promotion-submit —— 提交推广报表生成任务（之后平台要生成几分钟，中途用第 3/4 步填掉）
[科塔淘宝] 4. sycm-date —— 生意参谋落位（切页签到 询单到付款 再定日期）
[代理] 连接层失败（第 1/3 次）：fetch failed｜cause=ECONNRESET → 1.5s 后重发 http://127.0.0.1:19044/targets
[代理] 第 2 次才通：http://127.0.0.1:19044/targets
[科塔淘宝]   停手时页面停在：生意参谋工作页=0  阿里妈妈报表页=1（共 2 个页签）
[科塔淘宝]     · 不属于期望清单：https://sycm.taobao.com/mc/free/sycm
[科塔淘宝]   回位：把 https://sycm.taobao.com/mc/free/sycm 送回 https://sycm.taobao.com/qos/service/frame/shop/performance/new#/shop
[科塔淘宝]   回位没做成：回位后仍不是恰好一个性能页（0 个）—— 停手，先看现场

[驱动] 汇总：
  科塔淘宝：failed（停在 sycm-date） —— 阶段 sycm-date 失败（exit 1）
[驱动] 明细 evidence\multi-shop-2026-09-20\summary.json
[驱动] 告警文案（收信人看到的）：
【需要处理】科塔淘宝的日报没收完（统计日 2026-09-20）
对象：日报一轮 · 1 家店
店铺：科塔淘宝
数据周期：统计日 2026-09-20
任务：各店铺日报
原因：没跑完 1 家：
· 科塔淘宝—— 停在第 4 步（生意参谋切到那一天）。这家店跑到一半停住了，这一天的数据没进飞书。
下一步：这一轮不需要你在浏览器里做什么。如果到今天下班前飞书里还是缺这一天的数据，就把这条消息转给技术同学，让他去看。
时间：2026-09-21 15:58
告警编号：daily-round-20260920
[驱动] （--notify-print：只打印、不投递）

--- STDERR ---
[科塔淘宝]   stderr 尾部：
          at resolveTarget (file:///D:/Retire/sycm-automation/skills/sycm-alimama-daily-report/scripts/date-picker.mjs:441:9)
          at process.processTicksAndRejections (node:internal/process/task_queues:103:5)
          at async runApplyDate (file:///D:/Retire/sycm-automation/skills/sycm-alimama-daily-report/scripts/date-picker.mjs:477:28)
          at async applyDate (file:///D:/Retire/sycm-automation/skills/sycm-alimama-daily-report/scripts/date-picker.mjs:457:12)
      TRACE [
        {
          "step": "recover-entry",
          "targetId": "0F3988566AF5D318E806DF8B456BE2E0",
          "from": "https://sycm.taobao.com/mc/free/sycm",
          "entryUrl": "https://sycm.taobao.com/qos/service/frame/shop/performance/new#/shop"
        }
      ]
[科塔淘宝] 停在这一步：阶段 sycm-date 失败（exit 1）
