startedAt=2026-09-21T07:54:09.524Z
finishedAt=2026-09-21T07:56:02.661Z
status=0 signal=null error=none
elapsedSec=113
--- STDOUT ---
[驱动] 目标日 2026-09-20｜模式 commit｜店铺 1 家：盖文天猫
[驱动] 日志根 D:\Retire\sycm-automation\evidence\multi-shop-2026-09-20
[驱动] 本机 DESKTOP-KJP4RA5
[驱动] --commit：会真的写飞书。目标日已有行会硬重复停止（先按 §9.3 删那天）。
[驱动] 出错时：--notify-print：只打印不投递
[驱动]   盖文天猫 | 页头店名 盖文旗舰店 | 会员 盖文旗舰店:阿彦 2995200080
[一轮]   归位：本来就在位（生意参谋工作页=1  飞书底单页=1）
[一轮]   体检通过：阻断 0 项，告警 1 项
[一轮]     [告警] EGRESS_PROXY_NOT_DECLARED：没有声明出网代理，判不出浏览器走哪条路出网。浏览器默认跟随机器级系统代理，机器级代理不可达时**所有**页面都报 ERR_PROXY_CONNECTION_FAILED（2026-09-18 实测）。要么显式声明出网代理，要么启动浏览器时固定用 --no-proxy-server。
[一轮]     已跑 ENVIRONMENT:port/ENVIRONMENT:pages/ENVIRONMENT:egress；通过（另有 1 项不阻断的告警）；未实现的层：IDENTITY/SESSION/END_TO_END（这几层**没有检查过**，不表示通过）
[盖文天猫] 1. health-check —— 体检：这家店的浏览器在不在、profile 对不对、两个必需页面各恰好一个
[盖文天猫]   归位：已归位（生意参谋工作页=0  阿里妈妈报表页=1 → 生意参谋工作页=1  阿里妈妈报表页=1）
[盖文天猫]     [归位] 生意参谋工作页：reclaim
[盖文天猫]   体检通过：阻断 0 项，告警 1 项
[盖文天猫]     [告警] EGRESS_PROXY_NOT_DECLARED：没有声明出网代理，判不出浏览器走哪条路出网。浏览器默认跟随机器级系统代理，机器级代理不可达时**所有**页面都报 ERR_PROXY_CONNECTION_FAILED（2026-09-18 实测）。要么显式声明出网代理，要么启动浏览器时固定用 --no-proxy-server。
[盖文天猫]     已跑 ENVIRONMENT:port/ENVIRONMENT:pages/ENVIRONMENT:egress；通过（另有 1 项不阻断的告警）；未实现的层：IDENTITY/SESSION/END_TO_END（这几层**没有检查过**，不表示通过）
[盖文天猫] 2. alimama-date —— 跳过（--only 没点名）
[盖文天猫] 3. promotion-submit —— 跳过（--only 没点名）
[盖文天猫] 4. sycm-date —— 跳过（--only 没点名）
[盖文天猫] 5. shop-report —— 跳过（--only 没点名）
[盖文天猫] 6. promotion-fetch —— 跳过（--only 没点名）
[盖文天猫] 7. push —— 推送（会写底单新增一行）
[盖文天猫] [shop-key] 盖文天猫 ↔ 源产物店名 盖文旗舰店 一致（证据目录 daily-report-2026-09-20-盖文天猫）
[盖文天猫] 8. sycm-reset —— 生意参谋回位：把被第 4 步带走的那个页签送回 qos/.../shop/performance（驱动自己导航）
[代理] 连接层失败（第 1/3 次）：fetch failed｜cause=ECONNRESET → 1.5s 后重发 http://127.0.0.1:19045/targets
[代理] 第 2 次才通：http://127.0.0.1:19045/targets
[盖文天猫]   回位：不需要 —— 已经恰好一个性能页（https://sycm.taobao.com/qos/service/frame/shop/performance/new#/shop）
[盖文天猫] 9. sycm-date-again —— 回位会重置页签与日期 ⇒ 必须重跑落位，否则回填报 expected one 当日询单人数 table, got 0
[盖文天猫] 10. backfill —— 询单回填（写两个字段）
[盖文天猫] 11. readback —— 独立回读 + 截图（换一条通路读同一个事实）

[驱动] 汇总：
  盖文天猫：ok
[驱动] 明细 evidence\multi-shop-2026-09-20\summary.json
[驱动] 1 家店都收完了，没发提醒（--notify 只在出错时叫人）。

--- STDERR ---
